Archive member included because of file (symbol)

/opt/stm32/gcc/gcc-arm-none-eabi-4_9-2015q2/bin/../lib/gcc/arm-none-eabi/4.9.3/../../../../arm-none-eabi/lib/armv7-m/libm.a(lib_a-sf_sin.o)
                              build/obj/pwmio.o (sinf)
/opt/stm32/gcc/gcc-arm-none-eabi-4_9-2015q2/bin/../lib/gcc/arm-none-eabi/4.9.3/../../../../arm-none-eabi/lib/armv7-m/libm.a(lib_a-wf_asin.o)
                              build/obj/attitude.o (asinf)
/opt/stm32/gcc/gcc-arm-none-eabi-4_9-2015q2/bin/../lib/gcc/arm-none-eabi/4.9.3/../../../../arm-none-eabi/lib/armv7-m/libm.a(lib_a-wf_atan2.o)
                              build/obj/attitude.o (atan2f)
/opt/stm32/gcc/gcc-arm-none-eabi-4_9-2015q2/bin/../lib/gcc/arm-none-eabi/4.9.3/../../../../arm-none-eabi/lib/armv7-m/libm.a(lib_a-wf_fmod.o)
                              build/obj/attitude.o (fmodf)
/opt/stm32/gcc/gcc-arm-none-eabi-4_9-2015q2/bin/../lib/gcc/arm-none-eabi/4.9.3/../../../../arm-none-eabi/lib/armv7-m/libm.a(lib_a-ef_asin.o)
                              /opt/stm32/gcc/gcc-arm-none-eabi-4_9-2015q2/bin/../lib/gcc/arm-none-eabi/4.9.3/../../../../arm-none-eabi/lib/armv7-m/libm.a(lib_a-wf_asin.o) (__ieee754_asinf)
/opt/stm32/gcc/gcc-arm-none-eabi-4_9-2015q2/bin/../lib/gcc/arm-none-eabi/4.9.3/../../../../arm-none-eabi/lib/armv7-m/libm.a(lib_a-ef_atan2.o)
                              /opt/stm32/gcc/gcc-arm-none-eabi-4_9-2015q2/bin/../lib/gcc/arm-none-eabi/4.9.3/../../../../arm-none-eabi/lib/armv7-m/libm.a(lib_a-wf_atan2.o) (__ieee754_atan2f)
/opt/stm32/gcc/gcc-arm-none-eabi-4_9-2015q2/bin/../lib/gcc/arm-none-eabi/4.9.3/../../../../arm-none-eabi/lib/armv7-m/libm.a(lib_a-ef_fmod.o)
                              /opt/stm32/gcc/gcc-arm-none-eabi-4_9-2015q2/bin/../lib/gcc/arm-none-eabi/4.9.3/../../../../arm-none-eabi/lib/armv7-m/libm.a(lib_a-wf_fmod.o) (__ieee754_fmodf)
/opt/stm32/gcc/gcc-arm-none-eabi-4_9-2015q2/bin/../lib/gcc/arm-none-eabi/4.9.3/../../../../arm-none-eabi/lib/armv7-m/libm.a(lib_a-ef_rem_pio2.o)
                              /opt/stm32/gcc/gcc-arm-none-eabi-4_9-2015q2/bin/../lib/gcc/arm-none-eabi/4.9.3/../../../../arm-none-eabi/lib/armv7-m/libm.a(lib_a-sf_sin.o) (__ieee754_rem_pio2f)
/opt/stm32/gcc/gcc-arm-none-eabi-4_9-2015q2/bin/../lib/gcc/arm-none-eabi/4.9.3/../../../../arm-none-eabi/lib/armv7-m/libm.a(lib_a-ef_sqrt.o)
                              /opt/stm32/gcc/gcc-arm-none-eabi-4_9-2015q2/bin/../lib/gcc/arm-none-eabi/4.9.3/../../../../arm-none-eabi/lib/armv7-m/libm.a(lib_a-ef_asin.o) (__ieee754_sqrtf)
/opt/stm32/gcc/gcc-arm-none-eabi-4_9-2015q2/bin/../lib/gcc/arm-none-eabi/4.9.3/../../../../arm-none-eabi/lib/armv7-m/libm.a(lib_a-kf_cos.o)
                              /opt/stm32/gcc/gcc-arm-none-eabi-4_9-2015q2/bin/../lib/gcc/arm-none-eabi/4.9.3/../../../../arm-none-eabi/lib/armv7-m/libm.a(lib_a-sf_sin.o) (__kernel_cosf)
/opt/stm32/gcc/gcc-arm-none-eabi-4_9-2015q2/bin/../lib/gcc/arm-none-eabi/4.9.3/../../../../arm-none-eabi/lib/armv7-m/libm.a(lib_a-kf_rem_pio2.o)
                              /opt/stm32/gcc/gcc-arm-none-eabi-4_9-2015q2/bin/../lib/gcc/arm-none-eabi/4.9.3/../../../../arm-none-eabi/lib/armv7-m/libm.a(lib_a-ef_rem_pio2.o) (__kernel_rem_pio2f)
/opt/stm32/gcc/gcc-arm-none-eabi-4_9-2015q2/bin/../lib/gcc/arm-none-eabi/4.9.3/../../../../arm-none-eabi/lib/armv7-m/libm.a(lib_a-kf_sin.o)
                              /opt/stm32/gcc/gcc-arm-none-eabi-4_9-2015q2/bin/../lib/gcc/arm-none-eabi/4.9.3/../../../../arm-none-eabi/lib/armv7-m/libm.a(lib_a-sf_sin.o) (__kernel_sinf)
/opt/stm32/gcc/gcc-arm-none-eabi-4_9-2015q2/bin/../lib/gcc/arm-none-eabi/4.9.3/../../../../arm-none-eabi/lib/armv7-m/libm.a(lib_a-s_lib_ver.o)
                              /opt/stm32/gcc/gcc-arm-none-eabi-4_9-2015q2/bin/../lib/gcc/arm-none-eabi/4.9.3/../../../../arm-none-eabi/lib/armv7-m/libm.a(lib_a-wf_asin.o) (__fdlib_version)
/opt/stm32/gcc/gcc-arm-none-eabi-4_9-2015q2/bin/../lib/gcc/arm-none-eabi/4.9.3/../../../../arm-none-eabi/lib/armv7-m/libm.a(lib_a-s_matherr.o)
                              /opt/stm32/gcc/gcc-arm-none-eabi-4_9-2015q2/bin/../lib/gcc/arm-none-eabi/4.9.3/../../../../arm-none-eabi/lib/armv7-m/libm.a(lib_a-wf_asin.o) (matherr)
/opt/stm32/gcc/gcc-arm-none-eabi-4_9-2015q2/bin/../lib/gcc/arm-none-eabi/4.9.3/../../../../arm-none-eabi/lib/armv7-m/libm.a(lib_a-s_nan.o)
                              /opt/stm32/gcc/gcc-arm-none-eabi-4_9-2015q2/bin/../lib/gcc/arm-none-eabi/4.9.3/../../../../arm-none-eabi/lib/armv7-m/libm.a(lib_a-wf_asin.o) (nan)
/opt/stm32/gcc/gcc-arm-none-eabi-4_9-2015q2/bin/../lib/gcc/arm-none-eabi/4.9.3/../../../../arm-none-eabi/lib/armv7-m/libm.a(lib_a-sf_atan.o)
                              /opt/stm32/gcc/gcc-arm-none-eabi-4_9-2015q2/bin/../lib/gcc/arm-none-eabi/4.9.3/../../../../arm-none-eabi/lib/armv7-m/libm.a(lib_a-ef_atan2.o) (atanf)
/opt/stm32/gcc/gcc-arm-none-eabi-4_9-2015q2/bin/../lib/gcc/arm-none-eabi/4.9.3/../../../../arm-none-eabi/lib/armv7-m/libm.a(lib_a-sf_fabs.o)
[...]
Memory Configuration

Name             Origin             Length             Attributes
flash            0x08000000         0x0003e800
fl_usr           0x0803e800         0x00001800
ram0             0x20000000         0x0000c000
ram1             0x00000000         0x00000000
ram2             0x00000000         0x00000000
ram3             0x00000000         0x00000000
ram4             0x00000000         0x00000000
ram5             0x00000000         0x00000000
ram6             0x00000000         0x00000000
ram7             0x00000000         0x00000000
*default*        0x00000000         0xffffffff

Linker script and memory map

LOAD build/obj/crt0_v7m.o
LOAD build/obj/chcoreasm_v7m.o
LOAD build/obj/crt1.o
LOAD build/obj/vectors.o
LOAD build/obj/chsys.o
LOAD build/obj/chdebug.o
LOAD build/obj/chvt.o
LOAD build/obj/chschd.o
LOAD build/obj/chthreads.o
LOAD build/obj/chtm.o
LOAD build/obj/chdynamic.o
LOAD build/obj/chsem.o
LOAD build/obj/chmtx.o
LOAD build/obj/chcond.o
LOAD build/obj/chevents.o
LOAD build/obj/chmsg.o
LOAD build/obj/chmboxes.o
LOAD build/obj/chqueues.o
LOAD build/obj/chmemcore.o
LOAD build/obj/chheap.o
LOAD build/obj/chmempools.o
LOAD build/obj/chcore.o
LOAD build/obj/chcore_v7m.o
LOAD build/obj/osal.o
LOAD build/obj/hal.o
LOAD build/obj/st.o
LOAD build/obj/hal_buffers.o
LOAD build/obj/hal_queues.o
LOAD build/obj/hal_mmcsd.o
LOAD build/obj/adc.o
LOAD build/obj/i2c.o
LOAD build/obj/pal.o
LOAD build/obj/pwm.o
LOAD build/obj/serial.o
LOAD build/obj/serial_usb.o
LOAD build/obj/usb.o
LOAD build/obj/hal_community.o
LOAD build/obj/hal_nand.o
LOAD build/obj/hal_onewire.o
LOAD build/obj/hal_eicu.o
LOAD build/obj/hal_crc.o
LOAD build/obj/hal_rng.o
LOAD build/obj/hal_usbh.o
LOAD build/obj/hal_usbh_debug.o
LOAD build/obj/hal_usbh_desciter.o
LOAD build/obj/hal_usbh_hub.o
LOAD build/obj/hal_usbh_msd.o
LOAD build/obj/hal_usbh_ftdi.o
LOAD build/obj/hal_usbh_uvc.o
LOAD build/obj/hal_ee24xx.o
LOAD build/obj/hal_ee25xx.o
LOAD build/obj/hal_eeprom.o
LOAD build/obj/hal_timcap.o
LOAD build/obj/hal_qei.o
LOAD build/obj/hal_usb_hid.o
LOAD build/obj/nvic.o
LOAD build/obj/hal_lld.o
LOAD build/obj/stm32_dma.o
LOAD build/obj/st_lld.o
LOAD build/obj/adc_lld.o
LOAD build/obj/pal_lld.o
LOAD build/obj/i2c_lld.o
LOAD build/obj/pwm_lld.o
LOAD build/obj/serial_lld.o
LOAD build/obj/usb_lld.o
LOAD build/obj/hal_crc_lld.o
LOAD build/obj/hal_fsmc.o
LOAD build/obj/hal_nand_lld.o
LOAD build/obj/hal_fsmc_sram.o
LOAD build/obj/hal_eicu_lld.o
LOAD build/obj/hal_timcap_lld.o
LOAD build/obj/hal_qei_lld.o
LOAD build/obj/hal_fsmc_sdram.o
LOAD build/obj/board.o
LOAD build/obj/pwmio.o
LOAD build/obj/test.o
LOAD build/obj/testthd.o
LOAD build/obj/testsem.o
LOAD build/obj/testmtx.o
LOAD build/obj/testmsg.o
LOAD build/obj/testmbox.o
LOAD build/obj/testevt.o
LOAD build/obj/testheap.o
LOAD build/obj/testpools.o
LOAD build/obj/testdyn.o
LOAD build/obj/testqueues.o
LOAD build/obj/testsys.o
LOAD build/obj/testbmk.o
LOAD build/obj/shell.o
LOAD build/obj/memstreams.o
LOAD build/obj/chprintf.o
LOAD build/obj/flash.o
LOAD build/obj/attitude.o
LOAD build/obj/main.o
LOAD build/obj/misc.o
LOAD build/obj/mpu6050.o
LOAD build/obj/telemetry.o
LOAD build/obj/usbcfg.o
LOAD build/obj/mavlink_handler.o
LOAD build/obj/storage.o
                0x00000400                __main_stack_size__ = 0x400
                0x00000400                __process_stack_size__ = 0x400
                0x20000000                __ram0_start__ = ORIGIN (ram0)
                0x0000c000                __ram0_size__ = 0xc000
                0x2000c000                __ram0_end__ = (__ram0_start__ + __ram0_size__)
                0x00000000                __ram1_start__ = ORIGIN (ram1)
                0x00000000                __ram1_size__ = 0x0
                0x00000000                __ram1_end__ = (__ram1_start__ + __ram1_size__)
                0x00000000                __ram2_start__ = ORIGIN (ram2)
                0x00000000                __ram2_size__ = 0x0
                0x00000000                __ram2_end__ = (__ram2_start__ + __ram2_size__)
                0x00000000                __ram3_start__ = ORIGIN (ram3)
                0x00000000                __ram3_size__ = 0x0
                0x00000000                __ram3_end__ = (__ram3_start__ + __ram3_size__)
                0x00000000                __ram4_start__ = ORIGIN (ram4)
                0x00000000                __ram4_size__ = 0x0
                0x00000000                __ram4_end__ = (__ram4_start__ + __ram4_size__)
                0x00000000                __ram5_start__ = ORIGIN (ram5)
                0x00000000                __ram5_size__ = 0x0
                0x00000000                __ram5_end__ = (__ram5_start__ + __ram5_size__)
                0x00000000                __ram6_start__ = ORIGIN (ram6)
                0x00000000                __ram6_size__ = 0x0
                0x00000000                __ram6_end__ = (__ram6_start__ + __ram6_size__)
                0x00000000                __ram7_start__ = ORIGIN (ram7)
                0x00000000                __ram7_size__ = 0x0
                0x00000000                __ram7_end__ = (__ram7_start__ + __ram7_size__)
                0x00000000                . = 0x0
                0x00000000                _text = .

startup         0x08000000      0x160
 *(.vectors)
 .vectors       0x08000000      0x160 build/obj/vectors.o
                0x08000000                _vectors

constructors    0x08000160        0x0
                0x08000160                __init_array_start = .
 *(SORT(.init_array.*))
 *(.init_array)
                0x08000160                __init_array_end = .

destructors     0x08000160        0x0
                0x08000160                __fini_array_start = .
 *(.fini_array)
 *(SORT(.fini_array.*))
                0x08000160                __fini_array_end = .

.text           0x08000160     0xebe0
 *(.text)
 .text          0x08000160       0xc4 build/obj/crt0_v7m.o
                0x08000160                Reset_Handler
 *fill*         0x08000224        0xc 
 .text          0x08000230       0x28 build/obj/chcoreasm_v7m.o
                0x08000230                _port_switch
                0x08000240                _port_thread_start
                0x08000250                _port_switch_from_isr
                0x08000254                _port_exit_from_isr
 *fill*         0x08000258        0x8 
 .text          0x08000260      0x370 /opt/stm32/gcc/gcc-arm-none-eabi-4_9-2015q2/bin/../lib/gcc/arm-none-eabi/4.9.3/armv7-m/libgcc.a(_arm_addsubdf3.o)
                0x08000260                __aeabi_drsub
                0x08000268                __aeabi_dsub
                0x08000268                __subdf3
                0x0800026c                __adddf3
                0x0800026c                __aeabi_dadd
                0x080004e4                __aeabi_ui2d
                0x080004e4                __floatunsidf
                0x08000504                __floatsidf
                0x08000504                __aeabi_i2d
                0x08000528                __extendsfdf2
                0x08000528                __aeabi_f2d
                0x08000564                __aeabi_ul2d
                0x08000564                __floatundidf
                0x08000574                __floatdidf
                0x08000574                __aeabi_l2d
 .text          0x080005d0      0x424 /opt/stm32/gcc/gcc-arm-none-eabi-4_9-2015q2/bin/../lib/gcc/arm-none-eabi/4.9.3/armv7-m/libgcc.a(_arm_muldivdf3.o)
                0x080005d0                __aeabi_dmul
                0x080005d0                __muldf3
                0x08000824                __aeabi_ddiv
                0x08000824                __divdf3
 *fill*         0x080009f4        0xc 
 .text          0x08000a00      0x110 /opt/stm32/gcc/gcc-arm-none-eabi-4_9-2015q2/bin/../lib/gcc/arm-none-eabi/4.9.3/armv7-m/libgcc.a(_arm_cmpdf2.o)
                0x08000a00                __gtdf2
                0x08000a00                __gedf2
                0x08000a08                __ltdf2
                0x08000a08                __ledf2
                0x08000a10                __cmpdf2
                0x08000a10                __eqdf2
                0x08000a10                __nedf2
                0x08000a8c                __aeabi_cdrcmple
                0x08000a9c                __aeabi_cdcmple
                0x08000a9c                __aeabi_cdcmpeq
                0x08000aac                __aeabi_dcmpeq
                0x08000ac0                __aeabi_dcmplt
                0x08000ad4                __aeabi_dcmple
                0x08000ae8                __aeabi_dcmpge
                0x08000afc                __aeabi_dcmpgt
 .text          0x08000b10       0x50 /opt/stm32/gcc/gcc-arm-none-eabi-4_9-2015q2/bin/../lib/gcc/arm-none-eabi/4.9.3/armv7-m/libgcc.a(_arm_fixdfsi.o)
                0x08000b10                __fixdfsi
                0x08000b10                __aeabi_d2iz
 .text          0x08000b60       0xa0 /opt/stm32/gcc/gcc-arm-none-eabi-4_9-2015q2/bin/../lib/gcc/arm-none-eabi/4.9.3/armv7-m/libgcc.a(_arm_truncdfsf2.o)
                0x08000b60                __aeabi_d2f
                0x08000b60                __truncdfsf2
 .text          0x08000c00      0x21c /opt/stm32/gcc/gcc-arm-none-eabi-4_9-2015q2/bin/../lib/gcc/arm-none-eabi/4.9.3/armv7-m/libgcc.a(_arm_addsubsf3.o)
                0x08000c00                __aeabi_frsub
                0x08000c08                __subsf3
                0x08000c08                __aeabi_fsub
                0x08000c0c                __aeabi_fadd
                0x08000c0c                __addsf3
                0x08000d6c                __aeabi_ui2f
                0x08000d6c                __floatunsisf
                0x08000d74                __aeabi_i2f
                0x08000d74                __floatsisf
                0x08000d90                __floatundisf
                0x08000d90                __aeabi_ul2f
                0x08000da0                __floatdisf
                0x08000da0                __aeabi_l2f
 *fill*         0x08000e1c        0x4 
 .text          0x08000e20      0x2a0 /opt/stm32/gcc/gcc-arm-none-eabi-4_9-2015q2/bin/../lib/gcc/arm-none-eabi/4.9.3/armv7-m/libgcc.a(_arm_muldivsf3.o)
                0x08000e20                __mulsf3
                0x08000e20                __aeabi_fmul
                0x08000f88                __divsf3
                0x08000f88                __aeabi_fdiv
 .text          0x080010c0       0xec /opt/stm32/gcc/gcc-arm-none-eabi-4_9-2015q2/bin/../lib/gcc/arm-none-eabi/4.9.3/armv7-m/libgcc.a(_arm_cmpsf2.o)
                0x080010c0                __gtsf2
                0x080010c0                __gesf2
                0x080010c8                __lesf2
                0x080010c8                __ltsf2
                0x080010d0                __nesf2
                0x080010d0                __eqsf2
                0x080010d0                __cmpsf2
                0x08001130                __aeabi_cfrcmple
                0x08001138                __aeabi_cfcmple
                0x08001138                __aeabi_cfcmpeq
                0x08001148                __aeabi_fcmpeq
                0x0800115c                __aeabi_fcmplt
                0x08001170                __aeabi_fcmple
                0x08001184                __aeabi_fcmpge
                0x08001198                __aeabi_fcmpgt
 *fill*         0x080011ac        0x4 
 .text          0x080011b0       0x4c /opt/stm32/gcc/gcc-arm-none-eabi-4_9-2015q2/bin/../lib/gcc/arm-none-eabi/4.9.3/armv7-m/libgcc.a(_arm_fixsfsi.o)
                0x080011b0                __fixsfsi
                0x080011b0                __aeabi_f2iz
 *fill*         0x080011fc        0x4 
 .text          0x08001200       0x40 /opt/stm32/gcc/gcc-arm-none-eabi-4_9-2015q2/bin/../lib/gcc/arm-none-eabi/4.9.3/armv7-m/libgcc.a(_arm_fixunssfsi.o)
                0x08001200                __aeabi_f2uiz
                0x08001200                __fixunssfsi
 .text          0x08001240       0xec /opt/stm32/gcc/gcc-arm-none-eabi-4_9-2015q2/bin/../lib/gcc/arm-none-eabi/4.9.3/../../../../arm-none-eabi/lib/armv7-m/libg.a(lib_a-memcpy.o)
                0x08001240                memcpy
 *fill*         0x0800132c        0x4 
 .text          0x08001330      0x1bc /opt/stm32/gcc/gcc-arm-none-eabi-4_9-2015q2/bin/../lib/gcc/arm-none-eabi/4.9.3/../../../../arm-none-eabi/lib/armv7-m/libg.a(lib_a-strcmp.o)
                0x08001330                strcmp
 *(.text.*)
 *fill*         0x080014ec        0x4 
 .text.__core_init
                0x080014f0        0x4 build/obj/crt1.o
                0x080014f0                __core_init
 *fill*         0x080014f4        0xc 
 .text.__late_init
                0x08001500        0x4 build/obj/crt1.o
                0x08001500                __late_init
 *fill*         0x08001504        0xc 
 .text.__default_exit
                0x08001510        0x4 build/obj/crt1.o
                0x08001510                __default_exit
 *fill*         0x08001514        0xc 
 .text.__init_ram_areas
                0x08001520       0x4c build/obj/crt1.o
                0x08001520                __init_ram_areas
 *fill*         0x0800156c        0x4 
 .text._unhandled_exception
                0x08001570        0x4 build/obj/vectors.o
                0x08001570                Vector58
                0x08001570                VectorE8
                0x08001570                Vector9C
                0x08001570                DebugMon_Handler
                0x08001570                Vector5C
                0x08001570                Vector11C
                0x08001570                HardFault_Handler
                0x08001570                Vector8C
                0x08001570                VectorDC
                0x08001570                PendSV_Handler
                0x08001570                NMI_Handler
                0x08001570                Vector94
                0x08001570                VectorA8
                0x08001570                UsageFault_Handler
                0x08001570                VectorEC
                0x08001570                Vector40
                0x08001570                VectorF8
                0x08001570                Vector108
                0x08001570                VectorBC
                0x08001570                Vector150
                0x08001570                Vector148
                0x08001570                Vector118
                0x08001570                Vector64
                0x08001570                VectorCC
                0x08001570                Vector54
                0x08001570                Vector98
                0x08001570                VectorD8
                0x08001570                Vector138
                0x08001570                Vector24
                0x08001570                VectorD0
                0x08001570                Vector140
                0x08001570                VectorE4
                0x08001570                VectorC0
                0x08001570                Vector158
                0x08001570                Vector130
                0x08001570                Vector134
                0x08001570                VectorF0
                0x08001570                Vector13C
                0x08001570                Vector100
                0x08001570                VectorE0
                0x08001570                VectorF4
                0x08001570                MemManage_Handler
                0x08001570                VectorA0
                0x08001570                Vector114
                0x08001570                Vector60
                0x08001570                Vector1C
                0x08001570                Vector48
                0x08001570                VectorD4
                0x08001570                Vector4C
                0x08001570                Vector144
                0x08001570                Vector15C
                0x08001570                Vector68
                0x08001570                _unhandled_exception
                0x08001570                Vector88
                0x08001570                Vector104
                0x08001570                Vector10C
                0x08001570                Vector14C
                0x08001570                BusFault_Handler
                0x08001570                Vector50
                0x08001570                Vector154
                0x08001570                Vector44
                0x08001570                Vector28
                0x08001570                VectorFC
                0x08001570                Vector34
                0x08001570                Vector20
 *fill*         0x08001574        0xc 
 .text._idle_thread
                0x08001580        0x4 build/obj/chsys.o
 *fill*         0x08001584        0xc 
 .text.chSysInit
                0x08001590       0x8c build/obj/chsys.o
                0x08001590                chSysInit
 *fill*         0x0800161c        0x4 
 .text.chSysHalt
                0x08001620        0xc build/obj/chsys.o
                0x08001620                chSysHalt
 *fill*         0x0800162c        0x4 
 .text.chSysIntegrityCheckI
                0x08001630       0x80 build/obj/chsys.o
                0x08001630                chSysIntegrityCheckI
 .text.chSysTimerHandlerI
                0x080016b0       0x48 build/obj/chsys.o
                0x080016b0                chSysTimerHandlerI
 *fill*         0x080016f8        0x8 
 .text.chSysGetStatusAndLockX
                0x08001700       0x14 build/obj/chsys.o
                0x08001700                chSysGetStatusAndLockX
 *fill*         0x08001714        0xc 
 .text.chSysRestoreStatusX
                0x08001720       0x20 build/obj/chsys.o
                0x08001720                chSysRestoreStatusX
 .text._vt_init
                0x08001740       0x1c build/obj/chvt.o
                0x08001740                _vt_init
 *fill*         0x0800175c        0x4 
 .text.chVTDoSetI
                0x08001760       0x3c build/obj/chvt.o
                0x08001760                chVTDoSetI
 *fill*         0x0800179c        0x4 
 .text.chVTDoResetI
                0x080017a0       0x28 build/obj/chvt.o
                0x080017a0                chVTDoResetI
 *fill*         0x080017c8        0x8 
 .text.wakeup   0x080017d0       0x70 build/obj/chschd.o
 .text._scheduler_init
                0x08001840       0x10 build/obj/chschd.o
                0x08001840                _scheduler_init
 .text.chSchReadyI
                0x08001850       0x2c build/obj/chschd.o
                0x08001850                chSchReadyI
 *fill*         0x0800187c        0x4 
 .text.chSchGoSleepS
                0x08001880       0x24 build/obj/chschd.o
                0x08001880                chSchGoSleepS
 *fill*         0x080018a4        0xc 
 .text.chSchGoSleepTimeoutS
                0x080018b0       0x48 build/obj/chschd.o
                0x080018b0                chSchGoSleepTimeoutS
 *fill*         0x080018f8        0x8 
 .text.chSchWakeupS
                0x08001900       0x58 build/obj/chschd.o
                0x08001900                chSchWakeupS
 *fill*         0x08001958        0x8 
 .text.chSchIsPreemptionRequired
                0x08001960       0x18 build/obj/chschd.o
                0x08001960                chSchIsPreemptionRequired
 *fill*         0x08001978        0x8 
 .text.chSchDoRescheduleBehind
                0x08001980       0x3c build/obj/chschd.o
                0x08001980                chSchDoRescheduleBehind
 *fill*         0x080019bc        0x4 
 .text.chSchDoRescheduleAhead
                0x080019c0       0x3c build/obj/chschd.o
                0x080019c0                chSchDoRescheduleAhead
 *fill*         0x080019fc        0x4 
 .text.chSchRescheduleS
                0x08001a00       0x18 build/obj/chschd.o
                0x08001a00                chSchRescheduleS
 *fill*         0x08001a18        0x8 
 .text.chSchDoReschedule
                0x08001a20        0x4 build/obj/chschd.o
                0x08001a20                chSchDoReschedule
 *fill*         0x08001a24        0xc 
 .text._thread_init
                0x08001a30       0x28 build/obj/chthreads.o
                0x08001a30                _thread_init
 *fill*         0x08001a58        0x8 
 .text.chThdCreateI
                0x08001a60       0x4c build/obj/chthreads.o
                0x08001a60                chThdCreateI
 *fill*         0x08001aac        0x4 
 .text.chThdCreateStatic
                0x08001ab0       0x64 build/obj/chthreads.o
                0x08001ab0                chThdCreateStatic
 *fill*         0x08001b14        0xc 
 .text.chThdStart
                0x08001b20       0x14 build/obj/chthreads.o
                0x08001b20                chThdStart
 *fill*         0x08001b34        0xc 
 .text.chThdSetPriority
                0x08001b40       0x30 build/obj/chthreads.o
                0x08001b40                chThdSetPriority
 .text.chThdTerminate
                0x08001b70       0x18 build/obj/chthreads.o
                0x08001b70                chThdTerminate
 *fill*         0x08001b88        0x8 
 .text.chThdSleep
                0x08001b90       0x18 build/obj/chthreads.o
                0x08001b90                chThdSleep
 *fill*         0x08001ba8        0x8 
 .text.chThdSleepUntil
                0x08001bb0       0x24 build/obj/chthreads.o
                0x08001bb0                chThdSleepUntil
 *fill*         0x08001bd4        0xc 
 .text.chThdYield
                0x08001be0       0x28 build/obj/chthreads.o
                0x08001be0                chThdYield
 *fill*         0x08001c08        0x8 
 .text.chThdExitS
                0x08001c10       0x30 build/obj/chthreads.o
                0x08001c10                chThdExitS
 .text.chThdExit
                0x08001c40        0xc build/obj/chthreads.o
                0x08001c40                chThdExit
 *fill*         0x08001c4c        0x4 
 .text.chThdWait
                0x08001c50       0x38 build/obj/chthreads.o
                0x08001c50                chThdWait
 *fill*         0x08001c88        0x8 
 .text.chThdSuspendTimeoutS
                0x08001c90       0x1c build/obj/chthreads.o
                0x08001c90                chThdSuspendTimeoutS
 *fill*         0x08001cac        0x4 
 .text.chThdResumeI
                0x08001cb0       0x14 build/obj/chthreads.o
                0x08001cb0                chThdResumeI
 *fill*         0x08001cc4        0xc 
 .text.chThdEnqueueTimeoutS
                0x08001cd0       0x28 build/obj/chthreads.o
                0x08001cd0                chThdEnqueueTimeoutS
 *fill*         0x08001cf8        0x8 
 .text.chThdDequeueNextI
                0x08001d00       0x20 build/obj/chthreads.o
                0x08001d00                chThdDequeueNextI
 .text.chThdDequeueAllI
                0x08001d20       0x24 build/obj/chthreads.o
                0x08001d20                chThdDequeueAllI
 *fill*         0x08001d44        0xc 
 .text.chTMStartMeasurementX
                0x08001d50        0xc build/obj/chtm.o
                0x08001d50                chTMStartMeasurementX
 *fill*         0x08001d5c        0x4 
 .text.chTMStopMeasurementX
                0x08001d60       0x44 build/obj/chtm.o
                0x08001d60                chTMStopMeasurementX
 *fill*         0x08001da4        0xc 
 .text._tm_init
                0x08001db0       0x38 build/obj/chtm.o
                0x08001db0                _tm_init
 *fill*         0x08001de8        0x8 
 .text.chThdRelease
                0x08001df0       0x40 build/obj/chdynamic.o
                0x08001df0                chThdRelease
 .text.chThdCreateFromHeap
                0x08001e30       0x3c build/obj/chdynamic.o
                0x08001e30                chThdCreateFromHeap
 *fill*         0x08001e6c        0x4 
 .text.chThdCreateFromMemoryPool
                0x08001e70       0x44 build/obj/chdynamic.o
                0x08001e70                chThdCreateFromMemoryPool
 *fill*         0x08001eb4        0xc 
 .text.chSemObjectInit
                0x08001ec0        0x8 build/obj/chsem.o
                0x08001ec0                chSemObjectInit
 *fill*         0x08001ec8        0x8 
 .text.chSemResetI
                0x08001ed0       0x28 build/obj/chsem.o
                0x08001ed0                chSemResetI
 *fill*         0x08001ef8        0x8 
 .text.chSemReset
                0x08001f00       0x18 build/obj/chsem.o
                0x08001f00                chSemReset
 *fill*         0x08001f18        0x8 
 .text.chSemWait
                0x08001f20       0x44 build/obj/chsem.o
                0x08001f20                chSemWait
 *fill*         0x08001f64        0xc 
 .text.chSemWaitTimeoutS
                0x08001f70       0x40 build/obj/chsem.o
                0x08001f70                chSemWaitTimeoutS
 .text.chSemWaitTimeout
                0x08001fb0       0x14 build/obj/chsem.o
                0x08001fb0                chSemWaitTimeout
 *fill*         0x08001fc4        0xc 
 .text.chSemSignal
                0x08001fd0       0x34 build/obj/chsem.o
                0x08001fd0                chSemSignal
 *fill*         0x08002004        0xc 
 .text.chSemSignalI
                0x08002010       0x28 build/obj/chsem.o
                0x08002010                chSemSignalI
 *fill*         0x08002038        0x8 
 .text.chSemAddCounterI
                0x08002040       0x30 build/obj/chsem.o
                0x08002040                chSemAddCounterI
 .text.chSemSignalWait
                0x08002070       0x6c build/obj/chsem.o
                0x08002070                chSemSignalWait
 *fill*         0x080020dc        0x4 
 .text.chMtxObjectInit
                0x080020e0        0xc build/obj/chmtx.o
                0x080020e0                chMtxObjectInit
 *fill*         0x080020ec        0x4 
 .text.chMtxLockS
                0x080020f0       0xc8 build/obj/chmtx.o
                0x080020f0                chMtxLockS
 *fill*         0x080021b8        0x8 
 .text.chMtxLock
                0x080021c0       0x14 build/obj/chmtx.o
                0x080021c0                chMtxLock
 *fill*         0x080021d4        0xc 
 .text.chMtxTryLock
                0x080021e0       0x30 build/obj/chmtx.o
                0x080021e0                chMtxTryLock
 .text.chMtxUnlock
                0x08002210       0x64 build/obj/chmtx.o
                0x08002210                chMtxUnlock
 *fill*         0x08002274        0xc 
 .text.chMtxUnlockS
                0x08002280       0x50 build/obj/chmtx.o
                0x08002280                chMtxUnlockS
 .text.chMtxUnlockAll
                0x080022d0       0x54 build/obj/chmtx.o
                0x080022d0                chMtxUnlockAll
 *fill*         0x08002324        0xc 
 .text.chCondObjectInit
                0x08002330        0x8 build/obj/chcond.o
                0x08002330                chCondObjectInit
 *fill*         0x08002338        0x8 
 .text.chCondSignal
                0x08002340       0x30 build/obj/chcond.o
                0x08002340                chCondSignal
 .text.chCondSignalI
                0x08002370       0x20 build/obj/chcond.o
                0x08002370                chCondSignalI
 .text.chCondBroadcastI
                0x08002390       0x24 build/obj/chcond.o
                0x08002390                chCondBroadcastI
 *fill*         0x080023b4        0xc 
 .text.chCondBroadcast
                0x080023c0       0x18 build/obj/chcond.o
                0x080023c0                chCondBroadcast
 *fill*         0x080023d8        0x8 
 .text.chCondWaitS
                0x080023e0       0x44 build/obj/chcond.o
                0x080023e0                chCondWaitS
 *fill*         0x08002424        0xc 
 .text.chCondWait
                0x08002430       0x14 build/obj/chcond.o
                0x08002430                chCondWait
 *fill*         0x08002444        0xc 
 .text.chCondWaitTimeoutS
                0x08002450       0x50 build/obj/chcond.o
                0x08002450                chCondWaitTimeoutS
 .text.chCondWaitTimeout
                0x080024a0       0x14 build/obj/chcond.o
                0x080024a0                chCondWaitTimeout
 *fill*         0x080024b4        0xc 
 .text.chEvtRegisterMaskWithFlags
                0x080024c0       0x28 build/obj/chevents.o
                0x080024c0                chEvtRegisterMaskWithFlags
 *fill*         0x080024e8        0x8 
 .text.chEvtUnregister
                0x080024f0       0x2c build/obj/chevents.o
                0x080024f0                chEvtUnregister
 *fill*         0x0800251c        0x4 
 .text.chEvtGetAndClearEvents
                0x08002520       0x28 build/obj/chevents.o
                0x08002520                chEvtGetAndClearEvents
 *fill*         0x08002548        0x8 
 .text.chEvtAddEvents
                0x08002550       0x1c build/obj/chevents.o
                0x08002550                chEvtAddEvents
 *fill*         0x0800256c        0x4 
 .text.chEvtSignalI
                0x08002570       0x2c build/obj/chevents.o
                0x08002570                chEvtSignalI
 *fill*         0x0800259c        0x4 
 .text.chEvtBroadcastFlagsI
                0x080025a0       0x2c build/obj/chevents.o
                0x080025a0                chEvtBroadcastFlagsI
 *fill*         0x080025cc        0x4 
 .text.chEvtSignal
                0x080025d0       0x18 build/obj/chevents.o
                0x080025d0                chEvtSignal
 *fill*         0x080025e8        0x8 
 .text.chEvtBroadcastFlags
                0x080025f0       0x18 build/obj/chevents.o
                0x080025f0                chEvtBroadcastFlags
 *fill*         0x08002608        0x8 
 .text.chEvtDispatch
                0x08002610       0x38 build/obj/chevents.o
                0x08002610                chEvtDispatch
 *fill*         0x08002648        0x8 
 .text.chEvtWaitOne
                0x08002650       0x3c build/obj/chevents.o
                0x08002650                chEvtWaitOne
 *fill*         0x0800268c        0x4 
 .text.chEvtWaitAny
                0x08002690       0x38 build/obj/chevents.o
                0x08002690                chEvtWaitAny
 *fill*         0x080026c8        0x8 
 .text.chEvtWaitAll
                0x080026d0       0x38 build/obj/chevents.o
                0x080026d0                chEvtWaitAll
 *fill*         0x08002708        0x8 
 .text.chEvtWaitOneTimeout
                0x08002710       0x50 build/obj/chevents.o
                0x08002710                chEvtWaitOneTimeout
 .text.chEvtWaitAnyTimeout
                0x08002760       0x50 build/obj/chevents.o
                0x08002760                chEvtWaitAnyTimeout
 .text.chEvtWaitAllTimeout
                0x080027b0       0x48 build/obj/chevents.o
                0x080027b0                chEvtWaitAllTimeout
 *fill*         0x080027f8        0x8 
 .text.chMsgSend
                0x08002800       0x40 build/obj/chmsg.o
                0x08002800                chMsgSend
 .text.chMsgWait
                0x08002840       0x3c build/obj/chmsg.o
                0x08002840                chMsgWait
 *fill*         0x0800287c        0x4 
 .text.chMsgRelease
                0x08002880       0x14 build/obj/chmsg.o
                0x08002880                chMsgRelease
 *fill*         0x08002894        0xc 
 .text.chMBObjectInit
                0x080028a0       0x28 build/obj/chmboxes.o
                0x080028a0                chMBObjectInit
 *fill*         0x080028c8        0x8 
 .text.chMBResetI
                0x080028d0       0x24 build/obj/chmboxes.o
                0x080028d0                chMBResetI
 *fill*         0x080028f4        0xc 
 .text.chMBReset
                0x08002900       0x18 build/obj/chmboxes.o
                0x08002900                chMBReset
 *fill*         0x08002918        0x8 
 .text.chMBPostS
                0x08002920       0x38 build/obj/chmboxes.o
                0x08002920                chMBPostS
 *fill*         0x08002958        0x8 
 .text.chMBPost
                0x08002960       0x14 build/obj/chmboxes.o
                0x08002960                chMBPost
 *fill*         0x08002974        0xc 
 .text.chMBPostI
                0x08002980       0x34 build/obj/chmboxes.o
                0x08002980                chMBPostI
 *fill*         0x080029b4        0xc 
 .text.chMBPostAheadS
                0x080029c0       0x38 build/obj/chmboxes.o
                0x080029c0                chMBPostAheadS
 *fill*         0x080029f8        0x8 
 .text.chMBPostAhead
                0x08002a00       0x14 build/obj/chmboxes.o
                0x08002a00                chMBPostAhead
 *fill*         0x08002a14        0xc 
 .text.chMBPostAheadI
                0x08002a20       0x30 build/obj/chmboxes.o
                0x08002a20                chMBPostAheadI
 .text.chMBFetchS
                0x08002a50       0x38 build/obj/chmboxes.o
                0x08002a50                chMBFetchS
 *fill*         0x08002a88        0x8 
 .text.chMBFetch
                0x08002a90       0x14 build/obj/chmboxes.o
                0x08002a90                chMBFetch
 *fill*         0x08002aa4        0xc 
 .text.chMBFetchI
                0x08002ab0       0x38 build/obj/chmboxes.o
                0x08002ab0                chMBFetchI
 *fill*         0x08002ae8        0x8 
 .text.chIQObjectInit
                0x08002af0       0x20 build/obj/chqueues.o
                0x08002af0                chIQObjectInit
 .text.chIQResetI
                0x08002b10       0x14 build/obj/chqueues.o
                0x08002b10                chIQResetI
 *fill*         0x08002b24        0xc 
 .text.chIQPutI
                0x08002b30       0x38 build/obj/chqueues.o
                0x08002b30                chIQPutI
 *fill*         0x08002b68        0x8 
 .text.chIQGetTimeout
                0x08002b70       0x50 build/obj/chqueues.o
                0x08002b70                chIQGetTimeout
 .text.chIQReadTimeout
                0x08002bc0       0x78 build/obj/chqueues.o
                0x08002bc0                chIQReadTimeout
 *fill*         0x08002c38        0x8 
 .text.chOQObjectInit
                0x08002c40       0x1c build/obj/chqueues.o
                0x08002c40                chOQObjectInit
 *fill*         0x08002c5c        0x4 
 .text.chOQResetI
                0x08002c60       0x14 build/obj/chqueues.o
                0x08002c60                chOQResetI
 *fill*         0x08002c74        0xc 
 .text.chOQPutTimeout
                0x08002c80       0x54 build/obj/chqueues.o
                0x08002c80                chOQPutTimeout
 *fill*         0x08002cd4        0xc 
 .text.chOQGetI
                0x08002ce0       0x38 build/obj/chqueues.o
                0x08002ce0                chOQGetI
 *fill*         0x08002d18        0x8 
 .text.chOQWriteTimeout
                0x08002d20       0x80 build/obj/chqueues.o
                0x08002d20                chOQWriteTimeout
 .text._core_init
                0x08002da0       0x28 build/obj/chmemcore.o
                0x08002da0                _core_init
 *fill*         0x08002dc8        0x8 
 .text.chCoreAlloc
                0x08002dd0       0x38 build/obj/chmemcore.o
                0x08002dd0                chCoreAlloc
 *fill*         0x08002e08        0x8 
 .text.chCoreGetStatusX
                0x08002e10       0x14 build/obj/chmemcore.o
                0x08002e10                chCoreGetStatusX
 *fill*         0x08002e24        0xc 
 .text._heap_init
                0x08002e30       0x1c build/obj/chheap.o
                0x08002e30                _heap_init
 *fill*         0x08002e4c        0x4 
 .text.chHeapObjectInit
                0x08002e50       0x14 build/obj/chheap.o
                0x08002e50                chHeapObjectInit
 *fill*         0x08002e64        0xc 
 .text.chHeapAlloc
                0x08002e70       0x8c build/obj/chheap.o
                0x08002e70                chHeapAlloc
 *fill*         0x08002efc        0x4 
 .text.chHeapFree
                0x08002f00       0x90 build/obj/chheap.o
                0x08002f00                chHeapFree
 .text.chHeapStatus
                0x08002f90       0x44 build/obj/chheap.o
                0x08002f90                chHeapStatus
 *fill*         0x08002fd4        0xc 
 .text.chPoolObjectInit
                0x08002fe0        0xc build/obj/chmempools.o
                0x08002fe0                chPoolObjectInit
 *fill*         0x08002fec        0x4 
 .text.chPoolLoadArray
                0x08002ff0       0x24 build/obj/chmempools.o
                0x08002ff0                chPoolLoadArray
 *fill*         0x08003014        0xc 
 .text.chPoolAlloc
                0x08003020       0x2c build/obj/chmempools.o
                0x08003020                chPoolAlloc
 *fill*         0x0800304c        0x4 
 .text.chPoolFree
                0x08003050       0x14 build/obj/chmempools.o
                0x08003050                chPoolFree
 *fill*         0x08003064        0xc 
 .text.SVC_Handler
                0x08003070       0x14 build/obj/chcore_v7m.o
                0x08003070                SVC_Handler
 *fill*         0x08003084        0xc 
 .text._port_irq_epilogue
                0x08003090       0x50 build/obj/chcore_v7m.o
                0x08003090                _port_irq_epilogue
 .text.halInit  0x080030e0       0x34 build/obj/hal.o
                0x080030e0                halInit
 *fill*         0x08003114        0xc 
 .text.stInit   0x08003120        0x4 build/obj/st.o
                0x08003120                stInit
 *fill*         0x08003124        0xc 
 .text.ibqObjectInit
                0x08003130       0x2c build/obj/hal_buffers.o
                0x08003130                ibqObjectInit
 *fill*         0x0800315c        0x4 
 .text.ibqResetI
                0x08003160       0x18 build/obj/hal_buffers.o
                0x08003160                ibqResetI
 *fill*         0x08003178        0x8 
 .text.ibqGetEmptyBufferI
                0x08003180       0x18 build/obj/hal_buffers.o
                0x08003180                ibqGetEmptyBufferI
 *fill*         0x08003198        0x8 
 .text.ibqPostFullBufferI
                0x080031a0       0x28 build/obj/hal_buffers.o
                0x080031a0                ibqPostFullBufferI
 *fill*         0x080031c8        0x8 
 .text.ibqGetFullBufferTimeoutS
                0x080031d0       0x2c build/obj/hal_buffers.o
                0x080031d0                ibqGetFullBufferTimeoutS
 *fill*         0x080031fc        0x4 
 .text.ibqReleaseEmptyBufferS
                0x08003200       0x34 build/obj/hal_buffers.o
                0x08003200                ibqReleaseEmptyBufferS
 *fill*         0x08003234        0xc 
 .text.ibqGetTimeout
                0x08003240       0x48 build/obj/hal_buffers.o
                0x08003240                ibqGetTimeout
 *fill*         0x08003288        0x8 
 .text.ibqReadTimeout
                0x08003290      0x10c build/obj/hal_buffers.o
                0x08003290                ibqReadTimeout
 *fill*         0x0800339c        0x4 
 .text.obqObjectInit
                0x080033a0       0x2c build/obj/hal_buffers.o
                0x080033a0                obqObjectInit
 *fill*         0x080033cc        0x4 
 .text.obqResetI
                0x080033d0       0x20 build/obj/hal_buffers.o
                0x080033d0                obqResetI
 .text.obqGetFullBufferI
                0x080033f0       0x1c build/obj/hal_buffers.o
                0x080033f0                obqGetFullBufferI
 *fill*         0x0800340c        0x4 
 .text.obqReleaseEmptyBufferI
                0x08003410       0x28 build/obj/hal_buffers.o
                0x08003410                obqReleaseEmptyBufferI
 *fill*         0x08003438        0x8 
 .text.obqGetEmptyBufferTimeoutS
                0x08003440       0x2c build/obj/hal_buffers.o
                0x08003440                obqGetEmptyBufferTimeoutS
 *fill*         0x0800346c        0x4 
 .text.obqPostFullBufferS
                0x08003470       0x30 build/obj/hal_buffers.o
                0x08003470                obqPostFullBufferS
 .text.obqPutTimeout
                0x080034a0       0x4c build/obj/hal_buffers.o
                0x080034a0                obqPutTimeout
 *fill*         0x080034ec        0x4 
 .text.obqWriteTimeout
                0x080034f0      0x108 build/obj/hal_buffers.o
                0x080034f0                obqWriteTimeout
 *fill*         0x080035f8        0x8 
 .text.adcInit  0x08003600        0x4 build/obj/adc.o
                0x08003600                adcInit
 *fill*         0x08003604        0xc 
 .text.adcObjectInit
                0x08003610       0x10 build/obj/adc.o
                0x08003610                adcObjectInit
 .text.i2cInit  0x08003620        0x4 build/obj/i2c.o
                0x08003620                i2cInit
 *fill*         0x08003624        0xc 
 .text.i2cObjectInit
                0x08003630       0x10 build/obj/i2c.o
                0x08003630                i2cObjectInit
 .text.i2cStart
                0x08003640       0x1c build/obj/i2c.o
                0x08003640                i2cStart
 *fill*         0x0800365c        0x4 
 .text.i2cStop  0x08003660       0x1c build/obj/i2c.o
                0x08003660                i2cStop
 *fill*         0x0800367c        0x4 
 .text.i2cGetErrors
                0x08003680        0x4 build/obj/i2c.o
                0x08003680                i2cGetErrors
 *fill*         0x08003684        0xc 
 .text.i2cMasterTransmitTimeout
                0x08003690       0x40 build/obj/i2c.o
                0x08003690                i2cMasterTransmitTimeout
 .text.i2cAcquireBus
                0x080036d0        0x8 build/obj/i2c.o
                0x080036d0                i2cAcquireBus
 *fill*         0x080036d8        0x8 
 .text.i2cReleaseBus
                0x080036e0        0x8 build/obj/i2c.o
                0x080036e0                i2cReleaseBus
 *fill*         0x080036e8        0x8 
 .text.pwmInit  0x080036f0        0x4 build/obj/pwm.o
                0x080036f0                pwmInit
 *fill*         0x080036f4        0xc 
 .text.pwmObjectInit
                0x08003700       0x10 build/obj/pwm.o
                0x08003700                pwmObjectInit
 .text.readt    0x08003710        0x8 build/obj/serial.o
 *fill*         0x08003718        0x8 
 .text.read     0x08003720        0xc build/obj/serial.o
 *fill*         0x0800372c        0x4 
 .text.writet   0x08003730        0x8 build/obj/serial.o
 *fill*         0x08003738        0x8 
 .text.write    0x08003740        0xc build/obj/serial.o
 *fill*         0x0800374c        0x4 
 .text.gett     0x08003750        0x8 build/obj/serial.o
 *fill*         0x08003758        0x8 
 .text.get      0x08003760        0xc build/obj/serial.o
 *fill*         0x0800376c        0x4 
 .text.putt     0x08003770        0x8 build/obj/serial.o
 *fill*         0x08003778        0x8 
 .text.put      0x08003780        0xc build/obj/serial.o
 *fill*         0x0800378c        0x4 
 .text.sdInit   0x08003790        0x4 build/obj/serial.o
                0x08003790                sdInit
 *fill*         0x08003794        0xc 
 .text.sdObjectInit
                0x080037a0       0x40 build/obj/serial.o
                0x080037a0                sdObjectInit
 .text.sdStart  0x080037e0       0x1c build/obj/serial.o
                0x080037e0                sdStart
 *fill*         0x080037fc        0x4 
 .text.sdIncomingDataI
                0x08003800       0x3c build/obj/serial.o
                0x08003800                sdIncomingDataI
 *fill*         0x0800383c        0x4 
 .text.obnotify
                0x08003840       0x48 build/obj/serial_usb.o
 *fill*         0x08003888        0x8 
 .text.readt    0x08003890       0x20 build/obj/serial_usb.o
 .text.writet   0x080038b0       0x20 build/obj/serial_usb.o
 .text.gett     0x080038d0       0x18 build/obj/serial_usb.o
 *fill*         0x080038e8        0x8 
 .text.get      0x080038f0       0x1c build/obj/serial_usb.o
 *fill*         0x0800390c        0x4 
 .text.putt     0x08003910       0x18 build/obj/serial_usb.o
 *fill*         0x08003928        0x8 
 .text.put      0x08003930       0x1c build/obj/serial_usb.o
 *fill*         0x0800394c        0x4 
 .text.sdu_start_receive
                0x08003950       0x48 build/obj/serial_usb.o
 *fill*         0x08003998        0x8 
 .text.ibnotify
                0x080039a0        0x8 build/obj/serial_usb.o
 *fill*         0x080039a8        0x8 
 .text.read     0x080039b0       0x1c build/obj/serial_usb.o
 *fill*         0x080039cc        0x4 
 .text.write    0x080039d0       0x1c build/obj/serial_usb.o
 *fill*         0x080039ec        0x4 
 .text.sduInit  0x080039f0        0x4 build/obj/serial_usb.o
                0x080039f0                sduInit
 *fill*         0x080039f4        0xc 
 .text.sduObjectInit
                0x08003a00       0x54 build/obj/serial_usb.o
                0x08003a00                sduObjectInit
 *fill*         0x08003a54        0xc 
 .text.sduStart
                0x08003a60       0x34 build/obj/serial_usb.o
                0x08003a60                sduStart
 *fill*         0x08003a94        0xc 
 .text.sduConfigureHookI
                0x08003aa0       0x24 build/obj/serial_usb.o
                0x08003aa0                sduConfigureHookI
 *fill*         0x08003ac4        0xc 
 .text.sduRequestsHook
                0x08003ad0       0x40 build/obj/serial_usb.o
                0x08003ad0                sduRequestsHook
 .text.sduDataTransmitted
                0x08003b10       0x84 build/obj/serial_usb.o
                0x08003b10                sduDataTransmitted
 *fill*         0x08003b94        0xc 
 .text.sduDataReceived
                0x08003ba0       0x40 build/obj/serial_usb.o
                0x08003ba0                sduDataReceived
 .text.sduInterruptTransmitted
                0x08003be0        0x4 build/obj/serial_usb.o
                0x08003be0                sduInterruptTransmitted
 *fill*         0x08003be4        0xc 
 .text.set_address
                0x08003bf0       0x24 build/obj/usb.o
 *fill*         0x08003c14        0xc 
 .text.usbInit  0x08003c20        0x4 build/obj/usb.o
                0x08003c20                usbInit
 *fill*         0x08003c24        0xc 
 .text.usbObjectInit
                0x08003c30       0x30 build/obj/usb.o
                0x08003c30                usbObjectInit
 .text.usbStart
                0x08003c60       0x34 build/obj/usb.o
                0x08003c60                usbStart
 *fill*         0x08003c94        0xc 
 .text.usbStop  0x08003ca0       0x34 build/obj/usb.o
                0x08003ca0                usbStop
 *fill*         0x08003cd4        0xc 
 .text.usbInitEndpointI
                0x08003ce0       0x34 build/obj/usb.o
                0x08003ce0                usbInitEndpointI
 *fill*         0x08003d14        0xc 
 .text.usbDisableEndpointsI
                0x08003d20       0x28 build/obj/usb.o
                0x08003d20                usbDisableEndpointsI
 *fill*         0x08003d48        0x8 
 .text.usbStartReceiveI
                0x08003d50       0x28 build/obj/usb.o
                0x08003d50                usbStartReceiveI
 *fill*         0x08003d78        0x8 
 .text.usbStartTransmitI
                0x08003d80       0x28 build/obj/usb.o
                0x08003d80                usbStartTransmitI
 *fill*         0x08003da8        0x8 
 .text._usb_reset
                0x08003db0       0x4c build/obj/usb.o
                0x08003db0                _usb_reset
 *fill*         0x08003dfc        0x4 
 .text._usb_suspend
                0x08003e00       0x20 build/obj/usb.o
                0x08003e00                _usb_suspend
 .text._usb_wakeup
                0x08003e20       0x14 build/obj/usb.o
                0x08003e20                _usb_wakeup
 *fill*         0x08003e34        0xc 
 .text._usb_ep0setup
                0x08003e40      0x304 build/obj/usb.o
                0x08003e40                _usb_ep0setup
 *fill*         0x08004144        0xc 
 .text._usb_ep0in
                0x08004150       0xa4 build/obj/usb.o
                0x08004150                _usb_ep0in
 *fill*         0x080041f4        0xc 
 .text._usb_ep0out
                0x08004200       0x78 build/obj/usb.o
                0x08004200                _usb_ep0out
 *fill*         0x08004278        0x8 
 .text.nvicEnableVector
                0x08004280       0x34 build/obj/nvic.o
                0x08004280                nvicEnableVector
 *fill*         0x080042b4        0xc 
 .text.nvicDisableVector
                0x080042c0       0x28 build/obj/nvic.o
                0x080042c0                nvicDisableVector
 *fill*         0x080042e8        0x8 
 .text.nvicSetSystemHandlerPriority
                0x080042f0       0x10 build/obj/nvic.o
                0x080042f0                nvicSetSystemHandlerPriority
 .text.Vector12C
                0x08004300       0x6c build/obj/hal_lld.o
                0x08004300                Vector12C
 *fill*         0x0800436c        0x4 
 .text.hal_lld_init
                0x08004370       0x3c build/obj/hal_lld.o
                0x08004370                hal_lld_init
 *fill*         0x080043ac        0x4 
 .text.stm32_clock_init
                0x080043b0       0x8c build/obj/hal_lld.o
                0x080043b0                stm32_clock_init
 *fill*         0x0800443c        0x4 
 .text.Vector6C
                0x08004440       0x28 build/obj/stm32_dma.o
                0x08004440                Vector6C
 *fill*         0x08004468        0x8 
 .text.Vector70
                0x08004470       0x30 build/obj/stm32_dma.o
                0x08004470                Vector70
 .text.Vector74
                0x080044a0       0x30 build/obj/stm32_dma.o
                0x080044a0                Vector74
 .text.Vector78
                0x080044d0       0x30 build/obj/stm32_dma.o
                0x080044d0                Vector78
 .text.Vector7C
                0x08004500       0x30 build/obj/stm32_dma.o
                0x08004500                Vector7C
 .text.Vector80
                0x08004530       0x30 build/obj/stm32_dma.o
                0x08004530                Vector80
 .text.Vector84
                0x08004560       0x30 build/obj/stm32_dma.o
                0x08004560                Vector84
 .text.Vector120
                0x08004590       0x28 build/obj/stm32_dma.o
                0x08004590                Vector120
 *fill*         0x080045b8        0x8 
 .text.Vector124
                0x080045c0       0x30 build/obj/stm32_dma.o
                0x080045c0                Vector124
 .text.Vector128
                0x080045f0       0x30 build/obj/stm32_dma.o
                0x080045f0                Vector128
 .text.dmaInit  0x08004620       0x44 build/obj/stm32_dma.o
                0x08004620                dmaInit
 *fill*         0x08004664        0xc 
 .text.dmaStreamAllocate
                0x08004670       0x94 build/obj/stm32_dma.o
                0x08004670                dmaStreamAllocate
 *fill*         0x08004704        0xc 
 .text.dmaStreamRelease
                0x08004710       0x60 build/obj/stm32_dma.o
                0x08004710                dmaStreamRelease
 .text.SysTick_Handler
                0x08004770       0x1c build/obj/st_lld.o
                0x08004770                SysTick_Handler
 *fill*         0x0800478c        0x4 
 .text.st_lld_init
                0x08004790       0x1c build/obj/st_lld.o
                0x08004790                st_lld_init
 *fill*         0x080047ac        0x4 
 .text.adc_lld_init
                0x080047b0       0x6c build/obj/adc_lld.o
                0x080047b0                adc_lld_init
 *fill*         0x0800481c        0x4 
 .text._pal_lld_init
                0x08004820       0x94 build/obj/pal_lld.o
                0x08004820                _pal_lld_init
 *fill*         0x080048b4        0xc 
 .text._pal_lld_setgroupmode
                0x080048c0       0x68 build/obj/pal_lld.o
                0x080048c0                _pal_lld_setgroupmode
 *fill*         0x08004928        0x8 
 .text.i2c_lld_serve_tx_end_irq
                0x08004930       0x34 build/obj/i2c_lld.o
 *fill*         0x08004964        0xc 
 .text.i2c_lld_serve_rx_end_irq
                0x08004970       0x5c build/obj/i2c_lld.o
 *fill*         0x080049cc        0x4 
 .text.VectorC4
                0x080049d0       0xf8 build/obj/i2c_lld.o
                0x080049d0                VectorC4
 *fill*         0x08004ac8        0x8 
 .text.VectorC8
                0x08004ad0       0xe4 build/obj/i2c_lld.o
                0x08004ad0                VectorC8
 *fill*         0x08004bb4        0xc 
 .text.i2c_lld_init
                0x08004bc0       0x2c build/obj/i2c_lld.o
                0x08004bc0                i2c_lld_init
 *fill*         0x08004bec        0x4 
 .text.i2c_lld_start
                0x08004bf0      0x164 build/obj/i2c_lld.o
                0x08004bf0                i2c_lld_start
 *fill*         0x08004d54        0xc 
 .text.i2c_lld_stop
                0x08004d60       0x7c build/obj/i2c_lld.o
                0x08004d60                i2c_lld_stop
 *fill*         0x08004ddc        0x4 
 .text.i2c_lld_master_transmit_timeout
                0x08004de0       0x94 build/obj/i2c_lld.o
                0x08004de0                i2c_lld_master_transmit_timeout
 *fill*         0x08004e74        0xc 
 .text.pwm_lld_init
                0x08004e80       0x5c build/obj/pwm_lld.o
                0x08004e80                pwm_lld_init
 *fill*         0x08004edc        0x4 
 .text.pwm_lld_serve_interrupt
                0x08004ee0       0x5c build/obj/pwm_lld.o
                0x08004ee0                pwm_lld_serve_interrupt
 *fill*         0x08004f3c        0x4 
 .text.VectorA4
                0x08004f40       0x14 build/obj/pwm_lld.o
                0x08004f40                VectorA4
 *fill*         0x08004f54        0xc 
 .text.VectorAC
                0x08004f60       0x14 build/obj/pwm_lld.o
                0x08004f60                VectorAC
 *fill*         0x08004f74        0xc 
 .text.VectorB0
                0x08004f80       0x14 build/obj/pwm_lld.o
                0x08004f80                VectorB0
 *fill*         0x08004f94        0xc 
 .text.VectorB4
                0x08004fa0       0x14 build/obj/pwm_lld.o
                0x08004fa0                VectorB4
 *fill*         0x08004fb4        0xc 
 .text.VectorB8
                0x08004fc0       0x14 build/obj/pwm_lld.o
                0x08004fc0                VectorB8
 *fill*         0x08004fd4        0xc 
 .text.notify4  0x08004fe0       0x10 build/obj/serial_lld.o
 .text.Vector110
                0x08004ff0      0x11c build/obj/serial_lld.o
                0x08004ff0                Vector110
 *fill*         0x0800510c        0x4 
 .text.sd_lld_init
                0x08005110       0x24 build/obj/serial_lld.o
                0x08005110                sd_lld_init
 *fill*         0x08005134        0xc 
 .text.sd_lld_start
                0x08005140       0x78 build/obj/serial_lld.o
                0x08005140                sd_lld_start
 *fill*         0x080051b8        0x8 
 .text.usb_packet_write_from_buffer
                0x080051c0       0x58 build/obj/usb_lld.o
 *fill*         0x08005218        0x8 
 .text.Vector90
                0x08005220      0x25c build/obj/usb_lld.o
                0x08005220                Vector90
 *fill*         0x0800547c        0x4 
 .text.usb_lld_init
                0x08005480        0xc build/obj/usb_lld.o
                0x08005480                usb_lld_init
 *fill*         0x0800548c        0x4 
 .text.usb_lld_start
                0x08005490       0x4c build/obj/usb_lld.o
                0x08005490                usb_lld_start
 *fill*         0x080054dc        0x4 
 .text.usb_lld_stop
                0x080054e0       0x3c build/obj/usb_lld.o
                0x080054e0                usb_lld_stop
 *fill*         0x0800551c        0x4 
 .text.usb_lld_set_address
                0x08005520       0x14 build/obj/usb_lld.o
                0x08005520                usb_lld_set_address
 *fill*         0x08005534        0xc 
 .text.usb_lld_init_endpoint
                0x08005540       0xe0 build/obj/usb_lld.o
                0x08005540                usb_lld_init_endpoint
 .text.usb_lld_reset
                0x08005620       0x44 build/obj/usb_lld.o
                0x08005620                usb_lld_reset
 *fill*         0x08005664        0xc 
 .text.usb_lld_disable_endpoints
                0x08005670       0x34 build/obj/usb_lld.o
                0x08005670                usb_lld_disable_endpoints
 *fill*         0x080056a4        0xc 
 .text.usb_lld_get_status_out
                0x080056b0       0x1c build/obj/usb_lld.o
                0x080056b0                usb_lld_get_status_out
 *fill*         0x080056cc        0x4 
 .text.usb_lld_get_status_in
                0x080056d0       0x1c build/obj/usb_lld.o
                0x080056d0                usb_lld_get_status_in
 *fill*         0x080056ec        0x4 
 .text.usb_lld_read_setup
                0x080056f0       0x34 build/obj/usb_lld.o
                0x080056f0                usb_lld_read_setup
 *fill*         0x08005724        0xc 
 .text.usb_lld_start_out
                0x08005730       0x44 build/obj/usb_lld.o
                0x08005730                usb_lld_start_out
 *fill*         0x08005774        0xc 
 .text.usb_lld_start_in
                0x08005780       0x44 build/obj/usb_lld.o
                0x08005780                usb_lld_start_in
 *fill*         0x080057c4        0xc 
 .text.usb_lld_stall_out
                0x080057d0       0x24 build/obj/usb_lld.o
                0x080057d0                usb_lld_stall_out
 *fill*         0x080057f4        0xc 
 .text.usb_lld_stall_in
                0x08005800       0x24 build/obj/usb_lld.o
                0x08005800                usb_lld_stall_in
 *fill*         0x08005824        0xc 
 .text.usb_lld_clear_out
                0x08005830       0x2c build/obj/usb_lld.o
                0x08005830                usb_lld_clear_out
 *fill*         0x0800585c        0x4 
 .text.usb_lld_clear_in
                0x08005860       0x30 build/obj/usb_lld.o
                0x08005860                usb_lld_clear_in
 .text.__early_init
                0x08005890        0x4 build/obj/board.o
                0x08005890                __early_init
 *fill*         0x08005894        0xc 
 .text.boardInit
                0x080058a0       0x10 build/obj/board.o
                0x080058a0                boardInit
 .text.pwmOutputUpdateRoll
                0x080058b0       0x5c build/obj/pwmio.o
 *fill*         0x0800590c        0x4 
 .text.pwmOutputUpdatePitch
                0x08005910       0x40 build/obj/pwmio.o
 .text.pwmOutputUpdateYaw
                0x08005950       0x7c build/obj/pwmio.o
 *fill*         0x080059cc        0x4 
 .text.pwmOutputCmdTo3PhasePWM
                0x080059d0      0x14c build/obj/pwmio.o
 *fill*         0x08005b1c        0x4 
 .text.pwmOutputUpdate
                0x08005b20      0x120 build/obj/pwmio.o
                0x08005b20                pwmOutputUpdate
 .text.pwmOutputDisableAll
                0x08005c40       0x14 build/obj/pwmio.o
                0x08005c40                pwmOutputDisableAll
 *fill*         0x08005c54        0xc 
 .text.pwmOutputSettingsUpdate
                0x08005c60       0x14 build/obj/pwmio.o
                0x08005c60                pwmOutputSettingsUpdate
 *fill*         0x08005c74        0xc 
 .text.mixedInputSettingsUpdate
                0x08005c80        0x4 build/obj/pwmio.o
                0x08005c80                mixedInputSettingsUpdate
 *fill*         0x08005c84        0xc 
 .text.tmr      0x08005c90        0xc build/obj/test.o
 *fill*         0x08005c9c        0x4 
 .text.print_line
                0x08005ca0       0x30 build/obj/test.o
 .text.test_printn
                0x08005cd0       0x5c build/obj/test.o
                0x08005cd0                test_printn
 *fill*         0x08005d2c        0x4 
 .text.test_print
                0x08005d30       0x20 build/obj/test.o
                0x08005d30                test_print
 .text.test_println
                0x08005d50       0x34 build/obj/test.o
                0x08005d50                test_println
 *fill*         0x08005d84        0xc 
 .text.test_emit_token
                0x08005d90       0x24 build/obj/test.o
                0x08005d90                test_emit_token
 *fill*         0x08005db4        0xc 
 .text._test_assert
                0x08005dc0       0x2c build/obj/test.o
                0x08005dc0                _test_assert
 *fill*         0x08005dec        0x4 
 .text._test_assert_sequence
                0x08005df0       0x50 build/obj/test.o
                0x08005df0                _test_assert_sequence
 .text._test_assert_time_window
                0x08005e40       0x50 build/obj/test.o
                0x08005e40                _test_assert_time_window
 .text.test_terminate_threads
                0x08005e90       0x1c build/obj/test.o
                0x08005e90                test_terminate_threads
 *fill*         0x08005eac        0x4 
 .text.test_wait_threads
                0x08005eb0       0x24 build/obj/test.o
                0x08005eb0                test_wait_threads
 *fill*         0x08005ed4        0xc 
 .text.test_wait_tick
                0x08005ee0       0x20 build/obj/test.o
                0x08005ee0                test_wait_tick
 .text.test_start_timer
                0x08005f00       0x54 build/obj/test.o
                0x08005f00                test_start_timer
 *fill*         0x08005f54        0xc 
 .text.TestThread
                0x08005f60      0x31c build/obj/test.o
                0x08005f60                TestThread
 *fill*         0x0800627c        0x4 
 .text.thd1_execute
                0x08006280       0xc8 build/obj/testthd.o
 *fill*         0x08006348        0x8 
 .text.thread   0x08006350        0x8 build/obj/testthd.o
 *fill*         0x08006358        0x8 
 .text.thd2_execute
                0x08006360       0xd8 build/obj/testthd.o
 *fill*         0x08006438        0x8 
 .text.thd3_execute
                0x08006440      0x12c build/obj/testthd.o
 *fill*         0x0800656c        0x4 
 .text.thd4_execute
                0x08006570       0xb4 build/obj/testthd.o
 *fill*         0x08006624        0xc 
 .text.sem1_execute
                0x08006630      0x154 build/obj/testsem.o
 *fill*         0x08006784        0xc 
 .text.thread3  0x08006790       0x18 build/obj/testsem.o
 *fill*         0x080067a8        0x8 
 .text.thread1  0x080067b0       0x18 build/obj/testsem.o
 *fill*         0x080067c8        0x8 
 .text.sem1_setup
                0x080067d0        0xc build/obj/testsem.o
 *fill*         0x080067dc        0x4 
 .text.sem2_setup
                0x080067e0        0xc build/obj/testsem.o
 *fill*         0x080067ec        0x4 
 .text.sem3_setup
                0x080067f0        0xc build/obj/testsem.o
 *fill*         0x080067fc        0x4 
 .text.thread2  0x08006800       0x24 build/obj/testsem.o
 *fill*         0x08006824        0xc 
 .text.sem2_execute
                0x08006830      0x154 build/obj/testsem.o
 *fill*         0x08006984        0xc 
 .text.sem3_execute
                0x08006990       0x98 build/obj/testsem.o
 *fill*         0x08006a28        0x8 
 .text.thread4  0x08006a30       0x2c build/obj/testsem.o
 *fill*         0x08006a5c        0x4 
 .text.sem4_execute
                0x08006a60      0x14c build/obj/testsem.o
 *fill*         0x08006bac        0x4 
 .text.mtx1_execute
                0x08006bb0       0xdc build/obj/testmtx.o
 *fill*         0x08006c8c        0x4 
 .text.thread1  0x08006c90       0x20 build/obj/testmtx.o
 .text.thread12
                0x08006cb0       0x20 build/obj/testmtx.o
 .text.mtx1_setup
                0x08006cd0        0xc build/obj/testmtx.o
 *fill*         0x08006cdc        0x4 
 .text.mtx4_setup
                0x08006ce0       0x1c build/obj/testmtx.o
 *fill*         0x08006cfc        0x4 
 .text.mtx5_setup
                0x08006d00        0xc build/obj/testmtx.o
 *fill*         0x08006d0c        0x4 
 .text.thread4b
                0x08006d10       0x20 build/obj/testmtx.o
 .text.thread4a
                0x08006d30       0x20 build/obj/testmtx.o
 .text.mtx4_execute
                0x08006d50      0x25c build/obj/testmtx.o
 *fill*         0x08006fac        0x4 
 .text.mtx5_execute
                0x08006fb0       0xb8 build/obj/testmtx.o
 *fill*         0x08007068        0x8 
 .text.mtx6_execute
                0x08007070       0xec build/obj/testmtx.o
 *fill*         0x0800715c        0x4 
 .text.thread10
                0x08007160       0x2c build/obj/testmtx.o
 *fill*         0x0800718c        0x4 
 .text.mtx6_setup
                0x08007190       0x1c build/obj/testmtx.o
 *fill*         0x080071ac        0x4 
 .text.mtx7_setup
                0x080071b0       0x1c build/obj/testmtx.o
 *fill*         0x080071cc        0x4 
 .text.mtx8_setup
                0x080071d0       0x24 build/obj/testmtx.o
 *fill*         0x080071f4        0xc 
 .text.mtx7_execute
                0x08007200       0xc0 build/obj/testmtx.o
 .text.mtx8_execute
                0x080072c0       0x9c build/obj/testmtx.o
 *fill*         0x0800735c        0x4 
 .text.thread11
                0x08007360       0x40 build/obj/testmtx.o
 .text.msg1_execute
                0x080073a0       0x78 build/obj/testmsg.o
 *fill*         0x08007418        0x8 
 .text.thread   0x08007420       0x20 build/obj/testmsg.o
 .text.mbox1_execute
                0x08007440      0x5d0 build/obj/testmbox.o
 .text.mbox1_setup
                0x08007a10       0x14 build/obj/testmbox.o
 *fill*         0x08007a24        0xc 
 .text.h3       0x08007a30        0x8 build/obj/testevt.o
 *fill*         0x08007a38        0x8 
 .text.h2       0x08007a40        0x8 build/obj/testevt.o
 *fill*         0x08007a48        0x8 
 .text.h1       0x08007a50        0x8 build/obj/testevt.o
 *fill*         0x08007a58        0x8 
 .text.evt1_execute
                0x08007a60       0x8c build/obj/testevt.o
 *fill*         0x08007aec        0x4 
 .text.evt1_setup
                0x08007af0        0x8 build/obj/testevt.o
 *fill*         0x08007af8        0x8 
 .text.evt2_setup
                0x08007b00        0x8 build/obj/testevt.o
 *fill*         0x08007b08        0x8 
 .text.evt3_setup
                0x08007b10        0x8 build/obj/testevt.o
 *fill*         0x08007b18        0x8 
 .text.evt2_execute
                0x08007b20      0x29c build/obj/testevt.o
 *fill*         0x08007dbc        0x4 
 .text.thread2  0x08007dc0       0x24 build/obj/testevt.o
 *fill*         0x08007de4        0xc 
 .text.thread1  0x08007df0       0x18 build/obj/testevt.o
 *fill*         0x08007e08        0x8 
 .text.evt3_execute
                0x08007e10       0xa0 build/obj/testevt.o
 .text.heap1_execute
                0x08007eb0      0x244 build/obj/testheap.o
 *fill*         0x080080f4        0xc 
 .text.heap1_setup
                0x08008100       0x14 build/obj/testheap.o
 *fill*         0x08008114        0xc 
 .text.null_provider
                0x08008120        0x4 build/obj/testpools.o
 *fill*         0x08008124        0xc 
 .text.pools1_setup
                0x08008130       0x10 build/obj/testpools.o
 .text.pools1_execute
                0x08008140       0xbc build/obj/testpools.o
 *fill*         0x080081fc        0x4 
 .text.dyn1_execute
                0x08008200       0xf4 build/obj/testdyn.o
 *fill*         0x080082f4        0xc 
 .text.thread   0x08008300        0x8 build/obj/testdyn.o
 *fill*         0x08008308        0x8 
 .text.dyn1_setup
                0x08008310       0x14 build/obj/testdyn.o
 *fill*         0x08008324        0xc 
 .text.dyn2_execute
                0x08008330       0xf4 build/obj/testdyn.o
 *fill*         0x08008424        0xc 
 .text.dyn2_setup
                0x08008430       0x10 build/obj/testdyn.o
 .text.notify   0x08008440        0x4 build/obj/testqueues.o
 *fill*         0x08008444        0xc 
 .text.thread1  0x08008450       0x10 build/obj/testqueues.o
 .text.queues1_setup
                0x08008460       0x28 build/obj/testqueues.o
 *fill*         0x08008488        0x8 
 .text.thread2  0x08008490       0x10 build/obj/testqueues.o
 .text.queues2_setup
                0x080084a0       0x28 build/obj/testqueues.o
 *fill*         0x080084c8        0x8 
 .text.queues1_execute
                0x080084d0      0x268 build/obj/testqueues.o
 *fill*         0x08008738        0x8 
 .text.queues2_execute
                0x08008740      0x23c build/obj/testqueues.o
 *fill*         0x0800897c        0x4 
 .text.sys2_execute
                0x08008980       0x1c build/obj/testsys.o
 *fill*         0x0800899c        0x4 
 .text.vtcb     0x080089a0       0x20 build/obj/testsys.o
 .text.sys3_execute
                0x080089c0       0x84 build/obj/testsys.o
 *fill*         0x08008a44        0xc 
 .text.sys1_execute
                0x08008a50       0xa8 build/obj/testsys.o
 *fill*         0x08008af8        0x8 
 .text.tmo      0x08008b00        0x4 build/obj/testbmk.o
 *fill*         0x08008b04        0xc 
 .text.bmk13_execute
                0x08008b10       0xec build/obj/testbmk.o
 *fill*         0x08008bfc        0x4 
 .text.thread2  0x08008c00       0x14 build/obj/testbmk.o
 *fill*         0x08008c14        0xc 
 .text.bmk6_execute
                0x08008c20       0x70 build/obj/testbmk.o
 .text.msg_loop_test
                0x08008c90       0x34 build/obj/testbmk.o
 *fill*         0x08008cc4        0xc 
 .text.bmk1_execute
                0x08008cd0       0x6c build/obj/testbmk.o
 *fill*         0x08008d3c        0x4 
 .text.bmk2_execute
                0x08008d40       0x6c build/obj/testbmk.o
 *fill*         0x08008dac        0x4 
 .text.bmk3_execute
                0x08008db0       0xd8 build/obj/testbmk.o
 *fill*         0x08008e88        0x8 
 .text.thread1  0x08008e90        0x4 build/obj/testbmk.o
 *fill*         0x08008e94        0xc 
 .text.bmk4_execute
                0x08008ea0       0xbc build/obj/testbmk.o
 *fill*         0x08008f5c        0x4 
 .text.thread4  0x08008f60       0x24 build/obj/testbmk.o
 *fill*         0x08008f84        0xc 
 .text.bmk5_execute
                0x08008f90       0x74 build/obj/testbmk.o
 *fill*         0x08009004        0xc 
 .text.bmk7_execute
                0x08009010       0xfc build/obj/testbmk.o
 *fill*         0x0800910c        0x4 
 .text.thread3  0x08009110       0x24 build/obj/testbmk.o
 *fill*         0x08009134        0xc 
 .text.bmk7_setup
                0x08009140        0xc build/obj/testbmk.o
 *fill*         0x0800914c        0x4 
 .text.bmk11_setup
                0x08009150        0xc build/obj/testbmk.o
 *fill*         0x0800915c        0x4 
 .text.bmk8_execute
                0x08009160       0xdc build/obj/testbmk.o
 *fill*         0x0800923c        0x4 
 .text.thread8  0x08009240       0x2c build/obj/testbmk.o
 *fill*         0x0800926c        0x4 
 .text.bmk9_execute
                0x08009270       0xac build/obj/testbmk.o
 *fill*         0x0800931c        0x4 
 .text.bmk10_execute
                0x08009320       0x7c build/obj/testbmk.o
 *fill*         0x0800939c        0x4 
 .text.bmk11_execute
                0x080093a0       0x70 build/obj/testbmk.o
 .text.bmk12_execute
                0x08009410       0x70 build/obj/testbmk.o
 .text.bmk12_setup
                0x08009480        0xc build/obj/testbmk.o
 *fill*         0x0800948c        0x4 
 .text.cmd_systime
                0x08009490       0x34 build/obj/shell.o
 *fill*         0x080094c4        0xc 
 .text.cmd_info
                0x080094d0       0xbc build/obj/shell.o
 *fill*         0x0800958c        0x4 
 .text._strtok.constprop.3
                0x08009590       0x40 build/obj/shell.o
 .text.shellInit
                0x080095d0        0xc build/obj/shell.o
                0x080095d0                shellInit
 *fill*         0x080095dc        0x4 
 .text.shellExit
                0x080095e0       0x20 build/obj/shell.o
                0x080095e0                shellExit
 .text.shellCreate
                0x08009600       0x18 build/obj/shell.o
                0x08009600                shellCreate
 *fill*         0x08009618        0x8 
 .text.shellGetLine
                0x08009620       0xa0 build/obj/shell.o
                0x08009620                shellGetLine
 .text.shell_thread
                0x080096c0      0x18c build/obj/shell.o
 *fill*         0x0800984c        0x4 
 .text.long_to_string_with_divisor
                0x08009850       0x48 build/obj/chprintf.o
 *fill*         0x08009898        0x8 
 .text.chvprintf
                0x080098a0      0x414 build/obj/chprintf.o
                0x080098a0                chvprintf
 *fill*         0x08009cb4        0xc 
 .text.chprintf
                0x08009cc0       0x20 build/obj/chprintf.o
                0x08009cc0                chprintf
 .text.flashUnlock.part.0
                0x08009ce0       0x24 build/obj/flash.o
 *fill*         0x08009d04        0xc 
 .text.flashPageErase
                0x08009d10       0x98 build/obj/flash.o
                0x08009d10                flashPageErase
 *fill*         0x08009da8        0x8 
 .text.flashWrite
                0x08009db0      0x118 build/obj/flash.o
                0x08009db0                flashWrite
 *fill*         0x08009ec8        0x8 
 .text.QInvSqrtf
                0x08009ed0       0x38 build/obj/attitude.o
 *fill*         0x08009f08        0x8 
 .text.CrossProduct
                0x08009f10       0x60 build/obj/attitude.o
 .text.pidUpdateStruct
                0x08009f70       0x70 build/obj/attitude.o
 .text.Quaternion2RPY
                0x08009fe0       0xdc build/obj/attitude.o
 *fill*         0x0800a0bc        0x4 
 .text.pidControllerApply
                0x0800a0c0      0x25c build/obj/attitude.o
 *fill*         0x0800a31c        0x4 
 .text.accelFilterApply
                0x0800a320       0x64 build/obj/attitude.o
 *fill*         0x0800a384        0xc 
 .text.attitudeInit
                0x0800a390       0x5c build/obj/attitude.o
                0x0800a390                attitudeInit
 *fill*         0x0800a3ec        0x4 
 .text.attitudeUpdate
                0x0800a3f0      0x3c4 build/obj/attitude.o
                0x0800a3f0                attitudeUpdate
 *fill*         0x0800a7b4        0xc 
 .text.cameraRotationUpdate
                0x0800a7c0      0x2dc build/obj/attitude.o
                0x0800a7c0                cameraRotationUpdate
 *fill*         0x0800aa9c        0x4 
 .text.actuatorsUpdate
                0x0800aaa0      0x220 build/obj/attitude.o
                0x0800aaa0                actuatorsUpdate
 .text.pidSettingsUpdate
                0x0800acc0       0x18 build/obj/attitude.o
                0x0800acc0                pidSettingsUpdate
 *fill*         0x0800acd8        0x8 
 .text.inputModeSettingsUpdate
                0x0800ace0       0x20 build/obj/attitude.o
                0x0800ace0                inputModeSettingsUpdate
 .text.cfSettingsUpdate
                0x0800ad00       0x40 build/obj/attitude.o
                0x0800ad00                cfSettingsUpdate
 .text.cmd_threads
                0x0800ad40        0x4 build/obj/main.o
 *fill*         0x0800ad44        0xc 
 .text.BlinkerThread_B
                0x0800ad50       0x38 build/obj/main.o
 *fill*         0x0800ad88        0x8 
 .text.BlinkerThread_A
                0x0800ad90       0x38 build/obj/main.o
 *fill*         0x0800adc8        0x8 
 .text.PollMPU6050Thread
                0x0800add0       0xe8 build/obj/main.o
 *fill*         0x0800aeb8        0x8 
 .text.cmd_write
                0x0800aec0       0x4c build/obj/main.o
 *fill*         0x0800af0c        0x4 
 .text.cmd_test
                0x0800af10       0x50 build/obj/main.o
 .text.cmd_mem  0x0800af60       0x54 build/obj/main.o
 *fill*         0x0800afb4        0xc 
 .text.AttitudeThread
                0x0800afc0      0x1a8 build/obj/main.o
 *fill*         0x0800b168        0x8 
 .text.startup.main
                0x0800b170      0x1e0 build/obj/main.o
                0x0800b170                main
 .text.imuStructureInit
                0x0800b350       0x64 build/obj/mpu6050.o
                0x0800b350                imuStructureInit
 *fill*         0x0800b3b4        0xc 
 .text.imuCalibrate
                0x0800b3c0      0x164 build/obj/mpu6050.o
                0x0800b3c0                imuCalibrate
 *fill*         0x0800b524        0xc 
 .text.mpu6050Init
                0x0800b530      0x14c build/obj/mpu6050.o
                0x0800b530                mpu6050Init
 *fill*         0x0800b67c        0x4 
 .text.mpu6050GetNewData
                0x0800b680      0x25c build/obj/mpu6050.o
                0x0800b680                mpu6050GetNewData
 *fill*         0x0800b8dc        0x4 
 .text.sensorSettingsUpdate
                0x0800b8e0       0x38 build/obj/mpu6050.o
                0x0800b8e0                sensorSettingsUpdate
 *fill*         0x0800b918        0x8 
 .text.accelBiasUpdate
                0x0800b920       0x14 build/obj/mpu6050.o
                0x0800b920                accelBiasUpdate
 *fill*         0x0800b934        0xc 
 .text.gyroBiasUpdate
                0x0800b940       0x14 build/obj/mpu6050.o
                0x0800b940                gyroBiasUpdate
 *fill*         0x0800b954        0xc 
 .text.debugLog
                0x0800b960       0x28 build/obj/telemetry.o
                0x0800b960                debugLog
 *fill*         0x0800b988        0x8 
 .text.get_descriptor
                0x0800b990       0x30 build/obj/usbcfg.o
 .text.usb_event
                0x0800b9c0       0x40 build/obj/usbcfg.o
 .text.saveSettings
                0x0800ba00      0x148 build/obj/storage.o
                0x0800ba00                saveSettings
 *fill*         0x0800bb48        0x8 
 .text.loadSettings
                0x0800bb50       0xa0 build/obj/storage.o
                0x0800bb50                loadSettings
 .text.sinf     0x0800bbf0       0x7c /opt/stm32/gcc/gcc-arm-none-eabi-4_9-2015q2/bin/../lib/gcc/arm-none-eabi/4.9.3/../../../../arm-none-eabi/lib/armv7-m/libm.a(lib_a-sf_sin.o)
                0x0800bbf0                sinf
 *fill*         0x0800bc6c        0x4 
 .text.asinf    0x0800bc70       0xa0 /opt/stm32/gcc/gcc-arm-none-eabi-4_9-2015q2/bin/../lib/gcc/arm-none-eabi/4.9.3/../../../../arm-none-eabi/lib/armv7-m/libm.a(lib_a-wf_asin.o)
                0x0800bc70                asinf
 .text.atan2f   0x0800bd10        0x4 /opt/stm32/gcc/gcc-arm-none-eabi-4_9-2015q2/bin/../lib/gcc/arm-none-eabi/4.9.3/../../../../arm-none-eabi/lib/armv7-m/libm.a(lib_a-wf_atan2.o)
                0x0800bd10                atan2f
 *fill*         0x0800bd14        0xc 
 .text.fmodf    0x0800bd20       0xb4 /opt/stm32/gcc/gcc-arm-none-eabi-4_9-2015q2/bin/../lib/gcc/arm-none-eabi/4.9.3/../../../../arm-none-eabi/lib/armv7-m/libm.a(lib_a-wf_fmod.o)
                0x0800bd20                fmodf
 *fill*         0x0800bdd4        0xc 
 .text.__ieee754_asinf
                0x0800bde0      0x298 /opt/stm32/gcc/gcc-arm-none-eabi-4_9-2015q2/bin/../lib/gcc/arm-none-eabi/4.9.3/../../../../arm-none-eabi/lib/armv7-m/libm.a(lib_a-ef_asin.o)
                0x0800bde0                __ieee754_asinf
 *fill*         0x0800c078        0x8 
 .text.__ieee754_atan2f
                0x0800c080      0x120 /opt/stm32/gcc/gcc-arm-none-eabi-4_9-2015q2/bin/../lib/gcc/arm-none-eabi/4.9.3/../../../../arm-none-eabi/lib/armv7-m/libm.a(lib_a-ef_atan2.o)
                0x0800c080                __ieee754_atan2f
 .text.__ieee754_fmodf
                0x0800c1a0      0x104 /opt/stm32/gcc/gcc-arm-none-eabi-4_9-2015q2/bin/../lib/gcc/arm-none-eabi/4.9.3/../../../../arm-none-eabi/lib/armv7-m/libm.a(lib_a-ef_fmod.o)
                0x0800c1a0                __ieee754_fmodf
 *fill*         0x0800c2a4        0xc 
 .text.__ieee754_rem_pio2f
                0x0800c2b0      0x2e4 /opt/stm32/gcc/gcc-arm-none-eabi-4_9-2015q2/bin/../lib/gcc/arm-none-eabi/4.9.3/../../../../arm-none-eabi/lib/armv7-m/libm.a(lib_a-ef_rem_pio2.o)
                0x0800c2b0                __ieee754_rem_pio2f
 *fill*         0x0800c594        0xc 
 .text.__ieee754_sqrtf
                0x0800c5a0       0xa8 /opt/stm32/gcc/gcc-arm-none-eabi-4_9-2015q2/bin/../lib/gcc/arm-none-eabi/4.9.3/../../../../arm-none-eabi/lib/armv7-m/libm.a(lib_a-ef_sqrt.o)
                0x0800c5a0                __ieee754_sqrtf
 *fill*         0x0800c648        0x8 
 .text.__kernel_cosf
                0x0800c650      0x188 /opt/stm32/gcc/gcc-arm-none-eabi-4_9-2015q2/bin/../lib/gcc/arm-none-eabi/4.9.3/../../../../arm-none-eabi/lib/armv7-m/libm.a(lib_a-kf_cos.o)
                0x0800c650                __kernel_cosf
 *fill*         0x0800c7d8        0x8 
 .text.__kernel_rem_pio2f
                0x0800c7e0      0x674 /opt/stm32/gcc/gcc-arm-none-eabi-4_9-2015q2/bin/../lib/gcc/arm-none-eabi/4.9.3/../../../../arm-none-eabi/lib/armv7-m/libm.a(lib_a-kf_rem_pio2.o)
                0x0800c7e0                __kernel_rem_pio2f
 *fill*         0x0800ce54        0xc 
 .text.__kernel_sinf
                0x0800ce60       0xec /opt/stm32/gcc/gcc-arm-none-eabi-4_9-2015q2/bin/../lib/gcc/arm-none-eabi/4.9.3/../../../../arm-none-eabi/lib/armv7-m/libm.a(lib_a-kf_sin.o)
                0x0800ce60                __kernel_sinf
 *fill*         0x0800cf4c        0x4 
 .text.matherr  0x0800cf50        0x4 /opt/stm32/gcc/gcc-arm-none-eabi-4_9-2015q2/bin/../lib/gcc/arm-none-eabi/4.9.3/../../../../arm-none-eabi/lib/armv7-m/libm.a(lib_a-s_matherr.o)
                0x0800cf50                matherr
 *fill*         0x0800cf54        0xc 
 .text.nan      0x0800cf60        0xc /opt/stm32/gcc/gcc-arm-none-eabi-4_9-2015q2/bin/../lib/gcc/arm-none-eabi/4.9.3/../../../../arm-none-eabi/lib/armv7-m/libm.a(lib_a-s_nan.o)
                0x0800cf60                nan
 *fill*         0x0800cf6c        0x4 
 .text.atanf    0x0800cf70      0x22c /opt/stm32/gcc/gcc-arm-none-eabi-4_9-2015q2/bin/../lib/gcc/arm-none-eabi/4.9.3/../../../../arm-none-eabi/lib/armv7-m/libm.a(lib_a-sf_atan.o)
                0x0800cf70                atanf
 *fill*         0x0800d19c        0x4 
 .text.fabsf    0x0800d1a0        0x8 /opt/stm32/gcc/gcc-arm-none-eabi-4_9-2015q2/bin/../lib/gcc/arm-none-eabi/4.9.3/../../../../arm-none-eabi/lib/armv7-m/libm.a(lib_a-sf_fabs.o)
                0x0800d1a0                fabsf
 *fill*         0x0800d1a8        0x8 
 .text.floorf   0x0800d1b0       0x8c /opt/stm32/gcc/gcc-arm-none-eabi-4_9-2015q2/bin/../lib/gcc/arm-none-eabi/4.9.3/../../../../arm-none-eabi/lib/armv7-m/libm.a(lib_a-sf_floor.o)
                0x0800d1b0                floorf
 *fill*         0x0800d23c        0x4 
 .text.__fpclassifyf
                0x0800d240       0x34 /opt/stm32/gcc/gcc-arm-none-eabi-4_9-2015q2/bin/../lib/gcc/arm-none-eabi/4.9.3/../../../../arm-none-eabi/lib/armv7-m/libm.a(lib_a-sf_fpclassify.o)
                0x0800d240                __fpclassifyf
 *fill*         0x0800d274        0xc 
 .text.scalbnf  0x0800d280       0xb0 /opt/stm32/gcc/gcc-arm-none-eabi-4_9-2015q2/bin/../lib/gcc/arm-none-eabi/4.9.3/../../../../arm-none-eabi/lib/armv7-m/libm.a(lib_a-sf_scalbn.o)
                0x0800d280                scalbnf
 .text.copysignf
                0x0800d330        0xc /opt/stm32/gcc/gcc-arm-none-eabi-4_9-2015q2/bin/../lib/gcc/arm-none-eabi/4.9.3/../../../../arm-none-eabi/lib/armv7-m/libm.a(lib_a-sf_copysign.o)
                0x0800d330                copysignf
 *fill*         0x0800d33c        0x4 
 .text.__errno  0x0800d340        0xc /opt/stm32/gcc/gcc-arm-none-eabi-4_9-2015q2/bin/../lib/gcc/arm-none-eabi/4.9.3/../../../../arm-none-eabi/lib/armv7-m/libg.a(lib_a-errno.o)
                0x0800d340                __errno
 *fill*         0x0800d34c        0x4 
 .text.memset   0x0800d350       0x9c /opt/stm32/gcc/gcc-arm-none-eabi-4_9-2015q2/bin/../lib/gcc/arm-none-eabi/4.9.3/../../../../arm-none-eabi/lib/armv7-m/libg.a(lib_a-memset.o)
                0x0800d350                memset
 *fill*         0x0800d3ec        0x4 
 .text.strlen   0x0800d3f0       0x5c /opt/stm32/gcc/gcc-arm-none-eabi-4_9-2015q2/bin/../lib/gcc/arm-none-eabi/4.9.3/../../../../arm-none-eabi/lib/armv7-m/libg.a(lib_a-strlen.o)
                0x0800d3f0                strlen
 *fill*         0x0800d44c        0x4 
 .text.strpbrk  0x0800d450       0x48 /opt/stm32/gcc/gcc-arm-none-eabi-4_9-2015q2/bin/../lib/gcc/arm-none-eabi/4.9.3/../../../../arm-none-eabi/lib/armv7-m/libg.a(lib_a-strpbrk.o)
                0x0800d450                strpbrk
 *fill*         0x0800d498        0x8 
 .text.strspn   0x0800d4a0       0x34 /opt/stm32/gcc/gcc-arm-none-eabi-4_9-2015q2/bin/../lib/gcc/arm-none-eabi/4.9.3/../../../../arm-none-eabi/lib/armv7-m/libg.a(lib_a-strspn.o)
                0x0800d4a0                strspn
 *(.rodata)
 *(.rodata.*)
 *fill*         0x0800d4d4        0xc 
 .rodata.ram_areas
                0x0800d4e0       0x80 build/obj/crt1.o
 .rodata.vmt    0x0800d560       0x20 build/obj/serial.o
 .rodata.vmt    0x0800d580       0x20 build/obj/serial_usb.o
 .rodata.zero_status
                0x0800d5a0        0x2 build/obj/usb.o
 *fill*         0x0800d5a2        0xe 
 .rodata.active_status
                0x0800d5b0        0x2 build/obj/usb.o
 *fill*         0x0800d5b2        0xe 
 .rodata.halted_status
                0x0800d5c0        0x2 build/obj/usb.o
 *fill*         0x0800d5c2        0xe 
 .rodata._stm32_dma_streams
                0x0800d5d0       0xf0 build/obj/stm32_dma.o
                0x0800d5d0                _stm32_dma_streams
 .rodata.cfgtab.7063
                0x0800d6c0       0x12 build/obj/pal_lld.o
 *fill*         0x0800d6d2        0xe 
 .rodata.str1.4
                0x0800d6e0        0xc build/obj/i2c_lld.o
 *fill*         0x0800d6ec        0x4 
 .rodata.default_config
                0x0800d6f0        0xc build/obj/serial_lld.o
 *fill*         0x0800d6fc        0x4 
 .rodata.ep0config
                0x0800d700       0x24 build/obj/usb_lld.o
 *fill*         0x0800d724        0xc 
 .rodata.pal_default_config
                0x0800d730       0x54 build/obj/board.o
                0x0800d730                pal_default_config
 *fill*         0x0800d784        0xc 
 .rodata.wa     0x0800d790       0x14 build/obj/test.o
                0x0800d790                wa
 *fill*         0x0800d7a4        0xc 
 .rodata.patterns
                0x0800d7b0       0x34 build/obj/test.o
 *fill*         0x0800d7e4        0xc 
 .rodata.str1.4
                0x0800d7f0      0x1ee build/obj/test.o
                                0x1fe (size before relaxing)
 *fill*         0x0800d9de        0x2 
 .rodata.testthd1
                0x0800d9e0       0x10 build/obj/testthd.o
                0x0800d9e0                testthd1
 .rodata.testthd2
                0x0800d9f0       0x10 build/obj/testthd.o
                0x0800d9f0                testthd2
 .rodata.testthd3
                0x0800da00       0x10 build/obj/testthd.o
                0x0800da00                testthd3
 .rodata.testthd4
                0x0800da10       0x10 build/obj/testthd.o
                0x0800da10                testthd4
 .rodata.patternthd
                0x0800da20       0x14 build/obj/testthd.o
                0x0800da20                patternthd
 *fill*         0x0800da34        0xc 
 .rodata.str1.4
                0x0800da40       0x7b build/obj/testthd.o
                                 0x7f (size before relaxing)
 *fill*         0x0800dabb        0x5 
 .rodata.testsem1
                0x0800dac0       0x10 build/obj/testsem.o
                0x0800dac0                testsem1
 .rodata.testsem2
                0x0800dad0       0x10 build/obj/testsem.o
                0x0800dad0                testsem2
 .rodata.testsem3
                0x0800dae0       0x10 build/obj/testsem.o
                0x0800dae0                testsem3
 .rodata.testsem4
                0x0800daf0       0x10 build/obj/testsem.o
                0x0800daf0                testsem4
 .rodata.patternsem
                0x0800db00       0x14 build/obj/testsem.o
                0x0800db00                patternsem
 *fill*         0x0800db14        0xc 
 .rodata.str1.4
                0x0800db20       0x6e build/obj/testsem.o
                                 0x8a (size before relaxing)
 *fill*         0x0800db8e        0x2 
 .rodata.testmtx5
                0x0800db90       0x10 build/obj/testmtx.o
                0x0800db90                testmtx5
 .rodata.testmtx6
                0x0800dba0       0x10 build/obj/testmtx.o
                0x0800dba0                testmtx6
 .rodata.testmtx7
                0x0800dbb0       0x10 build/obj/testmtx.o
                0x0800dbb0                testmtx7
 .rodata.testmtx8
                0x0800dbc0       0x10 build/obj/testmtx.o
                0x0800dbc0                testmtx8
 .rodata.str1.4
                0x0800dbd0       0x95 build/obj/testmtx.o
                                 0xb1 (size before relaxing)
 *fill*         0x0800dc65        0xb 
 .rodata.patternmtx
                0x0800dc70       0x1c build/obj/testmtx.o
                0x0800dc70                patternmtx
 *fill*         0x0800dc8c        0x4 
 .rodata.testmtx1
                0x0800dc90       0x10 build/obj/testmtx.o
                0x0800dc90                testmtx1
 .rodata.testmtx4
                0x0800dca0       0x10 build/obj/testmtx.o
                0x0800dca0                testmtx4
 .rodata.testmsg1
                0x0800dcb0       0x10 build/obj/testmsg.o
                0x0800dcb0                testmsg1
 .rodata.str1.4
                0x0800dcc0        0xf build/obj/testmsg.o
                                 0x13 (size before relaxing)
 *fill*         0x0800dccf        0x1 
 .rodata.patternmsg
                0x0800dcd0        0x8 build/obj/testmsg.o
                0x0800dcd0                patternmsg
 *fill*         0x0800dcd8        0x8 
 .rodata.patternmbox
                0x0800dce0        0x8 build/obj/testmbox.o
                0x0800dce0                patternmbox
 *fill*         0x0800dce8        0x8 
 .rodata.str1.4
                0x0800dcf0       0x20 build/obj/testmbox.o
                                 0x28 (size before relaxing)
 .rodata.testmbox1
                0x0800dd10       0x10 build/obj/testmbox.o
                0x0800dd10                testmbox1
 .rodata.patternevt
                0x0800dd20       0x10 build/obj/testevt.o
                0x0800dd20                patternevt
 .rodata.testevt2
                0x0800dd30       0x10 build/obj/testevt.o
                0x0800dd30                testevt2
 .rodata.str1.4
                0x0800dd40       0x52 build/obj/testevt.o
                                 0x5a (size before relaxing)
 *fill*         0x0800dd92        0xe 
 .rodata.testevt1
                0x0800dda0       0x10 build/obj/testevt.o
                0x0800dda0                testevt1
 .rodata.evhndl
                0x0800ddb0        0xc build/obj/testevt.o
 *fill*         0x0800ddbc        0x4 
 .rodata.testevt3
                0x0800ddc0       0x10 build/obj/testevt.o
                0x0800ddc0                testevt3
 .rodata.patternheap
                0x0800ddd0        0x8 build/obj/testheap.o
                0x0800ddd0                patternheap
 *fill*         0x0800ddd8        0x8 
 .rodata.str1.4
                0x0800dde0       0x28 build/obj/testheap.o
 *fill*         0x0800de08        0x8 
 .rodata.testheap1
                0x0800de10       0x10 build/obj/testheap.o
                0x0800de10                testheap1
 .rodata.str1.4
                0x0800de20       0x1c build/obj/testpools.o
 *fill*         0x0800de3c        0x4 
 .rodata.patternpools
                0x0800de40        0x8 build/obj/testpools.o
                0x0800de40                patternpools
 *fill*         0x0800de48        0x8 
 .rodata.testpools1
                0x0800de50       0x10 build/obj/testpools.o
                0x0800de50                testpools1
 .rodata.testdyn1
                0x0800de60       0x10 build/obj/testdyn.o
                0x0800de60                testdyn1
 .rodata.testdyn2
                0x0800de70       0x10 build/obj/testdyn.o
                0x0800de70                testdyn2
 .rodata.str1.4
                0x0800de80       0x65 build/obj/testdyn.o
                                 0x79 (size before relaxing)
 *fill*         0x0800dee5        0xb 
 .rodata.patterndyn
                0x0800def0        0xc build/obj/testdyn.o
                0x0800def0                patterndyn
 *fill*         0x0800defc        0x4 
 .rodata.testqueues1
                0x0800df00       0x10 build/obj/testqueues.o
                0x0800df00                testqueues1
 .rodata.testqueues2
                0x0800df10       0x10 build/obj/testqueues.o
                0x0800df10                testqueues2
 .rodata.str1.4
                0x0800df20       0x2d build/obj/testqueues.o
                                 0x35 (size before relaxing)
 *fill*         0x0800df4d        0x3 
 .rodata.patternqueues
                0x0800df50        0xc build/obj/testqueues.o
                0x0800df50                patternqueues
 *fill*         0x0800df5c        0x4 
 .rodata.testsys1
                0x0800df60       0x10 build/obj/testsys.o
                0x0800df60                testsys1
 .rodata.testsys2
                0x0800df70       0x10 build/obj/testsys.o
                0x0800df70                testsys2
 .rodata.testsys3
                0x0800df80       0x10 build/obj/testsys.o
                0x0800df80                testsys3
 .rodata.str1.4
                0x0800df90       0x47 build/obj/testsys.o
 *fill*         0x0800dfd7        0x9 
 .rodata.patternsys
                0x0800dfe0       0x10 build/obj/testsys.o
                0x0800dfe0                patternsys
 .rodata.testbmk8
                0x0800dff0       0x10 build/obj/testbmk.o
                0x0800dff0                testbmk8
 .rodata.patternbmk
                0x0800e000       0x38 build/obj/testbmk.o
                0x0800e000                patternbmk
 *fill*         0x0800e038        0x8 
 .rodata.testbmk2
                0x0800e040       0x10 build/obj/testbmk.o
                0x0800e040                testbmk2
 .rodata.testbmk10
                0x0800e050       0x10 build/obj/testbmk.o
                0x0800e050                testbmk10
 .rodata.testbmk4
                0x0800e060       0x10 build/obj/testbmk.o