Archive member included because of file (symbol)

/opt/stm32/gcc/gcc-arm-none-eabi-4_9-2015q2/bin/../lib/gcc/arm-none-eabi/4.9.3/../../../../arm-none-eabi/lib/armv7-m/libm.a(lib_a-sf_sin.o)
                              build/obj/pwmio.o (sinf)
/opt/stm32/gcc/gcc-arm-none-eabi-4_9-2015q2/bin/../lib/gcc/arm-none-eabi/4.9.3/../../../../arm-none-eabi/lib/armv7-m/libm.a(lib_a-wf_asin.o)
                              build/obj/attitude.o (asinf)
/opt/stm32/gcc/gcc-arm-none-eabi-4_9-2015q2/bin/../lib/gcc/arm-none-eabi/4.9.3/../../../../arm-none-eabi/lib/armv7-m/libm.a(lib_a-wf_atan2.o)
                              build/obj/attitude.o (atan2f)
/opt/stm32/gcc/gcc-arm-none-eabi-4_9-2015q2/bin/../lib/gcc/arm-none-eabi/4.9.3/../../../../arm-none-eabi/lib/armv7-m/libm.a(lib_a-wf_fmod.o)
                              build/obj/pwmio.o (fmodf)
/opt/stm32/gcc/gcc-arm-none-eabi-4_9-2015q2/bin/../lib/gcc/arm-none-eabi/4.9.3/../../../../arm-none-eabi/lib/armv7-m/libm.a(lib_a-ef_asin.o)
                              /opt/stm32/gcc/gcc-arm-none-eabi-4_9-2015q2/bin/../lib/gcc/arm-none-eabi/4.9.3/../../../../arm-none-eabi/lib/armv7-m/libm.a(lib_a-wf_asin.o) (__ieee754_asinf)
/opt/stm32/gcc/gcc-arm-none-eabi-4_9-2015q2/bin/../lib/gcc/arm-none-eabi/4.9.3/../../../../arm-none-eabi/lib/armv7-m/libm.a(lib_a-ef_atan2.o)
                              /opt/stm32/gcc/gcc-arm-none-eabi-4_9-2015q2/bin/../lib/gcc/arm-none-eabi/4.9.3/../../../../arm-none-eabi/lib/armv7-m/libm.a(lib_a-wf_atan2.o) (__ieee754_atan2f)
/opt/stm32/gcc/gcc-arm-none-eabi-4_9-2015q2/bin/../lib/gcc/arm-none-eabi/4.9.3/../../../../arm-none-eabi/lib/armv7-m/libm.a(lib_a-ef_fmod.o)
                              /opt/stm32/gcc/gcc-arm-none-eabi-4_9-2015q2/bin/../lib/gcc/arm-none-eabi/4.9.3/../../../../arm-none-eabi/lib/armv7-m/libm.a(lib_a-wf_fmod.o) (__ieee754_fmodf)
/opt/stm32/gcc/gcc-arm-none-eabi-4_9-2015q2/bin/../lib/gcc/arm-none-eabi/4.9.3/../../../../arm-none-eabi/lib/armv7-m/libm.a(lib_a-ef_rem_pio2.o)
                              /opt/stm32/gcc/gcc-arm-none-eabi-4_9-2015q2/bin/../lib/gcc/arm-none-eabi/4.9.3/../../../../arm-none-eabi/lib/armv7-m/libm.a(lib_a-sf_sin.o) (__ieee754_rem_pio2f)
/opt/stm32/gcc/gcc-arm-none-eabi-4_9-2015q2/bin/../lib/gcc/arm-none-eabi/4.9.3/../../../../arm-none-eabi/lib/armv7-m/libm.a(lib_a-ef_sqrt.o)
                              /opt/stm32/gcc/gcc-arm-none-eabi-4_9-2015q2/bin/../lib/gcc/arm-none-eabi/4.9.3/../../../../arm-none-eabi/lib/armv7-m/libm.a(lib_a-ef_asin.o) (__ieee754_sqrtf)
/opt/stm32/gcc/gcc-arm-none-eabi-4_9-2015q2/bin/../lib/gcc/arm-none-eabi/4.9.3/../../../../arm-none-eabi/lib/armv7-m/libm.a(lib_a-kf_cos.o)
                              /opt/stm32/gcc/gcc-arm-none-eabi-4_9-2015q2/bin/../lib/gcc/arm-none-eabi/4.9.3/../../../../arm-none-eabi/lib/armv7-m/libm.a(lib_a-sf_sin.o) (__kernel_cosf)
/opt/stm32/gcc/gcc-arm-none-eabi-4_9-2015q2/bin/../lib/gcc/arm-none-eabi/4.9.3/../../../../arm-none-eabi/lib/armv7-m/libm.a(lib_a-kf_rem_pio2.o)
                              /opt/stm32/gcc/gcc-arm-none-eabi-4_9-2015q2/bin/../lib/gcc/arm-none-eabi/4.9.3/../../../../arm-none-eabi/lib/armv7-m/libm.a(lib_a-ef_rem_pio2.o) (__kernel_rem_pio2f)
/opt/stm32/gcc/gcc-arm-none-eabi-4_9-2015q2/bin/../lib/gcc/arm-none-eabi/4.9.3/../../../../arm-none-eabi/lib/armv7-m/libm.a(lib_a-kf_sin.o)
                              /opt/stm32/gcc/gcc-arm-none-eabi-4_9-2015q2/bin/../lib/gcc/arm-none-eabi/4.9.3/../../../../arm-none-eabi/lib/armv7-m/libm.a(lib_a-sf_sin.o) (__kernel_sinf)
/opt/stm32/gcc/gcc-arm-none-eabi-4_9-2015q2/bin/../lib/gcc/arm-none-eabi/4.9.3/../../../../arm-none-eabi/lib/armv7-m/libm.a(lib_a-s_lib_ver.o)
                              /opt/stm32/gcc/gcc-arm-none-eabi-4_9-2015q2/bin/../lib/gcc/arm-none-eabi/4.9.3/../../../../arm-none-eabi/lib/armv7-m/libm.a(lib_a-wf_asin.o) (__fdlib_version)
/opt/stm32/gcc/gcc-arm-none-eabi-4_9-2015q2/bin/../lib/gcc/arm-none-eabi/4.9.3/../../../../arm-none-eabi/lib/armv7-m/libm.a(lib_a-s_matherr.o)
                              /opt/stm32/gcc/gcc-arm-none-eabi-4_9-2015q2/bin/../lib/gcc/arm-none-eabi/4.9.3/../../../../arm-none-eabi/lib/armv7-m/libm.a(lib_a-wf_asin.o) (matherr)
/opt/stm32/gcc/gcc-arm-none-eabi-4_9-2015q2/bin/../lib/gcc/arm-none-eabi/4.9.3/../../../../arm-none-eabi/lib/armv7-m/libm.a(lib_a-s_nan.o)
                              /opt/stm32/gcc/gcc-arm-none-eabi-4_9-2015q2/bin/../lib/gcc/arm-none-eabi/4.9.3/../../../../arm-none-eabi/lib/armv7-m/libm.a(lib_a-wf_asin.o) (nan)
/opt/stm32/gcc/gcc-arm-none-eabi-4_9-2015q2/bin/../lib/gcc/arm-none-eabi/4.9.3/../../../../arm-none-eabi/lib/armv7-m/libm.a(lib_a-sf_atan.o)
                              /opt/stm32/gcc/gcc-arm-none-eabi-4_9-2015q2/bin/../lib/gcc/arm-none-eabi/4.9.3/../../../../arm-none-eabi/lib/armv7-m/libm.a(lib_a-ef_atan2.o) (atanf)
/opt/stm32/gcc/gcc-arm-none-eabi-4_9-2015q2/bin/../lib/gcc/arm-none-eabi/4.9.3/../../../../arm-none-eabi/lib/armv7-m/libm.a(lib_a-sf_fabs.o)
[...]
Memory Configuration

Name             Origin             Length             Attributes
flash            0x08000000         0x0003e800
fl_usr           0x0803e800         0x00001800
ram0             0x20000000         0x0000c000
ram1             0x00000000         0x00000000
ram2             0x00000000         0x00000000
ram3             0x00000000         0x00000000
ram4             0x00000000         0x00000000
ram5             0x00000000         0x00000000
ram6             0x00000000         0x00000000
ram7             0x00000000         0x00000000
*default*        0x00000000         0xffffffff

Linker script and memory map

LOAD build/obj/crt0_v7m.o
LOAD build/obj/chcoreasm_v7m.o
LOAD build/obj/crt1.o
LOAD build/obj/vectors.o
LOAD build/obj/chsys.o
LOAD build/obj/chdebug.o
LOAD build/obj/chvt.o
LOAD build/obj/chschd.o
LOAD build/obj/chthreads.o
LOAD build/obj/chtm.o
LOAD build/obj/chdynamic.o
LOAD build/obj/chsem.o
LOAD build/obj/chmtx.o
LOAD build/obj/chcond.o
LOAD build/obj/chevents.o
LOAD build/obj/chmsg.o
LOAD build/obj/chmboxes.o
LOAD build/obj/chqueues.o
LOAD build/obj/chmemcore.o
LOAD build/obj/chheap.o
LOAD build/obj/chmempools.o
LOAD build/obj/chcore.o
LOAD build/obj/chcore_v7m.o
LOAD build/obj/osal.o
LOAD build/obj/hal.o
LOAD build/obj/st.o
LOAD build/obj/hal_buffers.o
LOAD build/obj/hal_queues.o
LOAD build/obj/hal_mmcsd.o
LOAD build/obj/adc.o
LOAD build/obj/i2c.o
LOAD build/obj/pal.o
LOAD build/obj/pwm.o
LOAD build/obj/serial.o
LOAD build/obj/serial_usb.o
LOAD build/obj/usb.o
LOAD build/obj/hal_community.o
LOAD build/obj/hal_nand.o
LOAD build/obj/hal_onewire.o
LOAD build/obj/hal_eicu.o
LOAD build/obj/hal_crc.o
LOAD build/obj/hal_rng.o
LOAD build/obj/hal_usbh.o
LOAD build/obj/hal_usbh_debug.o
LOAD build/obj/hal_usbh_desciter.o
LOAD build/obj/hal_usbh_hub.o
LOAD build/obj/hal_usbh_msd.o
LOAD build/obj/hal_usbh_ftdi.o
LOAD build/obj/hal_usbh_uvc.o
LOAD build/obj/hal_ee24xx.o
LOAD build/obj/hal_ee25xx.o
LOAD build/obj/hal_eeprom.o
LOAD build/obj/hal_timcap.o
LOAD build/obj/hal_qei.o
LOAD build/obj/hal_usb_hid.o
LOAD build/obj/nvic.o
LOAD build/obj/hal_lld.o
LOAD build/obj/stm32_dma.o
LOAD build/obj/st_lld.o
LOAD build/obj/adc_lld.o
LOAD build/obj/pal_lld.o
LOAD build/obj/i2c_lld.o
LOAD build/obj/pwm_lld.o
LOAD build/obj/serial_lld.o
LOAD build/obj/usb_lld.o
LOAD build/obj/hal_crc_lld.o
LOAD build/obj/hal_fsmc.o
LOAD build/obj/hal_nand_lld.o
LOAD build/obj/hal_fsmc_sram.o
LOAD build/obj/hal_eicu_lld.o
LOAD build/obj/hal_timcap_lld.o
LOAD build/obj/hal_qei_lld.o
LOAD build/obj/hal_fsmc_sdram.o
LOAD build/obj/board.o
LOAD build/obj/pwmio.o
LOAD build/obj/test.o
LOAD build/obj/testthd.o
LOAD build/obj/testsem.o
LOAD build/obj/testmtx.o
LOAD build/obj/testmsg.o
LOAD build/obj/testmbox.o
LOAD build/obj/testevt.o
LOAD build/obj/testheap.o
LOAD build/obj/testpools.o
LOAD build/obj/testdyn.o
LOAD build/obj/testqueues.o
LOAD build/obj/testsys.o
LOAD build/obj/testbmk.o
LOAD build/obj/shell.o
LOAD build/obj/memstreams.o
LOAD build/obj/chprintf.o
LOAD build/obj/flash.o
LOAD build/obj/attitude.o
LOAD build/obj/main.o
LOAD build/obj/misc.o
LOAD build/obj/mpu6050.o
LOAD build/obj/telemetry.o
LOAD build/obj/usbcfg.o
LOAD build/obj/mavlink_handler.o
LOAD build/obj/storage.o
                0x00000400                __main_stack_size__ = 0x400
                0x00000400                __process_stack_size__ = 0x400
                0x20000000                __ram0_start__ = ORIGIN (ram0)
                0x0000c000                __ram0_size__ = 0xc000
                0x2000c000                __ram0_end__ = (__ram0_start__ + __ram0_size__)
                0x00000000                __ram1_start__ = ORIGIN (ram1)
                0x00000000                __ram1_size__ = 0x0
                0x00000000                __ram1_end__ = (__ram1_start__ + __ram1_size__)
                0x00000000                __ram2_start__ = ORIGIN (ram2)
                0x00000000                __ram2_size__ = 0x0
                0x00000000                __ram2_end__ = (__ram2_start__ + __ram2_size__)
                0x00000000                __ram3_start__ = ORIGIN (ram3)
                0x00000000                __ram3_size__ = 0x0
                0x00000000                __ram3_end__ = (__ram3_start__ + __ram3_size__)
                0x00000000                __ram4_start__ = ORIGIN (ram4)
                0x00000000                __ram4_size__ = 0x0
                0x00000000                __ram4_end__ = (__ram4_start__ + __ram4_size__)
                0x00000000                __ram5_start__ = ORIGIN (ram5)
                0x00000000                __ram5_size__ = 0x0
                0x00000000                __ram5_end__ = (__ram5_start__ + __ram5_size__)
                0x00000000                __ram6_start__ = ORIGIN (ram6)
                0x00000000                __ram6_size__ = 0x0
                0x00000000                __ram6_end__ = (__ram6_start__ + __ram6_size__)
                0x00000000                __ram7_start__ = ORIGIN (ram7)
                0x00000000                __ram7_size__ = 0x0
                0x00000000                __ram7_end__ = (__ram7_start__ + __ram7_size__)
                0x00000000                . = 0x0
                0x00000000                _text = .

startup         0x08000000      0x160
 *(.vectors)
 .vectors       0x08000000      0x160 build/obj/vectors.o
                0x08000000                _vectors

constructors    0x08000160        0x0
                0x08000160                __init_array_start = .
 *(SORT(.init_array.*))
 *(.init_array)
                0x08000160                __init_array_end = .

destructors     0x08000160        0x0
                0x08000160                __fini_array_start = .
 *(.fini_array)
 *(SORT(.fini_array.*))
                0x08000160                __fini_array_end = .

.text           0x08000160     0x4790
 *(.text)
 .text          0x08000160       0xc4 build/obj/crt0_v7m.o
                0x08000160                Reset_Handler
 *fill*         0x08000224        0xc 
 .text          0x08000230       0x28 build/obj/chcoreasm_v7m.o
                0x08000230                _port_switch
                0x08000240                _port_thread_start
                0x08000250                _port_switch_from_isr
                0x08000254                _port_exit_from_isr
 *fill*         0x08000258        0x8 
 .text          0x08000260      0x370 /opt/stm32/gcc/gcc-arm-none-eabi-4_9-2015q2/bin/../lib/gcc/arm-none-eabi/4.9.3/armv7-m/libgcc.a(_arm_addsubdf3.o)
                0x08000260                __aeabi_drsub
                0x08000268                __aeabi_dsub
                0x08000268                __subdf3
                0x0800026c                __adddf3
                0x0800026c                __aeabi_dadd
                0x080004e4                __aeabi_ui2d
                0x080004e4                __floatunsidf
                0x08000504                __floatsidf
                0x08000504                __aeabi_i2d
                0x08000528                __extendsfdf2
                0x08000528                __aeabi_f2d
                0x08000564                __aeabi_ul2d
                0x08000564                __floatundidf
                0x08000574                __floatdidf
                0x08000574                __aeabi_l2d
 .text          0x080005d0      0x424 /opt/stm32/gcc/gcc-arm-none-eabi-4_9-2015q2/bin/../lib/gcc/arm-none-eabi/4.9.3/armv7-m/libgcc.a(_arm_muldivdf3.o)
                0x080005d0                __aeabi_dmul
                0x080005d0                __muldf3
                0x08000824                __aeabi_ddiv
                0x08000824                __divdf3
 *fill*         0x080009f4        0xc 
 .text          0x08000a00       0x50 /opt/stm32/gcc/gcc-arm-none-eabi-4_9-2015q2/bin/../lib/gcc/arm-none-eabi/4.9.3/armv7-m/libgcc.a(_arm_fixdfsi.o)
                0x08000a00                __fixdfsi
                0x08000a00                __aeabi_d2iz
 .text          0x08000a50       0xa0 /opt/stm32/gcc/gcc-arm-none-eabi-4_9-2015q2/bin/../lib/gcc/arm-none-eabi/4.9.3/armv7-m/libgcc.a(_arm_truncdfsf2.o)
                0x08000a50                __aeabi_d2f
                0x08000a50                __truncdfsf2
 .text          0x08000af0      0x21c /opt/stm32/gcc/gcc-arm-none-eabi-4_9-2015q2/bin/../lib/gcc/arm-none-eabi/4.9.3/armv7-m/libgcc.a(_arm_addsubsf3.o)
                0x08000af0                __aeabi_frsub
                0x08000af8                __subsf3
                0x08000af8                __aeabi_fsub
                0x08000afc                __aeabi_fadd
                0x08000afc                __addsf3
                0x08000c5c                __aeabi_ui2f
                0x08000c5c                __floatunsisf
                0x08000c64                __aeabi_i2f
                0x08000c64                __floatsisf
                0x08000c80                __floatundisf
                0x08000c80                __aeabi_ul2f
                0x08000c90                __floatdisf
                0x08000c90                __aeabi_l2f
 *fill*         0x08000d0c        0x4 
 .text          0x08000d10      0x2a0 /opt/stm32/gcc/gcc-arm-none-eabi-4_9-2015q2/bin/../lib/gcc/arm-none-eabi/4.9.3/armv7-m/libgcc.a(_arm_muldivsf3.o)
                0x08000d10                __mulsf3
                0x08000d10                __aeabi_fmul
                0x08000e78                __divsf3
                0x08000e78                __aeabi_fdiv
 .text          0x08000fb0       0xec /opt/stm32/gcc/gcc-arm-none-eabi-4_9-2015q2/bin/../lib/gcc/arm-none-eabi/4.9.3/armv7-m/libgcc.a(_arm_cmpsf2.o)
                0x08000fb0                __gtsf2
                0x08000fb0                __gesf2
                0x08000fb8                __lesf2
                0x08000fb8                __ltsf2
                0x08000fc0                __nesf2
                0x08000fc0                __eqsf2
                0x08000fc0                __cmpsf2
                0x08001020                __aeabi_cfrcmple
                0x08001028                __aeabi_cfcmple
                0x08001028                __aeabi_cfcmpeq
                0x08001038                __aeabi_fcmpeq
                0x0800104c                __aeabi_fcmplt
                0x08001060                __aeabi_fcmple
                0x08001074                __aeabi_fcmpge
                0x08001088                __aeabi_fcmpgt
 *fill*         0x0800109c        0x4 
 .text          0x080010a0       0x4c /opt/stm32/gcc/gcc-arm-none-eabi-4_9-2015q2/bin/../lib/gcc/arm-none-eabi/4.9.3/armv7-m/libgcc.a(_arm_fixsfsi.o)
                0x080010a0                __fixsfsi
                0x080010a0                __aeabi_f2iz
 *fill*         0x080010ec        0x4 
 .text          0x080010f0       0xec /opt/stm32/gcc/gcc-arm-none-eabi-4_9-2015q2/bin/../lib/gcc/arm-none-eabi/4.9.3/../../../../arm-none-eabi/lib/armv7-m/libg.a(lib_a-memcpy.o)
                0x080010f0                memcpy
 *(.text.*)
 *fill*         0x080011dc        0x4 
 .text.__core_init
                0x080011e0        0x4 build/obj/crt1.o
                0x080011e0                __core_init
 *fill*         0x080011e4        0xc 
 .text.__late_init
                0x080011f0        0x4 build/obj/crt1.o
                0x080011f0                __late_init
 *fill*         0x080011f4        0xc 
 .text.__default_exit
                0x08001200        0x4 build/obj/crt1.o
                0x08001200                __default_exit
 *fill*         0x08001204        0xc 
 .text.__init_ram_areas
                0x08001210       0x4c build/obj/crt1.o
                0x08001210                __init_ram_areas
 *fill*         0x0800125c        0x4 
 .text._unhandled_exception
                0x08001260        0x4 build/obj/vectors.o
                0x08001260                Vector58
                0x08001260                VectorE8
                0x08001260                Vector9C
                0x08001260                DebugMon_Handler
                0x08001260                Vector5C
                0x08001260                Vector11C
                0x08001260                HardFault_Handler
                0x08001260                Vector8C
                0x08001260                VectorDC
                0x08001260                PendSV_Handler
                0x08001260                NMI_Handler
                0x08001260                Vector94
                0x08001260                VectorA8
                0x08001260                UsageFault_Handler
                0x08001260                VectorEC
                0x08001260                Vector40
                0x08001260                VectorF8
                0x08001260                Vector108
                0x08001260                VectorBC
                0x08001260                Vector150
                0x08001260                Vector148
                0x08001260                Vector118
                0x08001260                Vector64
                0x08001260                VectorCC
                0x08001260                Vector54
                0x08001260                Vector98
                0x08001260                VectorD8
                0x08001260                Vector138
                0x08001260                Vector24
                0x08001260                VectorD0
                0x08001260                Vector140
                0x08001260                VectorE4
                0x08001260                VectorC0
                0x08001260                Vector158
                0x08001260                Vector130
                0x08001260                Vector134
                0x08001260                VectorF0
                0x08001260                Vector13C
                0x08001260                Vector100
                0x08001260                VectorE0
                0x08001260                VectorF4
                0x08001260                MemManage_Handler
                0x08001260                VectorA0
                0x08001260                Vector114
                0x08001260                Vector60
                0x08001260                Vector1C
                0x08001260                Vector48
                0x08001260                VectorD4
                0x08001260                Vector4C
                0x08001260                Vector144
                0x08001260                Vector15C
                0x08001260                Vector68
                0x08001260                _unhandled_exception
                0x08001260                Vector88
                0x08001260                Vector104
                0x08001260                Vector10C
                0x08001260                Vector14C
                0x08001260                BusFault_Handler
                0x08001260                Vector50
                0x08001260                Vector154
                0x08001260                Vector44
                0x08001260                Vector28
                0x08001260                VectorFC
                0x08001260                Vector34
                0x08001260                Vector20
 *fill*         0x08001264        0xc 
 .text._idle_thread
                0x08001270        0x4 build/obj/chsys.o
 *fill*         0x08001274        0xc 
 .text.chSysInit
                0x08001280       0x8c build/obj/chsys.o
                0x08001280                chSysInit
 *fill*         0x0800130c        0x4 
 .text.chSysTimerHandlerI
                0x08001310       0x48 build/obj/chsys.o
                0x08001310                chSysTimerHandlerI
 *fill*         0x08001358        0x8 
 .text._vt_init
                0x08001360       0x1c build/obj/chvt.o
                0x08001360                _vt_init
 *fill*         0x0800137c        0x4 
 .text.chVTDoSetI
                0x08001380       0x3c build/obj/chvt.o
                0x08001380                chVTDoSetI
 *fill*         0x080013bc        0x4 
 .text.chVTDoResetI
                0x080013c0       0x28 build/obj/chvt.o
                0x080013c0                chVTDoResetI
 *fill*         0x080013e8        0x8 
 .text.wakeup   0x080013f0       0x70 build/obj/chschd.o
 .text._scheduler_init
                0x08001460       0x10 build/obj/chschd.o
                0x08001460                _scheduler_init
 .text.chSchReadyI
                0x08001470       0x2c build/obj/chschd.o
                0x08001470                chSchReadyI
 *fill*         0x0800149c        0x4 
 .text.chSchGoSleepS
                0x080014a0       0x24 build/obj/chschd.o
                0x080014a0                chSchGoSleepS
 *fill*         0x080014c4        0xc 
 .text.chSchGoSleepTimeoutS
                0x080014d0       0x48 build/obj/chschd.o
                0x080014d0                chSchGoSleepTimeoutS
 *fill*         0x08001518        0x8 
 .text.chSchWakeupS
                0x08001520       0x58 build/obj/chschd.o
                0x08001520                chSchWakeupS
 *fill*         0x08001578        0x8 
 .text.chSchIsPreemptionRequired
                0x08001580       0x18 build/obj/chschd.o
                0x08001580                chSchIsPreemptionRequired
 *fill*         0x08001598        0x8 
 .text.chSchDoRescheduleAhead
                0x080015a0       0x3c build/obj/chschd.o
                0x080015a0                chSchDoRescheduleAhead
 *fill*         0x080015dc        0x4 
 .text.chSchDoReschedule
                0x080015e0        0x4 build/obj/chschd.o
                0x080015e0                chSchDoReschedule
 *fill*         0x080015e4        0xc 
 .text._thread_init
                0x080015f0       0x28 build/obj/chthreads.o
                0x080015f0                _thread_init
 *fill*         0x08001618        0x8 
 .text.chThdCreateStatic
                0x08001620       0x64 build/obj/chthreads.o
                0x08001620                chThdCreateStatic
 *fill*         0x08001684        0xc 
 .text.chThdSleep
                0x08001690       0x18 build/obj/chthreads.o
                0x08001690                chThdSleep
 *fill*         0x080016a8        0x8 
 .text.chThdExitS
                0x080016b0       0x30 build/obj/chthreads.o
                0x080016b0                chThdExitS
 .text.chThdExit
                0x080016e0        0xc build/obj/chthreads.o
                0x080016e0                chThdExit
 *fill*         0x080016ec        0x4 
 .text.chThdResumeI
                0x080016f0       0x14 build/obj/chthreads.o
                0x080016f0                chThdResumeI
 *fill*         0x08001704        0xc 
 .text.chThdEnqueueTimeoutS
                0x08001710       0x28 build/obj/chthreads.o
                0x08001710                chThdEnqueueTimeoutS
 *fill*         0x08001738        0x8 
 .text.chThdDequeueNextI
                0x08001740       0x20 build/obj/chthreads.o
                0x08001740                chThdDequeueNextI
 .text.chTMStartMeasurementX
                0x08001760        0xc build/obj/chtm.o
                0x08001760                chTMStartMeasurementX
 *fill*         0x0800176c        0x4 
 .text.chTMStopMeasurementX
                0x08001770       0x44 build/obj/chtm.o
                0x08001770                chTMStopMeasurementX
 *fill*         0x080017b4        0xc 
 .text._tm_init
                0x080017c0       0x38 build/obj/chtm.o
                0x080017c0                _tm_init
 *fill*         0x080017f8        0x8 
 .text.chMtxObjectInit
                0x08001800        0xc build/obj/chmtx.o
                0x08001800                chMtxObjectInit
 *fill*         0x0800180c        0x4 
 .text.chEvtSignalI
                0x08001810       0x2c build/obj/chevents.o
                0x08001810                chEvtSignalI
 *fill*         0x0800183c        0x4 
 .text.chEvtBroadcastFlagsI
                0x08001840       0x2c build/obj/chevents.o
                0x08001840                chEvtBroadcastFlagsI
 *fill*         0x0800186c        0x4 
 .text.chIQObjectInit
                0x08001870       0x20 build/obj/chqueues.o
                0x08001870                chIQObjectInit
 .text.chIQPutI
                0x08001890       0x38 build/obj/chqueues.o
                0x08001890                chIQPutI
 *fill*         0x080018c8        0x8 
 .text.chIQGetTimeout
                0x080018d0       0x50 build/obj/chqueues.o
                0x080018d0                chIQGetTimeout
 .text.chIQReadTimeout
                0x08001920       0x78 build/obj/chqueues.o
                0x08001920                chIQReadTimeout
 *fill*         0x08001998        0x8 
 .text.chOQObjectInit
                0x080019a0       0x1c build/obj/chqueues.o
                0x080019a0                chOQObjectInit
 *fill*         0x080019bc        0x4 
 .text.chOQPutTimeout
                0x080019c0       0x54 build/obj/chqueues.o
                0x080019c0                chOQPutTimeout
 *fill*         0x08001a14        0xc 
 .text.chOQGetI
                0x08001a20       0x38 build/obj/chqueues.o
                0x08001a20                chOQGetI
 *fill*         0x08001a58        0x8 
 .text.chOQWriteTimeout
                0x08001a60       0x80 build/obj/chqueues.o
                0x08001a60                chOQWriteTimeout
 .text._core_init
                0x08001ae0       0x28 build/obj/chmemcore.o
                0x08001ae0                _core_init
 *fill*         0x08001b08        0x8 
 .text.chCoreAlloc
                0x08001b10       0x38 build/obj/chmemcore.o
                0x08001b10                chCoreAlloc
 *fill*         0x08001b48        0x8 
 .text._heap_init
                0x08001b50       0x1c build/obj/chheap.o
                0x08001b50                _heap_init
 *fill*         0x08001b6c        0x4 
 .text.SVC_Handler
                0x08001b70       0x14 build/obj/chcore_v7m.o
                0x08001b70                SVC_Handler
 *fill*         0x08001b84        0xc 
 .text._port_irq_epilogue
                0x08001b90       0x50 build/obj/chcore_v7m.o
                0x08001b90                _port_irq_epilogue
 .text.halInit  0x08001be0       0x34 build/obj/hal.o
                0x08001be0                halInit
 *fill*         0x08001c14        0xc 
 .text.stInit   0x08001c20        0x4 build/obj/st.o
                0x08001c20                stInit
 *fill*         0x08001c24        0xc 
 .text.adcInit  0x08001c30        0x4 build/obj/adc.o
                0x08001c30                adcInit
 *fill*         0x08001c34        0xc 
 .text.adcObjectInit
                0x08001c40       0x10 build/obj/adc.o
                0x08001c40                adcObjectInit
 .text.i2cInit  0x08001c50        0x4 build/obj/i2c.o
                0x08001c50                i2cInit
 *fill*         0x08001c54        0xc 
 .text.i2cObjectInit
                0x08001c60       0x10 build/obj/i2c.o
                0x08001c60                i2cObjectInit
 .text.pwmInit  0x08001c70        0x4 build/obj/pwm.o
                0x08001c70                pwmInit
 *fill*         0x08001c74        0xc 
 .text.pwmObjectInit
                0x08001c80       0x10 build/obj/pwm.o
                0x08001c80                pwmObjectInit
 .text.readt    0x08001c90        0x8 build/obj/serial.o
 *fill*         0x08001c98        0x8 
 .text.read     0x08001ca0        0xc build/obj/serial.o
 *fill*         0x08001cac        0x4 
 .text.writet   0x08001cb0        0x8 build/obj/serial.o
 *fill*         0x08001cb8        0x8 
 .text.write    0x08001cc0        0xc build/obj/serial.o
 *fill*         0x08001ccc        0x4 
 .text.gett     0x08001cd0        0x8 build/obj/serial.o
 *fill*         0x08001cd8        0x8 
 .text.get      0x08001ce0        0xc build/obj/serial.o
 *fill*         0x08001cec        0x4 
 .text.putt     0x08001cf0        0x8 build/obj/serial.o
 *fill*         0x08001cf8        0x8 
 .text.put      0x08001d00        0xc build/obj/serial.o
 *fill*         0x08001d0c        0x4 
 .text.sdInit   0x08001d10        0x4 build/obj/serial.o
                0x08001d10                sdInit
 *fill*         0x08001d14        0xc 
 .text.sdObjectInit
                0x08001d20       0x40 build/obj/serial.o
                0x08001d20                sdObjectInit
 .text.sdStart  0x08001d60       0x1c build/obj/serial.o
                0x08001d60                sdStart
 *fill*         0x08001d7c        0x4 
 .text.sdIncomingDataI
                0x08001d80       0x3c build/obj/serial.o
                0x08001d80                sdIncomingDataI
 *fill*         0x08001dbc        0x4 
 .text.sduInit  0x08001dc0        0x4 build/obj/serial_usb.o
                0x08001dc0                sduInit
 *fill*         0x08001dc4        0xc 
 .text.set_address
                0x08001dd0       0x24 build/obj/usb.o
 *fill*         0x08001df4        0xc 
 .text.usbInit  0x08001e00        0x4 build/obj/usb.o
                0x08001e00                usbInit
 *fill*         0x08001e04        0xc 
 .text.usbObjectInit
                0x08001e10       0x30 build/obj/usb.o
                0x08001e10                usbObjectInit
 .text.usbDisableEndpointsI
                0x08001e40       0x28 build/obj/usb.o
                0x08001e40                usbDisableEndpointsI
 *fill*         0x08001e68        0x8 
 .text.usbStartReceiveI
                0x08001e70       0x28 build/obj/usb.o
                0x08001e70                usbStartReceiveI
 *fill*         0x08001e98        0x8 
 .text.usbStartTransmitI
                0x08001ea0       0x28 build/obj/usb.o
                0x08001ea0                usbStartTransmitI
 *fill*         0x08001ec8        0x8 
 .text._usb_reset
                0x08001ed0       0x4c build/obj/usb.o
                0x08001ed0                _usb_reset
 *fill*         0x08001f1c        0x4 
 .text._usb_suspend
                0x08001f20       0x20 build/obj/usb.o
                0x08001f20                _usb_suspend
 .text._usb_wakeup
                0x08001f40       0x14 build/obj/usb.o
                0x08001f40                _usb_wakeup
 *fill*         0x08001f54        0xc 
 .text._usb_ep0setup
                0x08001f60      0x304 build/obj/usb.o
                0x08001f60                _usb_ep0setup
 *fill*         0x08002264        0xc 
 .text._usb_ep0in
                0x08002270       0xa4 build/obj/usb.o
                0x08002270                _usb_ep0in
 *fill*         0x08002314        0xc 
 .text._usb_ep0out
                0x08002320       0x78 build/obj/usb.o
                0x08002320                _usb_ep0out
 *fill*         0x08002398        0x8 
 .text.nvicEnableVector
                0x080023a0       0x34 build/obj/nvic.o
                0x080023a0                nvicEnableVector
 *fill*         0x080023d4        0xc 
 .text.nvicSetSystemHandlerPriority
                0x080023e0       0x10 build/obj/nvic.o
                0x080023e0                nvicSetSystemHandlerPriority
 .text.Vector12C
                0x080023f0       0x6c build/obj/hal_lld.o
                0x080023f0                Vector12C
 *fill*         0x0800245c        0x4 
 .text.hal_lld_init
                0x08002460       0x3c build/obj/hal_lld.o
                0x08002460                hal_lld_init
 *fill*         0x0800249c        0x4 
 .text.stm32_clock_init
                0x080024a0       0x8c build/obj/hal_lld.o
                0x080024a0                stm32_clock_init
 *fill*         0x0800252c        0x4 
 .text.Vector6C
                0x08002530       0x28 build/obj/stm32_dma.o
                0x08002530                Vector6C
 *fill*         0x08002558        0x8 
 .text.Vector70
                0x08002560       0x30 build/obj/stm32_dma.o
                0x08002560                Vector70
 .text.Vector74
                0x08002590       0x30 build/obj/stm32_dma.o
                0x08002590                Vector74
 .text.Vector78
                0x080025c0       0x30 build/obj/stm32_dma.o
                0x080025c0                Vector78
 .text.Vector7C
                0x080025f0       0x30 build/obj/stm32_dma.o
                0x080025f0                Vector7C
 .text.Vector80
                0x08002620       0x30 build/obj/stm32_dma.o
                0x08002620                Vector80
 .text.Vector84
                0x08002650       0x30 build/obj/stm32_dma.o
                0x08002650                Vector84
 .text.Vector120
                0x08002680       0x28 build/obj/stm32_dma.o
                0x08002680                Vector120
 *fill*         0x080026a8        0x8 
 .text.Vector124
                0x080026b0       0x30 build/obj/stm32_dma.o
                0x080026b0                Vector124
 .text.Vector128
                0x080026e0       0x30 build/obj/stm32_dma.o
                0x080026e0                Vector128
 .text.dmaInit  0x08002710       0x44 build/obj/stm32_dma.o
                0x08002710                dmaInit
 *fill*         0x08002754        0xc 
 .text.SysTick_Handler
                0x08002760       0x1c build/obj/st_lld.o
                0x08002760                SysTick_Handler
 *fill*         0x0800277c        0x4 
 .text.st_lld_init
                0x08002780       0x1c build/obj/st_lld.o
                0x08002780                st_lld_init
 *fill*         0x0800279c        0x4 
 .text.adc_lld_init
                0x080027a0       0x6c build/obj/adc_lld.o
                0x080027a0                adc_lld_init
 *fill*         0x0800280c        0x4 
 .text._pal_lld_init
                0x08002810       0x94 build/obj/pal_lld.o
                0x08002810                _pal_lld_init
 *fill*         0x080028a4        0xc 
 .text.VectorC4
                0x080028b0       0xf8 build/obj/i2c_lld.o
                0x080028b0                VectorC4
 *fill*         0x080029a8        0x8 
 .text.VectorC8
                0x080029b0       0xe4 build/obj/i2c_lld.o
                0x080029b0                VectorC8
 *fill*         0x08002a94        0xc 
 .text.i2c_lld_init
                0x08002aa0       0x2c build/obj/i2c_lld.o
                0x08002aa0                i2c_lld_init
 *fill*         0x08002acc        0x4 
 .text.pwm_lld_init
                0x08002ad0       0x5c build/obj/pwm_lld.o
                0x08002ad0                pwm_lld_init
 *fill*         0x08002b2c        0x4 
 .text.pwm_lld_serve_interrupt
                0x08002b30       0x5c build/obj/pwm_lld.o
                0x08002b30                pwm_lld_serve_interrupt
 *fill*         0x08002b8c        0x4 
 .text.VectorA4
                0x08002b90       0x14 build/obj/pwm_lld.o
                0x08002b90                VectorA4
 *fill*         0x08002ba4        0xc 
 .text.VectorAC
                0x08002bb0       0x14 build/obj/pwm_lld.o
                0x08002bb0                VectorAC
 *fill*         0x08002bc4        0xc 
 .text.VectorB0
                0x08002bd0       0x14 build/obj/pwm_lld.o
                0x08002bd0                VectorB0
 *fill*         0x08002be4        0xc 
 .text.VectorB4
                0x08002bf0       0x14 build/obj/pwm_lld.o
                0x08002bf0                VectorB4
 *fill*         0x08002c04        0xc 
 .text.VectorB8
                0x08002c10       0x14 build/obj/pwm_lld.o
                0x08002c10                VectorB8
 *fill*         0x08002c24        0xc 
 .text.notify4  0x08002c30       0x10 build/obj/serial_lld.o
 .text.Vector110
                0x08002c40      0x11c build/obj/serial_lld.o
                0x08002c40                Vector110
 *fill*         0x08002d5c        0x4 
 .text.sd_lld_init
                0x08002d60       0x24 build/obj/serial_lld.o
                0x08002d60                sd_lld_init
 *fill*         0x08002d84        0xc 
 .text.sd_lld_start
                0x08002d90       0x78 build/obj/serial_lld.o
                0x08002d90                sd_lld_start
 *fill*         0x08002e08        0x8 
 .text.usb_packet_write_from_buffer
                0x08002e10       0x58 build/obj/usb_lld.o
 *fill*         0x08002e68        0x8 
 .text.Vector90
                0x08002e70      0x25c build/obj/usb_lld.o
                0x08002e70                Vector90
 *fill*         0x080030cc        0x4 
 .text.usb_lld_init
                0x080030d0        0xc build/obj/usb_lld.o
                0x080030d0                usb_lld_init
 *fill*         0x080030dc        0x4 
 .text.usb_lld_set_address
                0x080030e0       0x14 build/obj/usb_lld.o
                0x080030e0                usb_lld_set_address
 *fill*         0x080030f4        0xc 
 .text.usb_lld_init_endpoint
                0x08003100       0xe0 build/obj/usb_lld.o
                0x08003100                usb_lld_init_endpoint
 .text.usb_lld_reset
                0x080031e0       0x44 build/obj/usb_lld.o
                0x080031e0                usb_lld_reset
 *fill*         0x08003224        0xc 
 .text.usb_lld_disable_endpoints
                0x08003230       0x34 build/obj/usb_lld.o
                0x08003230                usb_lld_disable_endpoints
 *fill*         0x08003264        0xc 
 .text.usb_lld_get_status_out
                0x08003270       0x1c build/obj/usb_lld.o
                0x08003270                usb_lld_get_status_out
 *fill*         0x0800328c        0x4 
 .text.usb_lld_get_status_in
                0x08003290       0x1c build/obj/usb_lld.o
                0x08003290                usb_lld_get_status_in
 *fill*         0x080032ac        0x4 
 .text.usb_lld_read_setup
                0x080032b0       0x34 build/obj/usb_lld.o
                0x080032b0                usb_lld_read_setup
 *fill*         0x080032e4        0xc 
 .text.usb_lld_start_out
                0x080032f0       0x44 build/obj/usb_lld.o
                0x080032f0                usb_lld_start_out
 *fill*         0x08003334        0xc 
 .text.usb_lld_start_in
                0x08003340       0x44 build/obj/usb_lld.o
                0x08003340                usb_lld_start_in
 *fill*         0x08003384        0xc 
 .text.usb_lld_stall_out
                0x08003390       0x24 build/obj/usb_lld.o
                0x08003390                usb_lld_stall_out
 *fill*         0x080033b4        0xc 
 .text.usb_lld_stall_in
                0x080033c0       0x24 build/obj/usb_lld.o
                0x080033c0                usb_lld_stall_in
 *fill*         0x080033e4        0xc 
 .text.usb_lld_clear_out
                0x080033f0       0x2c build/obj/usb_lld.o
                0x080033f0                usb_lld_clear_out
 *fill*         0x0800341c        0x4 
 .text.usb_lld_clear_in
                0x08003420       0x30 build/obj/usb_lld.o
                0x08003420                usb_lld_clear_in
 .text.__early_init
                0x08003450        0x4 build/obj/board.o
                0x08003450                __early_init
 *fill*         0x08003454        0xc 
 .text.boardInit
                0x08003460       0x10 build/obj/board.o
                0x08003460                boardInit
 .text.pwmOutputSettingsUpdate
                0x08003470       0x14 build/obj/pwmio.o
                0x08003470                pwmOutputSettingsUpdate
 *fill*         0x08003484        0xc 
 .text.mixedInputSettingsUpdate
                0x08003490        0x4 build/obj/pwmio.o
                0x08003490                mixedInputSettingsUpdate
 *fill*         0x08003494        0xc 
 .text.long_to_string_with_divisor
                0x080034a0       0x48 build/obj/chprintf.o
 *fill*         0x080034e8        0x8 
 .text.chvprintf
                0x080034f0      0x414 build/obj/chprintf.o
                0x080034f0                chvprintf
 *fill*         0x08003904        0xc 
 .text.chprintf
                0x08003910       0x20 build/obj/chprintf.o
                0x08003910                chprintf
 .text.flashUnlock.part.0
                0x08003930       0x24 build/obj/flash.o
 *fill*         0x08003954        0xc 
 .text.flashPageErase
                0x08003960       0x98 build/obj/flash.o
                0x08003960                flashPageErase
 *fill*         0x080039f8        0x8 
 .text.flashWrite
                0x08003a00      0x118 build/obj/flash.o
                0x08003a00                flashWrite
 *fill*         0x08003b18        0x8 
 .text.pidUpdateStruct
                0x08003b20       0x70 build/obj/attitude.o
 .text.pidSettingsUpdate
                0x08003b90       0x18 build/obj/attitude.o
                0x08003b90                pidSettingsUpdate
 *fill*         0x08003ba8        0x8 
 .text.inputModeSettingsUpdate
                0x08003bb0       0x20 build/obj/attitude.o
                0x08003bb0                inputModeSettingsUpdate
 .text.cfSettingsUpdate
                0x08003bd0       0x40 build/obj/attitude.o
                0x08003bd0                cfSettingsUpdate
 .text.BlinkerThread_A
                0x08003c10       0x1c build/obj/main.o
 *fill*         0x08003c2c        0x4 
 .text.BlinkerThread_B
                0x08003c30       0x38 build/obj/main.o
 *fill*         0x08003c68        0x8 
 .text.startup.main
                0x08003c70       0x88 build/obj/main.o
                0x08003c70                main
 *fill*         0x08003cf8        0x8 
 .text.imuCalibrationSet
                0x08003d00       0x14 build/obj/mpu6050.o
                0x08003d00                imuCalibrationSet
 *fill*         0x08003d14        0xc 
 .text.sensorSettingsUpdate
                0x08003d20       0x38 build/obj/mpu6050.o
                0x08003d20                sensorSettingsUpdate
 *fill*         0x08003d58        0x8 
 .text.telemetryGetCRC32Checksum
                0x08003d60       0x38 build/obj/telemetry.o
 *fill*         0x08003d98        0x8 
 .text.telemetrySendSerialData
                0x08003da0       0x2c build/obj/telemetry.o
 *fill*         0x08003dcc        0x4 
 .text.telemetryNegativeResponse.constprop.1
                0x08003dd0       0x20 build/obj/telemetry.o
 .text.telemetryPositiveResponse.constprop.2
                0x08003df0       0x20 build/obj/telemetry.o
 .text.telemetryReadSerialData
                0x08003e10      0x570 build/obj/telemetry.o
                0x08003e10                telemetryReadSerialData
 .text.saveSettings
                0x08004380      0x148 build/obj/storage.o
                0x08004380                saveSettings
 *fill*         0x080044c8        0x8 
 .text.memmove  0x080044d0       0xc8 /opt/stm32/gcc/gcc-arm-none-eabi-4_9-2015q2/bin/../lib/gcc/arm-none-eabi/4.9.3/../../../../arm-none-eabi/lib/armv7-m/libg.a(lib_a-memmove.o)
                0x080044d0                memmove
 *fill*         0x08004598        0x8 
 .text.memset   0x080045a0       0x9c /opt/stm32/gcc/gcc-arm-none-eabi-4_9-2015q2/bin/../lib/gcc/arm-none-eabi/4.9.3/../../../../arm-none-eabi/lib/armv7-m/libg.a(lib_a-memset.o)
                0x080045a0                memset
 *(.rodata)
 *(.rodata.*)
 *fill*         0x0800463c        0x4 
 .rodata.ram_areas
                0x08004640       0x80 build/obj/crt1.o
 .rodata.vmt    0x080046c0       0x20 build/obj/serial.o
 .rodata.zero_status
                0x080046e0        0x2 build/obj/usb.o
 *fill*         0x080046e2        0xe 
 .rodata.active_status
                0x080046f0        0x2 build/obj/usb.o
 *fill*         0x080046f2        0xe 
 .rodata.halted_status
                0x08004700        0x2 build/obj/usb.o
 *fill*         0x08004702        0xe 
 .rodata._stm32_dma_streams
                0x08004710       0xf0 build/obj/stm32_dma.o
                0x08004710                _stm32_dma_streams
 .rodata.default_config
                0x08004800        0xc build/obj/serial_lld.o
 *fill*         0x0800480c        0x4 
 .rodata.ep0config
                0x08004810       0x24 build/obj/usb_lld.o
 *fill*         0x08004834        0xc 
 .rodata.pal_default_config
                0x08004840       0x54 build/obj/board.o
                0x08004840                pal_default_config
 *fill*         0x08004894        0xc 
 .rodata.str1.4
                0x080048a0        0x7 build/obj/chprintf.o
 *fill*         0x080048a7        0x9 
 .rodata.pow10  0x080048b0       0x24 build/obj/chprintf.o
 *fill*         0x080048d4        0xc 
 .rodata.str1.4
                0x080048e0       0x10 build/obj/main.o
                                  0xd (size before relaxing)
 *(.glue_7t)
 .glue_7t       0x00000000        0x0 linker stubs
 *(.glue_7)
 .glue_7        0x00000000        0x0 linker stubs
 *(.gcc*)

.vfp11_veneer   0x080048f0        0x0
 .vfp11_veneer  0x00000000        0x0 linker stubs

.v4_bx          0x080048f0        0x0
 .v4_bx         0x00000000        0x0 linker stubs

.iplt           0x080048f0        0x0
 .iplt          0x00000000        0x0 build/obj/crt0_v7m.o

.rel.dyn        0x080048f0        0x0
 .rel.iplt      0x00000000        0x0 build/obj/crt0_v7m.o

.ARM.extab
 *(.ARM.extab* .gnu.linkonce.armextab.*)

.ARM.exidx      0x080048f0        0x0
                0x080048f0                __exidx_start = .
 *(.ARM.exidx* .gnu.linkonce.armexidx.*)
                0x080048f0                __exidx_end = .

.eh_frame_hdr
 *(.eh_frame_hdr)

.eh_frame
 *(.eh_frame)

.textalign      0x080048f0        0x0
                0x080048f0                . = ALIGN (0x8)
                0x080048f0                . = ALIGN (0x4)
                0x080048f0                PROVIDE (_etext, .)

.mstack         0x20000000      0x400
                0x20000000                . = ALIGN (0x8)
                0x20000000                __main_stack_base__ = .
                0x20000400                . = (. + __main_stack_size__)
 *fill*         0x20000000      0x400 
                0x20000400                . = ALIGN (0x8)
                0x20000400                __main_stack_end__ = .

.pstack         0x20000400      0x400
                0x20000400                __process_stack_base__ = .
                0x20000400                __main_thread_stack_base__ = .
                0x20000800                . = (. + __process_stack_size__)
 *fill*         0x20000400      0x400 
                0x20000800                . = ALIGN (0x8)
                0x20000800                __process_stack_end__ = .
                0x20000800                __main_thread_stack_end__ = .

.data           0x20000800       0xec load address 0x080048f0
                0x20000800                . = ALIGN (0x4)
                0x080048f0                PROVIDE (_textdata, LOADADDR (.data))
                0x20000800                PROVIDE (_data, .)
                0x080048f0                _textdata_start = LOADADDR (.data)
                0x20000800                _data_start = .
 *(.data)
 *(.data.*)
 .data.g_pwmOutput
                0x20000800        0xc build/obj/pwmio.o
                0x20000800                g_pwmOutput
 .data.g_mixedInput
                0x2000080c       0x15 build/obj/pwmio.o
                0x2000080c                g_mixedInput
 *fill*         0x20000821        0x3 
 .data.accel2Kp
                0x20000824        0x4 build/obj/attitude.o
 .data.g_cfSettings
                0x20000828        0x4 build/obj/attitude.o
                0x20000828                g_cfSettings
 .data.g_pidSettings
                0x2000082c        0x9 build/obj/attitude.o
                0x2000082c                g_pidSettings
 *fill*         0x20000835        0x3 
 .data.accel2Ki
                0x20000838        0x4 build/obj/attitude.o
 .data.g_modeSettings
                0x2000083c       0x18 build/obj/attitude.o
                0x2000083c                g_modeSettings
 .data.g_runMain
                0x20000854        0x1 build/obj/main.o
                0x20000854                g_runMain
 *fill*         0x20000855        0x3 
 .data.g_sensorSettings
                0x20000858        0x3 build/obj/mpu6050.o
                0x20000858                g_sensorSettings
 *fill*         0x2000085b        0x1 
 .data.msg      0x2000085c       0x88 build/obj/telemetry.o
 .data.msgPos   0x200008e4        0x4 build/obj/telemetry.o
 .data.bytesRequired
                0x200008e8        0x4 build/obj/telemetry.o
 *(.ramtext)
                0x200008ec                . = ALIGN (0x4)
                0x200008ec                PROVIDE (_edata, .)
                0x200008ec                _data_end = .

.igot.plt       0x200008ec        0x0 load address 0x080049dc
 .igot.plt      0x00000000        0x0 build/obj/crt0_v7m.o

.bss            0x200008f0      0x854 load address 0x080049dc
                0x200008f0                . = ALIGN (0x4)
                0x200008f0                _bss_start = .
 *(.bss)
 *(.bss.*)
 .bss.ch        0x200008f0      0x130 build/obj/chschd.o
                0x200008f0                ch
 .bss.endmem    0x20000a20        0x4 build/obj/chmemcore.o
 .bss.nextmem   0x20000a24        0x4 build/obj/chmemcore.o
 .bss.default_heap
                0x20000a28       0x20 build/obj/chheap.o
 .bss._stm32_dma_isr_redir
                0x20000a48       0x60 build/obj/stm32_dma.o
                0x20000a48                _stm32_dma_isr_redir
 .bss.dma_streams_mask
                0x20000aa8        0x4 build/obj/stm32_dma.o
 .bss.ADCD1     0x20000aac       0x20 build/obj/adc_lld.o
                0x20000aac                ADCD1
 .bss.I2CD2     0x20000acc       0x38 build/obj/i2c_lld.o
                0x20000acc                I2CD2
 .bss.PWMD1     0x20000b04       0x1c build/obj/pwm_lld.o
                0x20000b04                PWMD1
 .bss.PWMD2     0x20000b20       0x1c build/obj/pwm_lld.o
                0x20000b20                PWMD2
 .bss.PWMD3     0x20000b3c       0x1c build/obj/pwm_lld.o
                0x20000b3c                PWMD3
 .bss.PWMD4     0x20000b58       0x1c build/obj/pwm_lld.o
                0x20000b58                PWMD4
 .bss.SD4       0x20000b74      0x158 build/obj/serial_lld.o
                0x20000b74                SD4
 .bss.USBD1     0x20000ccc       0x88 build/obj/usb_lld.o
                0x20000ccc                USBD1
 .bss.ep0_state
                0x20000d54       0x10 build/obj/usb_lld.o
 .bss.ep0setup_buffer
                0x20000d64        0x8 build/obj/usb_lld.o
 .bss.g_inputValues
                0x20000d6c        0xa build/obj/pwmio.o
                0x20000d6c                g_inputValues
 *fill*         0x20000d76        0x2 
 .bss.PID       0x20000d78       0x48 build/obj/attitude.o
 .bss.g_motorOffset
                0x20000dc0        0xc build/obj/attitude.o
                0x20000dc0                g_motorOffset
 .bss.g_streamIdx
                0x20000dcc        0x1 build/obj/main.o
                0x20000dcc                g_streamIdx
 *fill*         0x20000dcd        0x3 
 .bss.g_boardStatus
                0x20000dd0        0x4 build/obj/main.o
                0x20000dd0                g_boardStatus
 .bss.g_i2cErrorInfo
                0x20000dd4        0x8 build/obj/main.o
                0x20000dd4                g_i2cErrorInfo
 .bss.g_streamDataID
                0x20000ddc        0x1 build/obj/main.o
                0x20000ddc                g_streamDataID
 *fill*         0x20000ddd        0x3 
 .bss.waBlinkerThread_B
                0x20000de0      0x100 build/obj/main.o
 .bss.waBlinkerThread_A
                0x20000ee0      0x100 build/obj/main.o
 .bss.led_b     0x20000fe0        0x1 build/obj/main.o
                0x20000fe0                led_b
 *fill*         0x20000fe1        0x3 
 .bss.g_IMU1    0x20000fe4       0x6c build/obj/mpu6050.o
                0x20000fe4                g_IMU1
 .bss.debugMsg  0x20001050       0x88 build/obj/telemetry.o
 .bss.g_chnp    0x200010d8        0x4 build/obj/telemetry.o
                0x200010d8                g_chnp
 .bss.paramsData
                0x200010dc       0x65 build/obj/storage.o
 *(COMMON)
                0x20001144                . = ALIGN (0x4)
 *fill*         0x20001141        0x3 
                0x20001144                _bss_end = .
                0x20001144                PROVIDE (end, .)

.ram0_init      0x20001144        0x0 load address 0x080049dc
                0x20001144                . = ALIGN (0x4)
                0x080049dc                __ram0_init_text__ = LOADADDR (.ram0_init)
                0x20001144                __ram0_init__ = .
 *(.ram0_init)
 *(.ram0_init.*)
                0x20001144                . = ALIGN (0x4)

.ram0           0x20001144        0x0 load address 0x080049dc
                0x20001144                . = ALIGN (0x4)
                0x20001144                __ram0_clear__ = .
 *(.ram0_clear)
 *(.ram0_clear.*)
                0x20001144                . = ALIGN (0x4)
                0x20001144                __ram0_noinit__ = .
 *(.ram0)
 *(.ram0.*)
                0x20001144                . = ALIGN (0x4)
                0x20001144                __ram0_free__ = .

.ram1_init      0x00000000        0x0 load address 0x080049dc
                0x00000000                . = ALIGN (0x4)
                0x080049dc                __ram1_init_text__ = LOADADDR (.ram1_init)
                0x00000000                __ram1_init__ = .
 *(.ram1_init)
 *(.ram1_init.*)
                0x00000000                . = ALIGN (0x4)

.ram1           0x00000000        0x0 load address 0x080049dc
                0x00000000                . = ALIGN (0x4)
                0x00000000                __ram1_clear__ = .
 *(.ram1_clear)
 *(.ram1_clear.*)
                0x00000000                . = ALIGN (0x4)
                0x00000000                __ram1_noinit__ = .
 *(.ram1)
 *(.ram1.*)
                0x00000000                . = ALIGN (0x4)
                0x00000000                __ram1_free__ = .

.ram2_init      0x00000000        0x0 load address 0x080049dc
                0x00000000                . = ALIGN (0x4)
                0x080049dc                __ram2_init_text__ = LOADADDR (.ram2_init)
                0x00000000                __ram2_init__ = .
 *(.ram2_init)
 *(.ram2_init.*)
                0x00000000                . = ALIGN (0x4)

.ram2           0x00000000        0x0 load address 0x080049dc
                0x00000000                . = ALIGN (0x4)
                0x00000000                __ram2_clear__ = .
 *(.ram2_clear)
 *(.ram2_clear.*)
                0x00000000                . = ALIGN (0x4)
                0x00000000                __ram2_noinit__ = .
 *(.ram2)
 *(.ram2.*)
                0x00000000                . = ALIGN (0x4)
                0x00000000                __ram2_free__ = .

.ram3_init      0x00000000        0x0 load address 0x080049dc
                0x00000000                . = ALIGN (0x4)
                0x080049dc                __ram3_init_text__ = LOADADDR (.ram3_init)
                0x00000000                __ram3_init__ = .
 *(.ram3_init)
 *(.ram3_init.*)
                0x00000000                . = ALIGN (0x4)

.ram3           0x00000000        0x0 load address 0x080049dc
                0x00000000                . = ALIGN (0x4)
                0x00000000                __ram3_clear__ = .
 *(.ram3_clear)
 *(.ram3_clear.*)
                0x00000000                . = ALIGN (0x4)
                0x00000000                __ram3_noinit__ = .
 *(.ram3)
 *(.ram3.*)
                0x00000000                . = ALIGN (0x4)
                0x00000000                __ram3_free__ = .

.ram4_init      0x00000000        0x0 load address 0x080049dc
                0x00000000                . = ALIGN (0x4)
                0x080049dc                __ram4_init_text__ = LOADADDR (.ram4_init)
                0x00000000                __ram4_init__ = .
 *(.ram4_init)
 *(.ram4_init.*)
                0x00000000                . = ALIGN (0x4)

.ram4           0x00000000        0x0 load address 0x080049dc
                0x00000000                . = ALIGN (0x4)
                0x00000000                __ram4_clear__ = .
 *(.ram4_clear)
 *(.ram4_clear.*)
                0x00000000                . = ALIGN (0x4)
                0x00000000                __ram4_noinit__ = .
 *(.ram4)
 *(.ram4.*)
                0x00000000                . = ALIGN (0x4)
                0x00000000                __ram4_free__ = .

.ram5_init      0x00000000        0x0 load address 0x080049dc
                0x00000000                . = ALIGN (0x4)
                0x080049dc                __ram5_init_text__ = LOADADDR (.ram5_init)
                0x00000000                __ram5_init__ = .
 *(.ram5_init)
 *(.ram5_init.*)
                0x00000000                . = ALIGN (0x4)

.ram5           0x00000000        0x0 load address 0x080049dc
                0x00000000                . = ALIGN (0x4)
                0x00000000                __ram5_clear__ = .
 *(.ram5_clear)
 *(.ram5_clear.*)
                0x00000000                . = ALIGN (0x4)
                0x00000000                __ram5_noinit__ = .
 *(.ram5)
 *(.ram5.*)
                0x00000000                . = ALIGN (0x4)
                0x00000000                __ram5_free__ = .

.ram6_init      0x00000000        0x0 load address 0x080049dc
                0x00000000                . = ALIGN (0x4)
                0x080049dc                __ram6_init_text__ = LOADADDR (.ram6_init)
                0x00000000                __ram6_init__ = .
 *(.ram6_init)
 *(.ram6_init.*)
                0x00000000                . = ALIGN (0x4)

.ram6           0x00000000        0x0 load address 0x080049dc
                0x00000000                . = ALIGN (0x4)
                0x00000000                __ram6_clear__ = .
 *(.ram6_clear)
 *(.ram6_clear.*)
                0x00000000                . = ALIGN (0x4)
                0x00000000                __ram6_noinit__ = .
 *(.ram6)
 *(.ram6.*)
                0x00000000                . = ALIGN (0x4)
                0x00000000                __ram6_free__ = .

.ram7_init      0x00000000        0x0 load address 0x080049dc
                0x00000000                . = ALIGN (0x4)
                0x080049dc                __ram7_init_text__ = LOADADDR (.ram7_init)
                0x00000000                __ram7_init__ = .
 *(.ram7_init)
 *(.ram7_init.*)
                0x00000000                . = ALIGN (0x4)

.ram7           0x00000000        0x0 load address 0x080049dc
                0x00000000                . = ALIGN (0x4)
                0x00000000                __ram7_clear__ = .
 *(.ram7_clear)
 *(.ram7_clear.*)
                0x00000000                . = ALIGN (0x4)
                0x00000000                __ram7_noinit__ = .
 *(.ram7)
 *(.ram7.*)
                0x00000000                . = ALIGN (0x4)
                0x00000000                __ram7_free__ = .

.heap           0x20001144     0xaebc
                0x20001148                . = ALIGN (0x8)
 *fill*         0x20001144        0x4 
                0x20001148                __heap_base__ = .
                0x2000c000                . = (ORIGIN (HEAP_RAM) + 0xc000)
 *fill*         0x20001148     0xaeb8 
                0x2000c000                __heap_end__ = .
                0x00000400                __process_stack_size__ = 0x400
                0x00000400                __main_stack_size__ = 0x400
LOAD /opt/stm32/gcc/gcc-arm-none-eabi-4_9-2015q2/bin/../lib/gcc/arm-none-eabi/4.9.3/../../../../arm-none-eabi/lib/armv7-m/libm.a
START GROUP
LOAD /opt/stm32/gcc/gcc-arm-none-eabi-4_9-2015q2/bin/../lib/gcc/arm-none-eabi/4.9.3/armv7-m/libgcc.a
LOAD /opt/stm32/gcc/gcc-arm-none-eabi-4_9-2015q2/bin/../lib/gcc/arm-none-eabi/4.9.3/../../../../arm-none-eabi/lib/armv7-m/libg.a
LOAD /opt/stm32/gcc/gcc-arm-none-eabi-4_9-2015q2/bin/../lib/gcc/arm-none-eabi/4.9.3/../../../../arm-none-eabi/lib/armv7-m/libc.a
END GROUP
OUTPUT(build/evvgc_plus.elf elf32-littlearm)

.ARM.attributes
                0x00000000       0x2f
 .ARM.attributes
                0x00000000       0x21 build/obj/crt0_v7m.o
 .ARM.attributes
                0x00000021       0x21 build/obj/chcoreasm_v7m.o
 .ARM.attributes
                0x00000042       0x33 build/obj/crt1.o
 .ARM.attributes
                0x00000075       0x33 build/obj/vectors.o
 .ARM.attributes
                0x000000a8       0x33 build/obj/chsys.o
 .ARM.attributes
                0x000000db       0x33 build/obj/chvt.o
 .ARM.attributes
                0x0000010e       0x33 build/obj/chschd.o
 .ARM.attributes
                0x00000141       0x33 build/obj/chthreads.o
 .ARM.attributes
                0x00000174       0x33 build/obj/chtm.o
 .ARM.attributes
                0x000001a7       0x33 build/obj/chmtx.o
 .ARM.attributes
                0x000001da       0x33 build/obj/chevents.o
 .ARM.attributes
                0x0000020d       0x33 build/obj/chqueues.o
 .ARM.attributes
                0x00000240       0x33 build/obj/chmemcore.o
 .ARM.attributes
                0x00000273       0x33 build/obj/chheap.o
 .ARM.attributes
                0x000002a6       0x33 build/obj/chcore_v7m.o
 .ARM.attributes
                0x000002d9       0x33 build/obj/hal.o
 .ARM.attributes
                0x0000030c       0x33 build/obj/st.o
 .ARM.attributes
                0x0000033f       0x33 build/obj/adc.o
 .ARM.attributes
                0x00000372       0x33 build/obj/i2c.o
 .ARM.attributes
                0x000003a5       0x33 build/obj/pwm.o
 .ARM.attributes
                0x000003d8       0x33 build/obj/serial.o
 .ARM.attributes
                0x0000040b       0x33 build/obj/serial_usb.o
 .ARM.attributes
                0x0000043e       0x33 build/obj/usb.o
 .ARM.attributes
                0x00000471       0x33 build/obj/nvic.o
 .ARM.attributes
                0x000004a4       0x33 build/obj/hal_lld.o
 .ARM.attributes
                0x000004d7       0x33 build/obj/stm32_dma.o
 .ARM.attributes
                0x0000050a       0x33 build/obj/st_lld.o
 .ARM.attributes
                0x0000053d       0x33 build/obj/adc_lld.o
 .ARM.attributes
                0x00000570       0x33 build/obj/pal_lld.o
 .ARM.attributes
                0x000005a3       0x33 build/obj/i2c_lld.o
 .ARM.attributes
                0x000005d6       0x33 build/obj/pwm_lld.o
 .ARM.attributes
                0x00000609       0x33 build/obj/serial_lld.o
 .ARM.attributes
                0x0000063c       0x33 build/obj/usb_lld.o
 .ARM.attributes
                0x0000066f       0x33 build/obj/board.o
 .ARM.attributes
                0x000006a2       0x33 build/obj/pwmio.o
 .ARM.attributes
                0x000006d5       0x33 build/obj/chprintf.o
 .ARM.attributes
                0x00000708       0x33 build/obj/flash.o
 .ARM.attributes
                0x0000073b       0x33 build/obj/attitude.o
 .ARM.attributes
                0x0000076e       0x33 build/obj/main.o
 .ARM.attributes
                0x000007a1       0x33 build/obj/mpu6050.o
 .ARM.attributes
                0x000007d4       0x33 build/obj/telemetry.o
 .ARM.attributes
                0x00000807       0x33 build/obj/storage.o
 .ARM.attributes
                0x0000083a       0x1d /opt/stm32/gcc/gcc-arm-none-eabi-4_9-2015q2/bin/../lib/gcc/arm-none-eabi/4.9.3/armv7-m/libgcc.a(_arm_addsubdf3.o)
 .ARM.attributes
                0x00000857       0x1d /opt/stm32/gcc/gcc-arm-none-eabi-4_9-2015q2/bin/../lib/gcc/arm-none-eabi/4.9.3/armv7-m/libgcc.a(_arm_muldivdf3.o)
 .ARM.attributes
                0x00000874       0x1d /opt/stm32/gcc/gcc-arm-none-eabi-4_9-2015q2/bin/../lib/gcc/arm-none-eabi/4.9.3/armv7-m/libgcc.a(_arm_fixdfsi.o)
 .ARM.attributes
                0x00000891       0x1d /opt/stm32/gcc/gcc-arm-none-eabi-4_9-2015q2/bin/../lib/gcc/arm-none-eabi/4.9.3/armv7-m/libgcc.a(_arm_truncdfsf2.o)
 .ARM.attributes
                0x000008ae       0x1d /opt/stm32/gcc/gcc-arm-none-eabi-4_9-2015q2/bin/../lib/gcc/arm-none-eabi/4.9.3/armv7-m/libgcc.a(_arm_addsubsf3.o)
 .ARM.attributes
                0x000008cb       0x1d /opt/stm32/gcc/gcc-arm-none-eabi-4_9-2015q2/bin/../lib/gcc/arm-none-eabi/4.9.3/armv7-m/libgcc.a(_arm_muldivsf3.o)
 .ARM.attributes
                0x000008e8       0x1d /opt/stm32/gcc/gcc-arm-none-eabi-4_9-2015q2/bin/../lib/gcc/arm-none-eabi/4.9.3/armv7-m/libgcc.a(_arm_cmpsf2.o)
 .ARM.attributes
                0x00000905       0x1d /opt/stm32/gcc/gcc-arm-none-eabi-4_9-2015q2/bin/../lib/gcc/arm-none-eabi/4.9.3/armv7-m/libgcc.a(_arm_fixsfsi.o)
 .ARM.attributes
                0x00000922       0x1b /opt/stm32/gcc/gcc-arm-none-eabi-4_9-2015q2/bin/../lib/gcc/arm-none-eabi/4.9.3/../../../../arm-none-eabi/lib/armv7-m/libg.a(lib_a-memcpy.o)
 .ARM.attributes
                0x0000093d       0x2d /opt/stm32/gcc/gcc-arm-none-eabi-4_9-2015q2/bin/../lib/gcc/arm-none-eabi/4.9.3/../../../../arm-none-eabi/lib/armv7-m/libg.a(lib_a-memmove.o)
 .ARM.attributes
                0x0000096a       0x2d /opt/stm32/gcc/gcc-arm-none-eabi-4_9-2015q2/bin/../lib/gcc/arm-none-eabi/4.9.3/../../../../arm-none-eabi/lib/armv7-m/libg.a(lib_a-memset.o)

.comment        0x00000000       0x70
 .comment       0x00000000       0x70 build/obj/crt1.o
                                 0x71 (size before relaxing)
 .comment       0x00000000       0x71 build/obj/vectors.o
 .comment       0x00000000       0x71 build/obj/chsys.o
 .comment       0x00000000       0x71 build/obj/chvt.o
 .comment       0x00000000       0x71 build/obj/chschd.o
 .comment       0x00000000       0x71 build/obj/chthreads.o
 .comment       0x00000000       0x71 build/obj/chtm.o
 .comment       0x00000000       0x71 build/obj/chmtx.o
 .comment       0x00000000       0x71 build/obj/chevents.o
 .comment       0x00000000       0x71 build/obj/chqueues.o
 .comment       0x00000000       0x71 build/obj/chmemcore.o
 .comment       0x00000000       0x71 build/obj/chheap.o
 .comment       0x00000000       0x71 build/obj/chcore_v7m.o
 .comment       0x00000000       0x71 build/obj/hal.o
 .comment       0x00000000       0x71 build/obj/st.o
 .comment       0x00000000       0x71 build/obj/adc.o
 .comment       0x00000000       0x71 build/obj/i2c.o
 .comment       0x00000000       0x71 build/obj/pwm.o
 .comment       0x00000000       0x71 build/obj/serial.o
 .comment       0x00000000       0x71 build/obj/serial_usb.o
 .comment       0x00000000       0x71 build/obj/usb.o
 .comment       0x00000000       0x71 build/obj/nvic.o
 .comment       0x00000000       0x71 build/obj/hal_lld.o
 .comment       0x00000000       0x71 build/obj/stm32_dma.o
 .comment       0x00000000       0x71 build/obj/st_lld.o
 .comment       0x00000000       0x71 build/obj/adc_lld.o
 .comment       0x00000000       0x71 build/obj/pal_lld.o
 .comment       0x00000000       0x71 build/obj/i2c_lld.o
 .comment       0x00000000       0x71 build/obj/pwm_lld.o
 .comment       0x00000000       0x71 build/obj/serial_lld.o
 .comment       0x00000000       0x71 build/obj/usb_lld.o
 .comment       0x00000000       0x71 build/obj/board.o
 .comment       0x00000000       0x71 build/obj/pwmio.o
 .comment       0x00000000       0x71 build/obj/chprintf.o
 .comment       0x00000000       0x71 build/obj/flash.o
 .comment       0x00000000       0x71 build/obj/attitude.o
 .comment       0x00000000       0x71 build/obj/main.o
 .comment       0x00000000       0x71 build/obj/mpu6050.o
 .comment       0x00000000       0x71 build/obj/telemetry.o
 .comment       0x00000000       0x71 build/obj/storage.o

.debug_info     0x00000000    0x26dd0
 .debug_info    0x00000000      0x315 build/obj/crt1.o
 .debug_info    0x00000315      0x1e3 build/obj/vectors.o
 .debug_info    0x000004f8     0x14a8 build/obj/chsys.o
 .debug_info    0x000019a0      0x6e8 build/obj/chvt.o
 .debug_info    0x00002088      0xd78 build/obj/chschd.o
 .debug_info    0x00002e00     0x1a31 build/obj/chthreads.o
 .debug_info    0x00004831      0x997 build/obj/chtm.o
 .debug_info    0x000051c8      0xfca build/obj/chmtx.o
 .debug_info    0x00006192     0x1584 build/obj/chevents.o
 .debug_info    0x00007716     0x1157 build/obj/chqueues.o
 .debug_info    0x0000886d      0x832 build/obj/chmemcore.o
 .debug_info    0x0000909f      0x996 build/obj/chheap.o
 .debug_info    0x00009a35      0xa2f build/obj/chcore_v7m.o
 .debug_info    0x0000a464      0x797 build/obj/hal.o
 .debug_info    0x0000abfb      0x8d0 build/obj/st.o
 .debug_info    0x0000b4cb     0x1086 build/obj/adc.o
 .debug_info    0x0000c551     0x112f build/obj/i2c.o
 .debug_info    0x0000d680     0x1391 build/obj/pwm.o
 .debug_info    0x0000ea11     0x16b4 build/obj/serial.o
 .debug_info    0x000100c5     0x1e96 build/obj/serial_usb.o
 .debug_info    0x00011f5b     0x1e25 build/obj/usb.o
 .debug_info    0x00013d80      0x9a8 build/obj/nvic.o
 .debug_info    0x00014728      0x9d6 build/obj/hal_lld.o
 .debug_info    0x000150fe      0xcca build/obj/stm32_dma.o
 .debug_info    0x00015dc8      0x817 build/obj/st_lld.o
 .debug_info    0x000165df      0xdd2 build/obj/adc_lld.o
 .debug_info    0x000173b1      0x8d2 build/obj/pal_lld.o
 .debug_info    0x00017c83     0x1ba1 build/obj/i2c_lld.o
 .debug_info    0x00019824      0xe82 build/obj/pwm_lld.o
 .debug_info    0x0001a6a6     0x132b build/obj/serial_lld.o
 .debug_info    0x0001b9d1     0x15a3 build/obj/usb_lld.o
 .debug_info    0x0001cf74      0x780 build/obj/board.o
 .debug_info    0x0001d6f4     0x1510 build/obj/pwmio.o
 .debug_info    0x0001ec04      0xce0 build/obj/chprintf.o
 .debug_info    0x0001f8e4      0xd14 build/obj/flash.o
 .debug_info    0x000205f8     0x10b9 build/obj/attitude.o
 .debug_info    0x000216b1     0x1cb9 build/obj/main.o
 .debug_info    0x0002336a     0x13bf build/obj/mpu6050.o
 .debug_info    0x00024729     0x1979 build/obj/telemetry.o
 .debug_info    0x000260a2      0xd2e build/obj/storage.o

.debug_abbrev   0x00000000     0x78b8
 .debug_abbrev  0x00000000       0xf5 build/obj/crt1.o
 .debug_abbrev  0x000000f5       0xc5 build/obj/vectors.o
 .debug_abbrev  0x000001ba      0x4cd build/obj/chsys.o
 .debug_abbrev  0x00000687      0x1af build/obj/chvt.o
 .debug_abbrev  0x00000836      0x3e5 build/obj/chschd.o
 .debug_abbrev  0x00000c1b      0x473 build/obj/chthreads.o
 .debug_abbrev  0x0000108e      0x275 build/obj/chtm.o
 .debug_abbrev  0x00001303      0x3d0 build/obj/chmtx.o
 .debug_abbrev  0x000016d3      0x3b6 build/obj/chevents.o
 .debug_abbrev  0x00001a89      0x3b7 build/obj/chqueues.o
 .debug_abbrev  0x00001e40      0x280 build/obj/chmemcore.o
 .debug_abbrev  0x000020c0      0x290 build/obj/chheap.o
 .debug_abbrev  0x00002350      0x228 build/obj/chcore_v7m.o
 .debug_abbrev  0x00002578      0x19e build/obj/hal.o
 .debug_abbrev  0x00002716      0x215 build/obj/st.o
 .debug_abbrev  0x0000292b      0x2df build/obj/adc.o
 .debug_abbrev  0x00002c0a      0x343 build/obj/i2c.o
 .debug_abbrev  0x00002f4d      0x2d7 build/obj/pwm.o
 .debug_abbrev  0x00003224      0x423 build/obj/serial.o
 .debug_abbrev  0x00003647      0x534 build/obj/serial_usb.o
 .debug_abbrev  0x00003b7b      0x3e2 build/obj/usb.o
 .debug_abbrev  0x00003f5d      0x1b8 build/obj/nvic.o
 .debug_abbrev  0x00004115      0x210 build/obj/hal_lld.o
 .debug_abbrev  0x00004325      0x2b8 build/obj/stm32_dma.o
 .debug_abbrev  0x000045dd      0x220 build/obj/st_lld.o
 .debug_abbrev  0x000047fd      0x2dd build/obj/adc_lld.o
 .debug_abbrev  0x00004ada      0x197 build/obj/pal_lld.o
 .debug_abbrev  0x00004c71      0x40c build/obj/i2c_lld.o
 .debug_abbrev  0x0000507d      0x27d build/obj/pwm_lld.o
 .debug_abbrev  0x000052fa      0x3ce build/obj/serial_lld.o
 .debug_abbrev  0x000056c8      0x45b build/obj/usb_lld.o
 .debug_abbrev  0x00005b23      0x1a5 build/obj/board.o
 .debug_abbrev  0x00005cc8      0x407 build/obj/pwmio.o
 .debug_abbrev  0x000060cf      0x33a build/obj/chprintf.o
 .debug_abbrev  0x00006409      0x365 build/obj/flash.o
 .debug_abbrev  0x0000676e      0x396 build/obj/attitude.o
 .debug_abbrev  0x00006b04      0x36c build/obj/main.o
 .debug_abbrev  0x00006e70      0x353 build/obj/mpu6050.o
 .debug_abbrev  0x000071c3      0x495 build/obj/telemetry.o
 .debug_abbrev  0x00007658      0x260 build/obj/storage.o

.debug_loc      0x00000000     0x90c5
 .debug_loc     0x00000000       0x84 build/obj/crt1.o
 .debug_loc     0x00000084      0x278 build/obj/chsys.o
 .debug_loc     0x000002fc       0xaa build/obj/chvt.o
 .debug_loc     0x000003a6      0x31f build/obj/chschd.o
 .debug_loc     0x000006c5      0xa13 build/obj/chthreads.o
 .debug_loc     0x000010d8       0xa1 build/obj/chtm.o
 .debug_loc     0x00001179      0x5f7 build/obj/chmtx.o
 .debug_loc     0x00001770      0x612 build/obj/chevents.o
 .debug_loc     0x00001d82      0x470 build/obj/chqueues.o
 .debug_loc     0x000021f2       0xb0 build/obj/chmemcore.o
 .debug_loc     0x000022a2      0x387 build/obj/chheap.o
 .debug_loc     0x00002629       0xc1 build/obj/chcore_v7m.o
 .debug_loc     0x000026ea      0x23b build/obj/adc.o
 .debug_loc     0x00002925      0x29a build/obj/i2c.o
 .debug_loc     0x00002bbf      0x1c8 build/obj/pwm.o
 .debug_loc     0x00002d87      0x6a2 build/obj/serial.o
 .debug_loc     0x00003429      0x9eb build/obj/serial_usb.o
 .debug_loc     0x00003e14      0xa8d build/obj/usb.o
 .debug_loc     0x000048a1       0xff build/obj/nvic.o
 .debug_loc     0x000049a0       0x74 build/obj/hal_lld.o
 .debug_loc     0x00004a14      0x253 build/obj/stm32_dma.o
 .debug_loc     0x00004c67      0x38a build/obj/adc_lld.o
 .debug_loc     0x00004ff1       0xf0 build/obj/pal_lld.o
 .debug_loc     0x000050e1      0x9d1 build/obj/i2c_lld.o
 .debug_loc     0x00005ab2      0x2d9 build/obj/pwm_lld.o
 .debug_loc     0x00005d8b      0x3a8 build/obj/serial_lld.o
 .debug_loc     0x00006133      0x7ff build/obj/usb_lld.o
 .debug_loc     0x00006932      0x2c0 build/obj/pwmio.o
 .debug_loc     0x00006bf2      0xab1 build/obj/chprintf.o
 .debug_loc     0x000076a3      0x997 build/obj/flash.o
 .debug_loc     0x0000803a      0xa24 build/obj/attitude.o
 .debug_loc     0x00008a5e       0x6a build/obj/main.o
 .debug_loc     0x00008ac8      0x348 build/obj/mpu6050.o
 .debug_loc     0x00008e10      0x2b5 build/obj/telemetry.o

.debug_aranges  0x00000000      0xe28
 .debug_aranges
                0x00000000       0x40 build/obj/crt1.o
 .debug_aranges
                0x00000040       0x20 build/obj/vectors.o
 .debug_aranges
                0x00000060       0x60 build/obj/chsys.o
 .debug_aranges
                0x000000c0       0x30 build/obj/chvt.o
 .debug_aranges
                0x000000f0       0x70 build/obj/chschd.o
 .debug_aranges
                0x00000160       0xc0 build/obj/chthreads.o
 .debug_aranges
                0x00000220       0x40 build/obj/chtm.o
 .debug_aranges
                0x00000260       0x58 build/obj/chmtx.o
 .debug_aranges
                0x000002b8       0xa0 build/obj/chevents.o
 .debug_aranges
                0x00000358       0x68 build/obj/chqueues.o
 .debug_aranges
                0x000003c0       0x38 build/obj/chmemcore.o
 .debug_aranges
                0x000003f8       0x40 build/obj/chheap.o
 .debug_aranges
                0x00000438       0x28 build/obj/chcore_v7m.o
 .debug_aranges
                0x00000460       0x20 build/obj/hal.o
 .debug_aranges
                0x00000480       0x40 build/obj/st.o
 .debug_aranges
                0x000004c0       0x58 build/obj/adc.o
 .debug_aranges
                0x00000518       0x60 build/obj/i2c.o
 .debug_aranges
                0x00000578       0x70 build/obj/pwm.o
 .debug_aranges
                0x000005e8       0x98 build/obj/serial.o
 .debug_aranges
                0x00000680       0xc8 build/obj/serial_usb.o
 .debug_aranges
                0x00000748       0xa0 build/obj/usb.o
 .debug_aranges
                0x000007e8       0x38 build/obj/nvic.o
 .debug_aranges
                0x00000820       0x30 build/obj/hal_lld.o
 .debug_aranges
                0x00000850       0x80 build/obj/stm32_dma.o
 .debug_aranges
                0x000008d0       0x28 build/obj/st_lld.o
 .debug_aranges
                0x000008f8       0x48 build/obj/adc_lld.o
 .debug_aranges
                0x00000940       0x28 build/obj/pal_lld.o
 .debug_aranges
                0x00000968       0x60 build/obj/i2c_lld.o
 .debug_aranges
                0x000009c8       0x90 build/obj/pwm_lld.o
 .debug_aranges
                0x00000a58       0x40 build/obj/serial_lld.o
 .debug_aranges
                0x00000a98       0xa8 build/obj/usb_lld.o
 .debug_aranges
                0x00000b40       0x28 build/obj/board.o
 .debug_aranges
                0x00000b68       0x90 build/obj/pwmio.o
 .debug_aranges
                0x00000bf8       0x38 build/obj/chprintf.o
 .debug_aranges
                0x00000c30       0x68 build/obj/flash.o
 .debug_aranges
                0x00000c98       0x88 build/obj/attitude.o
 .debug_aranges
                0x00000d20       0x30 build/obj/main.o
 .debug_aranges
                0x00000d50       0x58 build/obj/mpu6050.o
 .debug_aranges
                0x00000da8       0x58 build/obj/telemetry.o
 .debug_aranges
                0x00000e00       0x28 build/obj/storage.o

.debug_ranges   0x00000000     0x1be0
 .debug_ranges  0x00000000       0x30 build/obj/crt1.o
 .debug_ranges  0x00000030       0x10 build/obj/vectors.o
 .debug_ranges  0x00000040      0x148 build/obj/chsys.o
 .debug_ranges  0x00000188       0x20 build/obj/chvt.o
 .debug_ranges  0x000001a8      0x198 build/obj/chschd.o
 .debug_ranges  0x00000340      0x268 build/obj/chthreads.o
 .debug_ranges  0x000005a8       0xd0 build/obj/chtm.o
 .debug_ranges  0x00000678      0x1c8 build/obj/chmtx.o
 .debug_ranges  0x00000840      0x108 build/obj/chevents.o
 .debug_ranges  0x00000948      0x138 build/obj/chqueues.o
 .debug_ranges  0x00000a80       0x28 build/obj/chmemcore.o
 .debug_ranges  0x00000aa8       0x30 build/obj/chheap.o
 .debug_ranges  0x00000ad8       0x18 build/obj/chcore_v7m.o
 .debug_ranges  0x00000af0       0x10 build/obj/hal.o
 .debug_ranges  0x00000b00       0x30 build/obj/st.o
 .debug_ranges  0x00000b30       0x78 build/obj/adc.o
 .debug_ranges  0x00000ba8       0x80 build/obj/i2c.o
 .debug_ranges  0x00000c28       0xa8 build/obj/pwm.o
 .debug_ranges  0x00000cd0      0x100 build/obj/serial.o
 .debug_ranges  0x00000dd0       0xd0 build/obj/serial_usb.o
 .debug_ranges  0x00000ea0       0xc0 build/obj/usb.o
 .debug_ranges  0x00000f60       0x28 build/obj/nvic.o
 .debug_ranges  0x00000f88       0x38 build/obj/hal_lld.o
 .debug_ranges  0x00000fc0      0x130 build/obj/stm32_dma.o
 .debug_ranges  0x000010f0       0x18 build/obj/st_lld.o
 .debug_ranges  0x00001108       0xb8 build/obj/adc_lld.o
 .debug_ranges  0x000011c0       0x18 build/obj/pal_lld.o
 .debug_ranges  0x000011d8      0x1d0 build/obj/i2c_lld.o
 .debug_ranges  0x000013a8       0x80 build/obj/pwm_lld.o
 .debug_ranges  0x00001428       0xc0 build/obj/serial_lld.o
 .debug_ranges  0x000014e8      0x178 build/obj/usb_lld.o
 .debug_ranges  0x00001660       0x18 build/obj/board.o
 .debug_ranges  0x00001678       0xe0 build/obj/pwmio.o
 .debug_ranges  0x00001758       0x60 build/obj/chprintf.o
 .debug_ranges  0x000017b8      0x1b0 build/obj/flash.o
 .debug_ranges  0x00001968       0xc8 build/obj/attitude.o
 .debug_ranges  0x00001a30       0x38 build/obj/main.o
 .debug_ranges  0x00001a68       0x48 build/obj/mpu6050.o
 .debug_ranges  0x00001ab0       0xd8 build/obj/telemetry.o
 .debug_ranges  0x00001b88       0x58 build/obj/storage.o

.debug_line     0x00000000     0xbbff
 .debug_line    0x00000000      0x1bd build/obj/crt1.o
 .debug_line    0x000001bd      0x17c build/obj/vectors.o
 .debug_line    0x00000339      0x52a build/obj/chsys.o
 .debug_line    0x00000863      0x2a3 build/obj/chvt.o
 .debug_line    0x00000b06      0x50a build/obj/chschd.o
 .debug_line    0x00001010      0x715 build/obj/chthreads.o
 .debug_line    0x00001725      0x336 build/obj/chtm.o
 .debug_line    0x00001a5b      0x4de build/obj/chmtx.o
 .debug_line    0x00001f39      0x572 build/obj/chevents.o
 .debug_line    0x000024ab      0x527 build/obj/chqueues.o
 .debug_line    0x000029d2      0x323 build/obj/chmemcore.o
 .debug_line    0x00002cf5      0x38f build/obj/chheap.o
 .debug_line    0x00003084      0x291 build/obj/chcore_v7m.o
 .debug_line    0x00003315      0x3b1 build/obj/hal.o
 .debug_line    0x000036c6      0x2fe build/obj/st.o
 .debug_line    0x000039c4      0x4f8 build/obj/adc.o
 .debug_line    0x00003ebc      0x518 build/obj/i2c.o
 .debug_line    0x000043d4      0x49e build/obj/pwm.o
 .debug_line    0x00004872      0x596 build/obj/serial.o
 .debug_line    0x00004e08      0x637 build/obj/serial_usb.o
 .debug_line    0x0000543f      0x76f build/obj/usb.o
 .debug_line    0x00005bae      0x29f build/obj/nvic.o
 .debug_line    0x00005e4d      0x3da build/obj/hal_lld.o
 .debug_line    0x00006227      0x558 build/obj/stm32_dma.o
 .debug_line    0x0000677f      0x320 build/obj/st_lld.o
 .debug_line    0x00006a9f      0x49f build/obj/adc_lld.o
 .debug_line    0x00006f3e      0x325 build/obj/pal_lld.o
 .debug_line    0x00007263      0x76b build/obj/i2c_lld.o
 .debug_line    0x000079ce      0x5a1 build/obj/pwm_lld.o
 .debug_line    0x00007f6f      0x533 build/obj/serial_lld.o
 .debug_line    0x000084a2      0x648 build/obj/usb_lld.o
 .debug_line    0x00008aea      0x378 build/obj/board.o
 .debug_line    0x00008e62      0x6fb build/obj/pwmio.o
 .debug_line    0x0000955d      0x465 build/obj/chprintf.o
 .debug_line    0x000099c2      0x507 build/obj/flash.o
 .debug_line    0x00009ec9      0x6ae build/obj/attitude.o
 .debug_line    0x0000a577      0x63f build/obj/main.o
 .debug_line    0x0000abb6      0x5e0 build/obj/mpu6050.o
 .debug_line    0x0000b196      0x6ac build/obj/telemetry.o
 .debug_line    0x0000b842      0x3bd build/obj/storage.o

.debug_str      0x00000000     0x46d9
 .debug_str     0x00000000      0x419 build/obj/crt1.o
                                0x472 (size before relaxing)
 .debug_str     0x00000419      0x16d build/obj/vectors.o
                                0x30f (size before relaxing)
 .debug_str     0x00000586      0xb77 build/obj/chsys.o
                                0xd6f (size before relaxing)
 .debug_str     0x000010fd       0x52 build/obj/chvt.o
                                0x548 (size before relaxing)
 .debug_str     0x0000114f      0x13a build/obj/chschd.o
                                0x6f5 (size before relaxing)
 .debug_str     0x00001289      0x22d build/obj/chthreads.o
                                0x831 (size before relaxing)
 .debug_str     0x000014b6       0xca build/obj/chtm.o
                                0x686 (size before relaxing)
 .debug_str     0x00001580       0xbc build/obj/chmtx.o
                                0x656 (size before relaxing)
 .debug_str     0x0000163c      0x203 build/obj/chevents.o
                                0x783 (size before relaxing)
 .debug_str     0x0000183f      0x17b build/obj/chqueues.o
                                0x70e (size before relaxing)
 .debug_str     0x000019ba       0x86 build/obj/chmemcore.o
                                0x5c4 (size before relaxing)
 .debug_str     0x00001a40       0xc8 build/obj/chheap.o
                                0x5fc (size before relaxing)
 .debug_str     0x00001b08       0x9b build/obj/chcore_v7m.o
                                0x650 (size before relaxing)
 .debug_str     0x00001ba3       0xfa build/obj/hal.o
                                0x5de (size before relaxing)
 .debug_str     0x00001c9d       0xf2 build/obj/st.o
                                0x5eb (size before relaxing)
 .debug_str     0x00001d8f      0x304 build/obj/adc.o
                                0x85d (size before relaxing)
 .debug_str     0x00002093      0x2c2 build/obj/i2c.o
                                0x8d3 (size before relaxing)
 .debug_str     0x00002355      0x294 build/obj/pwm.o
                                0x850 (size before relaxing)
 .debug_str     0x000025e9      0x1a8 build/obj/serial.o
                                0x8e7 (size before relaxing)
 .debug_str     0x00002791      0x689 build/obj/serial_usb.o
                                0xdb6 (size before relaxing)
 .debug_str     0x00002e1a      0x293 build/obj/usb.o
                                0xc2a (size before relaxing)
 .debug_str     0x000030ad       0x8f build/obj/nvic.o
                                0x640 (size before relaxing)
 .debug_str     0x0000313c      0x15a build/obj/hal_lld.o
                                0x6e3 (size before relaxing)
 .debug_str     0x00003296       0xd6 build/obj/stm32_dma.o
                                0x735 (size before relaxing)
 .debug_str     0x0000336c       0x7e build/obj/st_lld.o
                                0x654 (size before relaxing)
 .debug_str     0x000033ea       0x6f build/obj/adc_lld.o
                                0x874 (size before relaxing)
 .debug_str     0x00003459       0x9e build/obj/pal_lld.o
                                0x62e (size before relaxing)
 .debug_str     0x000034f7      0x18b build/obj/i2c_lld.o
                                0xeb4 (size before relaxing)
 .debug_str     0x00003682       0xa5 build/obj/pwm_lld.o
                                0x826 (size before relaxing)
 .debug_str     0x00003727       0x7c build/obj/serial_lld.o
                                0x8d6 (size before relaxing)
 .debug_str     0x000037a3      0x16a build/obj/usb_lld.o
                                0xbf6 (size before relaxing)
 .debug_str     0x0000390d       0x94 build/obj/board.o
                                0x612 (size before relaxing)
 .debug_str     0x000039a1      0x29c build/obj/pwmio.o
                                0xa1a (size before relaxing)
 .debug_str     0x00003c3d      0x15d build/obj/chprintf.o
                                0x6d5 (size before relaxing)
 .debug_str     0x00003d9a      0x179 build/obj/flash.o
                                0x700 (size before relaxing)
 .debug_str     0x00003f13      0x2e0 build/obj/attitude.o
                                0x967 (size before relaxing)
 .debug_str     0x000041f3      0x224 build/obj/main.o
                               0x115a (size before relaxing)
 .debug_str     0x00004417       0xe6 build/obj/mpu6050.o
                                0xb60 (size before relaxing)
 .debug_str     0x000044fd      0x195 build/obj/telemetry.o
                                0xcc8 (size before relaxing)
 .debug_str     0x00004692       0x47 build/obj/storage.o
                                0x91b (size before relaxing)

.debug_frame    0x00000000     0x2ad0
 .debug_frame   0x00000000       0x7c build/obj/crt1.o
 .debug_frame   0x0000007c       0x20 build/obj/vectors.o
 .debug_frame   0x0000009c       0xf8 build/obj/chsys.o
 .debug_frame   0x00000194       0x60 build/obj/chvt.o
 .debug_frame   0x000001f4      0x168 build/obj/chschd.o
 .debug_frame   0x0000035c      0x268 build/obj/chthreads.o
 .debug_frame   0x000005c4       0xa0 build/obj/chtm.o
 .debug_frame   0x00000664      0x100 build/obj/chmtx.o
 .debug_frame   0x00000764      0x1e4 build/obj/chevents.o
 .debug_frame   0x00000948      0x15c build/obj/chqueues.o
 .debug_frame   0x00000aa4       0x68 build/obj/chmemcore.o
 .debug_frame   0x00000b0c       0xc0 build/obj/chheap.o
 .debug_frame   0x00000bcc       0x3c build/obj/chcore_v7m.o
 .debug_frame   0x00000c08       0x30 build/obj/hal.o
 .debug_frame   0x00000c38       0x60 build/obj/st.o
 .debug_frame   0x00000c98       0xe8 build/obj/adc.o
 .debug_frame   0x00000d80       0xe8 build/obj/i2c.o
 .debug_frame   0x00000e68      0x134 build/obj/pwm.o
 .debug_frame   0x00000f9c      0x168 build/obj/serial.o
 .debug_frame   0x00001104      0x238 build/obj/serial_usb.o
 .debug_frame   0x0000133c      0x238 build/obj/usb.o
 .debug_frame   0x00001574       0x68 build/obj/nvic.o
 .debug_frame   0x000015dc       0x68 build/obj/hal_lld.o
 .debug_frame   0x00001644      0x1b8 build/obj/stm32_dma.o
 .debug_frame   0x000017fc       0x40 build/obj/st_lld.o
 .debug_frame   0x0000183c      0x118 build/obj/adc_lld.o
 .debug_frame   0x00001954       0x60 build/obj/pal_lld.o
 .debug_frame   0x000019b4      0x1d4 build/obj/i2c_lld.o
 .debug_frame   0x00001b88      0x1a4 build/obj/pwm_lld.o
 .debug_frame   0x00001d2c       0xa8 build/obj/serial_lld.o
 .debug_frame   0x00001dd4      0x1f8 build/obj/usb_lld.o
 .debug_frame   0x00001fcc       0x30 build/obj/board.o
 .debug_frame   0x00001ffc      0x1f8 build/obj/pwmio.o
 .debug_frame   0x000021f4      0x100 build/obj/chprintf.o
 .debug_frame   0x000022f4      0x18c build/obj/flash.o
 .debug_frame   0x00002480      0x278 build/obj/attitude.o
 .debug_frame   0x000026f8       0x78 build/obj/main.o
 .debug_frame   0x00002770      0x14c build/obj/mpu6050.o
 .debug_frame   0x000028bc      0x138 build/obj/telemetry.o
 .debug_frame   0x000029f4       0x78 build/obj/storage.o
 .debug_frame   0x00002a6c       0x30 /opt/stm32/gcc/gcc-arm-none-eabi-4_9-2015q2/bin/../lib/gcc/arm-none-eabi/4.9.3/../../../../arm-none-eabi/lib/armv7-m/libg.a(lib_a-memmove.o)
 .debug_frame   0x00002a9c       0x34 /opt/stm32/gcc/gcc-arm-none-eabi-4_9-2015q2/bin/../lib/gcc/arm-none-eabi/4.9.3/../../../../arm-none-eabi/lib/armv7-m/libg.a(lib_a-memset.o)

Cross Reference Table

Symbol                                            File
ADCD1                                             build/obj/adc_lld.o
BusFault_Handler                                  build/obj/vectors.o
DebugMon_Handler                                  build/obj/vectors.o
HardFault_Handler                                 build/obj/vectors.o
I2CD2                                             build/obj/i2c_lld.o
                                                  build/obj/mpu6050.o
MemManage_Handler                                 build/obj/vectors.o
NMI_Handler                                       build/obj/vectors.o
PWMD1                                             build/obj/pwm_lld.o
                                                  build/obj/pwmio.o
PWMD2                                             build/obj/pwm_lld.o
                                                  build/obj/pwmio.o
PWMD3                                             build/obj/pwm_lld.o
                                                  build/obj/pwmio.o
PWMD4                                             build/obj/pwm_lld.o
                                                  build/obj/pwmio.o
PendSV_Handler                                    build/obj/vectors.o
Reset_Handler                                     build/obj/crt0_v7m.o
                                                  build/obj/vectors.o
SD4                                               build/obj/serial_lld.o
                                                  build/obj/mavlink_handler.o
                                                  build/obj/mpu6050.o
                                                  build/obj/main.o
SDU1                                              build/obj/usbcfg.o
SVC_Handler                                       build/obj/chcore_v7m.o
                                                  build/obj/vectors.o
SysTick_Handler                                   build/obj/st_lld.o
                                                  build/obj/vectors.o
SystemCoreClock                                   build/obj/hal_lld.o
TestThread                                        build/obj/test.o
USBD1                                             build/obj/usb_lld.o
                                                  build/obj/usbcfg.o
UsageFault_Handler                                build/obj/vectors.o
Vector100                                         build/obj/vectors.o
Vector104                                         build/obj/vectors.o
Vector108                                         build/obj/vectors.o
Vector10C                                         build/obj/vectors.o
Vector110                                         build/obj/serial_lld.o
                                                  build/obj/vectors.o
Vector114                                         build/obj/vectors.o
Vector118                                         build/obj/vectors.o
Vector11C                                         build/obj/vectors.o
Vector120                                         build/obj/stm32_dma.o
                                                  build/obj/vectors.o
Vector124                                         build/obj/stm32_dma.o
                                                  build/obj/vectors.o
Vector128                                         build/obj/stm32_dma.o
                                                  build/obj/vectors.o
Vector12C                                         build/obj/hal_lld.o
                                                  build/obj/vectors.o
Vector130                                         build/obj/vectors.o
Vector134                                         build/obj/vectors.o
Vector138                                         build/obj/vectors.o
Vector13C                                         build/obj/vectors.o
Vector140                                         build/obj/vectors.o
Vector144                                         build/obj/vectors.o
Vector148                                         build/obj/vectors.o
Vector14C                                         build/obj/vectors.o
Vector150                                         build/obj/vectors.o
Vector154                                         build/obj/vectors.o
Vector158                                         build/obj/vectors.o
Vector15C                                         build/obj/vectors.o
Vector1C                                          build/obj/vectors.o
Vector20                                          build/obj/vectors.o
Vector24                                          build/obj/vectors.o
Vector28                                          build/obj/vectors.o
Vector34                                          build/obj/vectors.o
Vector40                                          build/obj/vectors.o
Vector44                                          build/obj/vectors.o
Vector48                                          build/obj/vectors.o
Vector4C                                          build/obj/vectors.o
Vector50                                          build/obj/vectors.o
Vector54                                          build/obj/vectors.o
Vector58                                          build/obj/vectors.o
Vector5C                                          build/obj/vectors.o
Vector60                                          build/obj/vectors.o
Vector64                                          build/obj/vectors.o
Vector68                                          build/obj/vectors.o
Vector6C                                          build/obj/stm32_dma.o
                                                  build/obj/vectors.o
Vector70                                          build/obj/stm32_dma.o
                                                  build/obj/vectors.o
Vector74                                          build/obj/stm32_dma.o
                                                  build/obj/vectors.o
Vector78                                          build/obj/stm32_dma.o
                                                  build/obj/vectors.o
Vector7C                                          build/obj/stm32_dma.o
                                                  build/obj/vectors.o
Vector80                                          build/obj/stm32_dma.o
                                                  build/obj/vectors.o
Vector84                                          build/obj/stm32_dma.o
                                                  build/obj/vectors.o
Vector88                                          build/obj/vectors.o
Vector8C                                          build/obj/vectors.o
Vector90                                          build/obj/usb_lld.o
                                                  build/obj/vectors.o
Vector94                                          build/obj/vectors.o
Vector98                                          build/obj/vectors.o
Vector9C                                          build/obj/vectors.o
VectorA0                                          build/obj/vectors.o
VectorA4                                          build/obj/pwm_lld.o
                                                  build/obj/vectors.o
VectorA8                                          build/obj/vectors.o
VectorAC                                          build/obj/pwm_lld.o
                                                  build/obj/vectors.o
VectorB0                                          build/obj/pwm_lld.o
                                                  build/obj/vectors.o
VectorB4                                          build/obj/pwm_lld.o
                                                  build/obj/vectors.o
VectorB8                                          build/obj/pwm_lld.o
                                                  build/obj/vectors.o
VectorBC                                          build/obj/vectors.o
VectorC0                                          build/obj/vectors.o
VectorC4                                          build/obj/i2c_lld.o
                                                  build/obj/vectors.o
VectorC8                                          build/obj/i2c_lld.o
                                                  build/obj/vectors.o
VectorCC                                          build/obj/vectors.o
VectorD0                                          build/obj/vectors.o
VectorD4                                          build/obj/vectors.o
VectorD8                                          build/obj/vectors.o
VectorDC                                          build/obj/vectors.o
VectorE0                                          build/obj/vectors.o
VectorE4                                          build/obj/vectors.o
VectorE8                                          build/obj/vectors.o
VectorEC                                          build/obj/vectors.o
VectorF0                                          build/obj/vectors.o
VectorF4                                          build/obj/vectors.o
VectorF8                                          build/obj/vectors.o
VectorFC                                          build/obj/vectors.o
__adddf3                                          /opt/stm32/gcc/gcc-arm-none-eabi-4_9-2015q2/bin/../lib/gcc/arm-none-eabi/4.9.3/armv7-m/libgcc.a(_arm_addsubdf3.o)
__addsf3                                          /opt/stm32/gcc/gcc-arm-none-eabi-4_9-2015q2/bin/../lib/gcc/arm-none-eabi/4.9.3/armv7-m/libgcc.a(_arm_addsubsf3.o)
__aeabi_cdcmpeq                                   /opt/stm32/gcc/gcc-arm-none-eabi-4_9-2015q2/bin/../lib/gcc/arm-none-eabi/4.9.3/armv7-m/libgcc.a(_arm_cmpdf2.o)
__aeabi_cdcmple                                   /opt/stm32/gcc/gcc-arm-none-eabi-4_9-2015q2/bin/../lib/gcc/arm-none-eabi/4.9.3/armv7-m/libgcc.a(_arm_cmpdf2.o)